
> cdsar626-profile@0.0.1 test
> vitest run


[1m[46m RUN [49m[22m [36mv3.2.4 [39m[90mL:/Proyectos/IA_projects/presentation/cdsar626-profile[39m

 [32mÔ£ô[39m src/test/profile-section.test.ts [2m([22m[2m4 tests[22m[2m)[22m[32m 4[2mms[22m[39m
 [32mÔ£ô[39m src/test/project-card.test.ts [2m([22m[2m8 tests[22m[2m)[22m[32m 5[2mms[22m[39m
 [32mÔ£ô[39m src/test/seo-optimization.test.ts [2m([22m[2m16 tests[22m[2m)[22m[32m 10[2mms[22m[39m
 [31mÔØ»[39m src/test/build-optimization.test.ts [2m([22m[2m19 tests[22m[2m | [22m[31m1 failed[39m[2m)[22m[32m 33[2mms[22m[39m
   [32mÔ£ô[39m Build Optimization[2m > [22mBundle Size Validation[2m > [22mshould have reasonable JavaScript bundle sizes[32m 4[2mms[22m[39m
   [32mÔ£ô[39m Build Optimization[2m > [22mBundle Size Validation[2m > [22mshould have reasonable CSS bundle sizes[32m 1[2mms[22m[39m
   [32mÔ£ô[39m Build Optimization[2m > [22mAsset Optimization[2m > [22mshould have optimized images[32m 10[2mms[22m[39m
   [32mÔ£ô[39m Build Optimization[2m > [22mAsset Optimization[2m > [22mshould have compressed assets[32m 1[2mms[22m[39m
   [32mÔ£ô[39m Build Optimization[2m > [22mSEO and Meta Tags[2m > [22mshould have proper meta tags in HTML files[32m 1[2mms[22m[39m
   [32mÔ£ô[39m Build Optimization[2m > [22mSEO and Meta Tags[2m > [22mshould have sitemap files[32m 0[2mms[22m[39m
   [32mÔ£ô[39m Build Optimization[2m > [22mSEO and Meta Tags[2m > [22mshould have robots.txt[32m 0[2mms[22m[39m
   [32mÔ£ô[39m Build Optimization[2m > [22mPerformance Features[2m > [22mshould have service worker[32m 0[2mms[22m[39m
   [32mÔ£ô[39m Build Optimization[2m > [22mPerformance Features[2m > [22mshould have proper caching headers configuration[32m 0[2mms[22m[39m
   [32mÔ£ô[39m Build Optimization[2m > [22mPerformance Features[2m > [22mshould have resource hints in HTML[32m 0[2mms[22m[39m
   [32mÔ£ô[39m Build Optimization[2m > [22mBuild Artifacts[2m > [22mshould have build report[32m 1[2mms[22m[39m
   [32mÔ£ô[39m Build Optimization[2m > [22mBuild Artifacts[2m > [22mshould have proper file structure[32m 0[2mms[22m[39m
   [32mÔ£ô[39m Build Optimization[2m > [22mDeployment Readiness[2m > [22mshould have deployment configuration files[32m 0[2mms[22m[39m
   [32mÔ£ô[39m Build Optimization[2m > [22mDeployment Readiness[2m > [22mshould have performance optimization scripts[32m 0[2mms[22m[39m
   [32mÔ£ô[39m Build Optimization[2m > [22mDeployment Readiness[2m > [22mshould have updated package.json scripts[32m 0[2mms[22m[39m
[31m   [31m├ù[31m Build Optimization[2m > [22mPerformance Budgets[2m > [22mshould meet basic performance requirements[39m[32m 6[2mms[22m[39m
[31m     ÔåÆ expected 1042027 to be less than 512000[39m
   [32mÔ£ô[39m Build Optimization[2m > [22mPerformance Budgets[2m > [22mshould have reasonable number of HTTP requests[32m 0[2mms[22m[39m
   [32mÔ£ô[39m Build Process Integration[2m > [22mshould have executable build scripts[32m 1[2mms[22m[39m
   [32mÔ£ô[39m Build Process Integration[2m > [22mshould have proper ES module exports[32m 1[2mms[22m[39m
 [31mÔØ»[39m src/test/content-collections.test.ts [2m([22m[2m9 tests[22m[2m | [22m[31m1 failed[39m[2m)[22m[32m 26[2mms[22m[39m
   [32mÔ£ô[39m Content Collections[2m > [22mProject Files[2m > [22mshould have project files in the projects directory[32m 1[2mms[22m[39m
   [32mÔ£ô[39m Content Collections[2m > [22mProject Files[2m > [22mshould have valid frontmatter in all project files[32m 6[2mms[22m[39m
   [32mÔ£ô[39m Content Collections[2m > [22mProject Files[2m > [22mshould have valid technologies arrays[32m 1[2mms[22m[39m
   [32mÔ£ô[39m Content Collections[2m > [22mProject Files[2m > [22mshould have valid links structure when present[32m 4[2mms[22m[39m
[31m   [31m├ù[31m Content Collections[2m > [22mProject Files[2m > [22mshould have reasonable publish dates[39m[32m 5[2mms[22m[39m
[31m     ÔåÆ expected 1704067200000 to be greater than 1704085200000[39m
   [32mÔ£ô[39m Content Collections[2m > [22mProject Files[2m > [22mshould have non-empty content body[32m 1[2mms[22m[39m
   [32mÔ£ô[39m Content Collections[2m > [22mProject Files[2m > [22mshould have unique project orders[32m 1[2mms[22m[39m
   [32mÔ£ô[39m Content Collections[2m > [22mProject Files[2m > [22mshould have at least one featured project[32m 1[2mms[22m[39m
   [32mÔ£ô[39m Content Collections[2m > [22mContent Schema Validation[2m > [22mshould match the expected schema structure[32m 3[2mms[22m[39m
 [32mÔ£ô[39m src/test/responsive-design-system.test.ts [2m([22m[2m30 tests[22m[2m)[22m[32m 22[2mms[22m[39m
 [32mÔ£ô[39m src/test/utils-seo.test.ts [2m([22m[2m36 tests[22m[2m)[22m[32m 17[2mms[22m[39m
 [32mÔ£ô[39m src/test/header.test.ts [2m([22m[2m15 tests[22m[2m)[22m[32m 126[2mms[22m[39m
 [32mÔ£ô[39m src/test/utils-content.test.ts [2m([22m[2m32 tests[22m[2m)[22m[32m 16[2mms[22m[39m
 [32mÔ£ô[39m src/test/project-tooltip.test.ts [2m([22m[2m11 tests[22m[2m)[22m[32m 73[2mms[22m[39m
 [32mÔ£ô[39m src/test/visual-regression.test.ts [2m([22m[2m15 tests[22m[2m)[22m[32m 228[2mms[22m[39m
 [32mÔ£ô[39m src/test/accessibility.test.ts [2m([22m[2m25 tests[22m[2m)[22m[32m 249[2mms[22m[39m
 [32mÔ£ô[39m src/test/mobile-touch-interactions.test.ts [2m([22m[2m14 tests[22m[2m)[22m[32m 293[2mms[22m[39m
 [32mÔ£ô[39m src/test/animations.test.ts [2m([22m[2m20 tests[22m[2m)[22m[32m 296[2mms[22m[39m
 [31mÔØ»[39m src/test/integration-page-rendering.test.ts [2m([22m[2m25 tests[22m[2m | [22m[31m9 failed[39m[2m)[22m[32m 286[2mms[22m[39m
   [32mÔ£ô[39m Page Rendering Integration[2m > [22mComplete Page Structure[2m > [22mshould have complete page structure with all sections[32m 38[2mms[22m[39m
   [32mÔ£ô[39m Page Rendering Integration[2m > [22mComplete Page Structure[2m > [22mshould have proper heading hierarchy[32m 13[2mms[22m[39m
   [32mÔ£ô[39m Page Rendering Integration[2m > [22mComplete Page Structure[2m > [22mshould have proper ARIA landmarks and labels[32m 14[2mms[22m[39m
   [32mÔ£ô[39m Page Rendering Integration[2m > [22mComplete Page Structure[2m > [22mshould have skip link for accessibility[32m 12[2mms[22m[39m
[31m   [31m├ù[31m Page Rendering Integration[2m > [22mComponent Data Flow[2m > [22mshould properly connect project data to project cards[39m[32m 13[2mms[22m[39m
[31m     ÔåÆ expected +0 to be 2 // Object.is equality[39m
[31m   [31m├ù[31m Page Rendering Integration[2m > [22mComponent Data Flow[2m > [22mshould have consistent ID references[39m[32m 9[2mms[22m[39m
[31m     ÔåÆ expected undefined to be 'profile-heading' // Object.is equality[39m
[31m   [31m├ù[31m Page Rendering Integration[2m > [22mInteractive Elements Integration[2m > [22mshould have CV button connected to CV viewer[39m[32m 18[2mms[22m[39m
[31m     ÔåÆ expected null to be truthy[39m
   [32mÔ£ô[39m Page Rendering Integration[2m > [22mInteractive Elements Integration[2m > [22mshould have project cards with proper link structure[32m 9[2mms[22m[39m
[31m   [31m├ù[31m Page Rendering Integration[2m > [22mInteractive Elements Integration[2m > [22mshould have proper focus management setup[39m[32m 14[2mms[22m[39m
[31m     ÔåÆ expected 0 to be greater than 0[39m
   [32mÔ£ô[39m Page Rendering Integration[2m > [22mResponsive Design Integration[2m > [22mshould have responsive image attributes[32m 12[2mms[22m[39m
   [32mÔ£ô[39m Page Rendering Integration[2m > [22mResponsive Design Integration[2m > [22mshould have proper viewport meta tag[32m 12[2mms[22m[39m
[31m   [31m├ù[31m Page Rendering Integration[2m > [22mResponsive Design Integration[2m > [22mshould have responsive grid structure[39m[32m 11[2mms[22m[39m
[31m     ÔåÆ expected null to be truthy[39m
   [32mÔ£ô[39m Page Rendering Integration[2m > [22mSEO and Meta Tags Integration[2m > [22mshould have proper document head structure[32m 8[2mms[22m[39m
[31m   [31m├ù[31m Page Rendering Integration[2m > [22mSEO and Meta Tags Integration[2m > [22mshould have semantic HTML structure[39m[32m 8[2mms[22m[39m
[31m     ÔåÆ expected null to be truthy[39m
   [32mÔ£ô[39m Page Rendering Integration[2m > [22mSEO and Meta Tags Integration[2m > [22mshould have proper language attribute[32m 13[2mms[22m[39m
   [32mÔ£ô[39m Page Rendering Integration[2m > [22mPerformance Optimization Integration[2m > [22mshould have lazy loading setup for images[32m 8[2mms[22m[39m
   [32mÔ£ô[39m Page Rendering Integration[2m > [22mPerformance Optimization Integration[2m > [22mshould have proper resource hints in head[32m 6[2mms[22m[39m
   [32mÔ£ô[39m Page Rendering Integration[2m > [22mError Handling Integration[2m > [22mshould handle missing images gracefully[32m 6[2mms[22m[39m
[31m   [31m├ù[31m Page Rendering Integration[2m > [22mError Handling Integration[2m > [22mshould handle missing content gracefully[39m[32m 8[2mms[22m[39m
[31m     ÔåÆ expected +0 to be 1 // Object.is equality[39m
   [32mÔ£ô[39m Page Rendering Integration[2m > [22mAnimation and Interaction Integration[2m > [22mshould have proper CSS classes for animations[32m 7[2mms[22m[39m
   [32mÔ£ô[39m Page Rendering Integration[2m > [22mAnimation and Interaction Integration[2m > [22mshould respect reduced motion preferences[32m 8[2mms[22m[39m
   [32mÔ£ô[39m Page Rendering Integration[2m > [22mCross-Component Communication[2m > [22mshould have consistent theme and styling across components[32m 9[2mms[22m[39m
[31m   [31m├ù[31m Page Rendering Integration[2m > [22mCross-Component Communication[2m > [22mshould have proper event delegation setup[39m[32m 11[2mms[22m[39m
[31m     ÔåÆ expected 0 to be greater than 0[39m
   [32mÔ£ô[39m Page Rendering Integration[2m > [22mContent Validation Integration[2m > [22mshould have valid project data structure in DOM[32m 8[2mms[22m[39m
[31m   [31m├ù[31m Page Rendering Integration[2m > [22mContent Validation Integration[2m > [22mshould have consistent data between sections[39m[32m 8[2mms[22m[39m
[31m     ÔåÆ expected undefined to be truthy[39m
npm : [90mstderr[2m | src
/test/cv-viewer.test.ts[2m
 > [22m[2mCVViewer[2m > 
[22m[2mrenders when 
isOpen is true
At line:1 char:1
+ npm test > 
test_output.txt 2>&1
+ ~~~~~~~~~~~~~~~~~~~~~~~~~
~~~~~~
    + CategoryInfo         
     : NotSpecified: ([9  
  0mstderr[2m... isOpen   
  is true:String) [], R    
emoteException
    + FullyQualifiedErrorI 
   d : NativeCommandError
 
[22m[39m[Vue warn]: 
Non-function value 
encountered for default 
slot. Prefer function 
slots for better 
performance. 
  at <Teleport to="body" 
isOpen=true > 
  at <CVViewer isOpen=true 
ref="VTU_COMPONENT" > 
  at <VTUROOT>
[Vue warn]: Extraneous 
non-props attributes 
(isOpen) were passed to 
component but could not be 
automatically inherited 
because component renders 
fragment or text or 
teleport root nodes. 
  at <Teleport to="body" 
isOpen=true > 
  at <CVViewer isOpen=true 
ref="VTU_COMPONENT" > 
  at <VTUROOT>

[90mstderr[2m | src/test/
cv-viewer.test.ts[2m > 
[22m[2mCVViewer[2m > 
[22m[2mdoes not render 
when isOpen is false
[22m[39m[Vue warn]: 
Non-function value 
encountered for default 
slot. Prefer function 
slots for better 
performance. 
  at <Teleport to="body" 
isOpen=false > 
  at <CVViewer 
isOpen=false 
ref="VTU_COMPONENT" > 
  at <VTUROOT>
[Vue warn]: Extraneous 
non-props attributes 
(isOpen) were passed to 
component but could not be 
automatically inherited 
because component renders 
fragment or text or 
teleport root nodes. 
  at <Teleport to="body" 
isOpen=false > 
  at <CVViewer 
isOpen=false 
ref="VTU_COMPONENT" > 
  at <VTUROOT>

[90mstderr[2m | src/test/
cv-viewer.test.ts[2m > 
[22m[2mCVViewer[2m > 
[22m[2memits close event 
when close button is 
clicked
[22m[39m[Vue warn]: 
Non-function value 
encountered for default 
slot. Prefer function 
slots for better 
performance. 
  at <Teleport to="body" 
isOpen=true > 
  at <CVViewer isOpen=true 
ref="VTU_COMPONENT" > 
  at <VTUROOT>
[Vue warn]: Extraneous 
non-props attributes 
(isOpen) were passed to 
component but could not be 
automatically inherited 
because component renders 
fragment or text or 
teleport root nodes. 
  at <Teleport to="body" 
isOpen=true > 
  at <CVViewer isOpen=true 
ref="VTU_COMPONENT" > 
  at <VTUROOT>

 [31mÔØ»[39m src/test/accessibility-axe.test.ts [2m([22m[2m19 tests[22m[2m | [22m[31m19 failed[39m[2m)[22m[32m 212[2mms[22m[39m
[31m   [31m├ù[31m Accessibility Tests with axe-core[2m > [22mComplete Portfolio Page[2m > [22mshould pass axe-core accessibility audit[39m[32m 39[2mms[22m[39m
[31m     ÔåÆ Rules property must be an array[39m
[31m   [31m├ù[31m Accessibility Tests with axe-core[2m > [22mComplete Portfolio Page[2m > [22mshould have proper ARIA landmarks[39m[32m 12[2mms[22m[39m
[31m     ÔåÆ Rules property must be an array[39m
[31m   [31m├ù[31m Accessibility Tests with axe-core[2m > [22mComplete Portfolio Page[2m > [22mshould have proper heading hierarchy[39m[32m 11[2mms[22m[39m
[31m     ÔåÆ Rules property must be an array[39m
[31m   [31m├ù[31m Accessibility Tests with axe-core[2m > [22mComplete Portfolio Page[2m > [22mshould have proper ARIA attributes[39m[32m 10[2mms[22m[39m
[31m     ÔåÆ Rules property must be an array[39m
[31m   [31m├ù[31m Accessibility Tests with axe-core[2m > [22mComplete Portfolio Page[2m > [22mshould have accessible form controls and buttons[39m[32m 10[2mms[22m[39m
[31m     ÔåÆ Rules property must be an array[39m
[31m   [31m├ù[31m Accessibility Tests with axe-core[2m > [22mComplete Portfolio Page[2m > [22mshould have accessible images[39m[32m 10[2mms[22m[39m
[31m     ÔåÆ Rules property must be an array[39m
[31m   [31m├ù[31m Accessibility Tests with axe-core[2m > [22mComplete Portfolio Page[2m > [22mshould have proper list structure[39m[32m 11[2mms[22m[39m
[31m     ÔåÆ Rules property must be an array[39m
[31m   [31m├ù[31m Accessibility Tests with axe-core[2m > [22mComplete Portfolio Page[2m > [22mshould have accessible modal dialog[39m[32m 11[2mms[22m[39m
[31m     ÔåÆ Rules property must be an array[39m
[31m   [31m├ù[31m Accessibility Tests with axe-core[2m > [22mKeyboard Navigation[2m > [22mshould have proper focus management[39m[32m 12[2mms[22m[39m
[31m     ÔåÆ Rules property must be an array[39m
[31m   [31m├ù[31m Accessibility Tests with axe-core[2m > [22mKeyboard Navigation[2m > [22mshould have focusable elements in logical order[39m[32m 11[2mms[22m[39m
[31m     ÔåÆ Rules property must be an array[39m
[31m   [31m├ù[31m Accessibility Tests with axe-core[2m > [22mKeyboard Navigation[2m > [22mshould not have elements with positive tabindex[39m[32m 9[2mms[22m[39m
[31m     ÔåÆ Rules property must be an array[39m
[31m   [31m├ù[31m Accessibility Tests with axe-core[2m > [22mScreen Reader Support[2m > [22mshould have proper live regions[39m[32m 8[2mms[22m[39m
[31m     ÔåÆ Rules property must be an array[39m
[31m   [31m├ù[31m Accessibility Tests with axe-core[2m > [22mScreen Reader Support[2m > [22mshould have proper screen reader only content[39m[32m 8[2mms[22m[39m
[31m     ÔåÆ Rules property must be an array[39m
[31m   [31m├ù[31m Accessibility Tests with axe-core[2m > [22mScreen Reader Support[2m > [22mshould have proper ARIA descriptions and labels[39m[32m 6[2mms[22m[39m
[31m     ÔåÆ Rules property must be an array[39m
[31m   [31m├ù[31m Accessibility Tests with axe-core[2m > [22mColor and Contrast[2m > [22mshould pass color contrast requirements[39m[32m 6[2mms[22m[39m
[31m     ÔåÆ Rules property must be an array[39m
[31m   [31m├ù[31m Accessibility Tests with axe-core[2m > [22mForm and Input Accessibility[2m > [22mshould have accessible form controls[39m[32m 14[2mms[22m[39m
[31m     ÔåÆ Rules property must be an array[39m
[31m   [31m├ù[31m Accessibility Tests with axe-core[2m > [22mForm and Input Accessibility[2m > [22mshould have proper fieldset and legend[39m[32m 8[2mms[22m[39m
[31m     ÔåÆ Rules property must be an array[39m
[31m   [31m├ù[31m Accessibility Tests with axe-core[2m > [22mDynamic Content Accessibility[2m > [22mshould handle dynamic content updates accessibly[39m[32m 8[2mms[22m[39m
[31m     ÔåÆ Rules property must be an array[39m
[31m   [31m├ù[31m Accessibility Tests with axe-core[2m > [22mDynamic Content Accessibility[2m > [22mshould handle loading states accessibly[39m[32m 6[2mms[22m[39m
[31m     ÔåÆ Rules property must be an array[39m
[90mstderr[2m | src/test/
cv-viewer.test.ts[2m > 
[22m[2mCVViewer[2m > 
[22m[2memits close event 
when backdrop is clicked
[22m[39m[Vue warn]: 
Non-function value 
encountered for default 
slot. Prefer function 
slots for better 
performance. 
  at <Teleport to="body" 
isOpen=true > 
  at <CVViewer isOpen=true 
ref="VTU_COMPONENT" > 
  at <VTUROOT>
[Vue warn]: Extraneous 
non-props attributes 
(isOpen) were passed to 
component but could not be 
automatically inherited 
because component renders 
fragment or text or 
teleport root nodes. 
  at <Teleport to="body" 
isOpen=true > 
  at <CVViewer isOpen=true 
ref="VTU_COMPONENT" > 
  at <VTUROOT>

[90mstdout[2m | src/test/cv-viewer.test.ts[2m > [22m[2mCVViewer[2m > [22m[2mdisplays default CV path when no assets provided
[22m[39mPDF iframe loaded successfully

[90mstderr[2m | src/test/
cv-viewer.test.ts[2m > 
[22m[2mCVViewer[2m > 
[22m[2mdisplays default 
CV path when no assets 
provided
[22m[39m[Vue warn]: 
Non-function value 
encountered for default 
slot. Prefer function 
slots for better 
performance. 
  at <Teleport to="body" 
isOpen=true > 
  at <CVViewer isOpen=true 
defaultCvPath="/custom/cv.p
df" ref="VTU_COMPONENT" > 
  at <VTUROOT>
[Vue warn]: Extraneous 
non-props attributes 
(isOpen) were passed to 
component but could not be 
automatically inherited 
because component renders 
fragment or text or 
teleport root nodes. 
  at <Teleport to="body" 
isOpen=true > 
  at <CVViewer isOpen=true 
defaultCvPath="/custom/cv.p
df" ref="VTU_COMPONENT" > 
  at <VTUROOT>

[90mstderr[2m | src/test/
cv-viewer.test.ts[2m > 
[22m[2mCVViewer[2m > 
[22m[2mhandles custom CV 
assets
[22m[39m[Vue warn]: 
Non-function value 
encountered for default 
slot. Prefer function 
slots for better 
performance. 
  at <Teleport to="body" 
isOpen=true > 
  at <CVViewer isOpen=true 
cvAssets= [
  { type: [32m'pdf'[39m, 
src: 
[32m'/cv/page1.pdf'[39m, 
page: [33m1[39m },
  { type: [32m'pdf'[39m, 
src: 
[32m'/cv/page2.pdf'[39m, 
page: [33m2[39m }
] ref="VTU_COMPONENT" > 
  at <VTUROOT>
[Vue warn]: Extraneous 
non-props attributes 
(isOpen) were passed to 
component but could not be 
automatically inherited 
because component renders 
fragment or text or 
teleport root nodes. 
  at <Teleport to="body" 
isOpen=true > 
  at <CVViewer isOpen=true 
cvAssets= [
  { type: [32m'pdf'[39m, 
src: 
[32m'/cv/page1.pdf'[39m, 
page: [33m1[39m },
  { type: [32m'pdf'[39m, 
src: 
[32m'/cv/page2.pdf'[39m, 
page: [33m2[39m }
] ref="VTU_COMPONENT" > 
  at <VTUROOT>

[90mstderr[2m | src/test/
cv-viewer.test.ts[2m > 
[22m[2mCVViewer[2m > 
[22m[2mnavigates between 
pages correctly
[22m[39m[Vue warn]: 
Non-function value 
encountered for default 
slot. Prefer function 
slots for better 
performance. 
  at <Teleport to="body" 
isOpen=true > 
  at <CVViewer isOpen=true 
cvAssets= [
  { type: [32m'pdf'[39m, 
src: 
[32m'/cv/page1.pdf'[39m, 
page: [33m1[39m },
  { type: [32m'pdf'[39m, 
src: 
[32m'/cv/page2.pdf'[39m, 
page: [33m2[39m }
] ref="VTU_COMPONENT" > 
  at <VTUROOT>
[Vue warn]: Extraneous 
non-props attributes 
(isOpen) were passed to 
component but could not be 
automatically inherited 
because component renders 
fragment or text or 
teleport root nodes. 
  at <Teleport to="body" 
isOpen=true > 
  at <CVViewer isOpen=true 
cvAssets= [
  { type: [32m'pdf'[39m, 
src: 
[32m'/cv/page1.pdf'[39m, 
page: [33m1[39m },
  { type: [32m'pdf'[39m, 
src: 
[32m'/cv/page2.pdf'[39m, 
page: [33m2[39m }
] ref="VTU_COMPONENT" > 
  at <VTUROOT>

[90mstderr[2m | src/test/
cv-viewer.test.ts[2m > 
[22m[2mCVViewer[2m > 
[22m[2mdisables 
navigation buttons at 
boundaries
[22m[39m[Vue warn]: 
Non-function value 
encountered for default 
slot. Prefer function 
slots for better 
performance. 
  at <Teleport to="body" 
isOpen=true > 
  at <CVViewer isOpen=true 
cvAssets= [
  { type: [32m'pdf'[39m, 
src: 
[32m'/cv/page1.pdf'[39m, 
page: [33m1[39m },
  { type: [32m'pdf'[39m, 
src: 
[32m'/cv/page2.pdf'[39m, 
page: [33m2[39m }
] ref="VTU_COMPONENT" > 
  at <VTUROOT>
[Vue warn]: Extraneous 
non-props attributes 
(isOpen) were passed to 
component but could not be 
automatically inherited 
because component renders 
fragment or text or 
teleport root nodes. 
  at <Teleport to="body" 
isOpen=true > 
  at <CVViewer isOpen=true 
cvAssets= [
  { type: [32m'pdf'[39m, 
src: 
[32m'/cv/page1.pdf'[39m, 
page: [33m1[39m },
  { type: [32m'pdf'[39m, 
src: 
[32m'/cv/page2.pdf'[39m, 
page: [33m2[39m }
] ref="VTU_COMPONENT" > 
  at <VTUROOT>

[90mstderr[2m | src/test/
cv-viewer.test.ts[2m > 
[22m[2mCVViewer[2m > 
[22m[2mshows loading 
state initially
[22m[39m[Vue warn]: 
Non-function value 
encountered for default 
slot. Prefer function 
slots for better 
performance. 
  at <Teleport to="body" 
isOpen=true > 
  at <CVViewer isOpen=true 
ref="VTU_COMPONENT" > 
  at <VTUROOT>
[Vue warn]: Extraneous 
non-props attributes 
(isOpen) were passed to 
component but could not be 
automatically inherited 
because component renders 
fragment or text or 
teleport root nodes. 
  at <Teleport to="body" 
isOpen=true > 
  at <CVViewer isOpen=true 
ref="VTU_COMPONENT" > 
  at <VTUROOT>

[90mstderr[2m | src/test/
cv-viewer.test.ts[2m > 
[22m[2mCVViewer[2m > 
[22m[2mshows error state 
when PDF fails to load
[22m[39m[Vue warn]: 
Non-function value 
encountered for default 
slot. Prefer function 
slots for better 
performance. 
  at <Teleport to="body" 
isOpen=true > 
  at <CVViewer isOpen=true 
ref="VTU_COMPONENT" > 
  at <VTUROOT>
[Vue warn]: Extraneous 
non-props attributes 
(isOpen) were passed to 
component but could not be 
automatically inherited 
because component renders 
fragment or text or 
teleport root nodes. 
  at <Teleport to="body" 
isOpen=true > 
  at <CVViewer isOpen=true 
ref="VTU_COMPONENT" > 
  at <VTUROOT>
PDF iframe failed to load: 
[90mundefined[39m

[90mstderr[2m | src/test/
cv-viewer.test.ts[2m > 
[22m[2mCVViewer[2m > 
[22m[2mhandles retry 
functionality
[22m[39m[Vue warn]: 
Non-function value 
encountered for default 
slot. Prefer function 
slots for better 
performance. 
  at <Teleport to="body" 
isOpen=true > 
  at <CVViewer isOpen=true 
ref="VTU_COMPONENT" > 
  at <VTUROOT>
[Vue warn]: Extraneous 
non-props attributes 
(isOpen) were passed to 
component but could not be 
automatically inherited 
because component renders 
fragment or text or 
teleport root nodes. 
  at <Teleport to="body" 
isOpen=true > 
  at <CVViewer isOpen=true 
ref="VTU_COMPONENT" > 
  at <VTUROOT>
PDF iframe failed to load: 
[90mundefined[39m

[90mstderr[2m | src/test/
cv-viewer.test.ts[2m > 
[22m[2mCVViewer[2m > 
[22m[2mprevents body 
scroll when open
[22m[39m[Vue warn]: 
Non-function value 
encountered for default 
slot. Prefer function 
slots for better 
performance. 
  at <Teleport to="body" 
isOpen=false > 
  at <CVViewer 
isOpen=false 
ref="VTU_COMPONENT" > 
  at <VTUROOT>
[Vue warn]: Extraneous 
non-props attributes 
(isOpen) were passed to 
component but could not be 
automatically inherited 
because component renders 
fragment or text or 
teleport root nodes. 
  at <Teleport to="body" 
isOpen=false > 
  at <CVViewer 
isOpen=false 
ref="VTU_COMPONENT" > 
  at <VTUROOT>

[90mstderr[2m | src/test/
cv-viewer.test.ts[2m > 
[22m[2mCVViewer[2m > 
[22m[2mprevents body 
scroll when open
[22m[39m[Vue warn]: 
Non-function value 
encountered for default 
slot. Prefer function 
slots for better 
performance. 
  at <Teleport to="body" 
isOpen=true > 
  at <CVViewer isOpen=true 
ref="VTU_COMPONENT" > 
  at <VTUROOT>
[Vue warn]: Extraneous 
non-props attributes 
(isOpen) were passed to 
component but could not be 
automatically inherited 
because component renders 
fragment or text or 
teleport root nodes. 
  at <Teleport to="body" 
isOpen=true > 
  at <CVViewer isOpen=true 
ref="VTU_COMPONENT" > 
  at <VTUROOT>

[90mstderr[2m | src/test/
cv-viewer.test.ts[2m > 
[22m[2mCVViewer[2m > 
[22m[2mhandles keyboard 
navigation
[22m[39m[Vue warn]: 
Non-function value 
encountered for default 
slot. Prefer function 
slots for better 
performance. 
  at <Teleport to="body" 
isOpen=true > 
  at <CVViewer isOpen=true 
cvAssets= [
  { type: [32m'pdf'[39m, 
src: 
[32m'/cv/page1.pdf'[39m, 
page: [33m1[39m },
  { type: [32m'pdf'[39m, 
src: 
[32m'/cv/page2.pdf'[39m, 
page: [33m2[39m }
] ref="VTU_COMPONENT" > 
  at <VTUROOT>
[Vue warn]: Extraneous 
non-props attributes 
(isOpen) were passed to 
component but could not be 
automatically inherited 
because component renders 
fragment or text or 
teleport root nodes. 
  at <Teleport to="body" 
isOpen=true > 
  at <CVViewer isOpen=true 
cvAssets= [
  { type: [32m'pdf'[39m, 
src: 
[32m'/cv/page1.pdf'[39m, 
page: [33m1[39m },
  { type: [32m'pdf'[39m, 
src: 
[32m'/cv/page2.pdf'[39m, 
page: [33m2[39m }
] ref="VTU_COMPONENT" > 
  at <VTUROOT>

[90mstderr[2m | src/test/
cv-viewer.test.ts[2m > 
[22m[2mCVViewer[2m > 
[22m[2mgenerates correct 
PDF URLs with page 
parameters
[22m[39m[Vue warn]: 
Non-function value 
encountered for default 
slot. Prefer function 
slots for better 
performance. 
  at <Teleport to="body" 
isOpen=true > 
  at <CVViewer isOpen=true 
cvAssets= [
  { type: [32m'pdf'[39m, 
src: [32m'/cv/document.pdf
'[39m, page: [33m1[39m 
},
  { type: [32m'pdf'[39m, 
src: [32m'/cv/document.pdf
'[39m, page: [33m2[39m }
] ref="VTU_COMPONENT" > 
  at <VTUROOT>
[Vue warn]: Extraneous 
non-props attributes 
(isOpen) were passed to 
component but could not be 
automatically inherited 
because component renders 
fragment or text or 
teleport root nodes. 
  at <Teleport to="body" 
isOpen=true > 
  at <CVViewer isOpen=true 
cvAssets= [
  { type: [32m'pdf'[39m, 
src: [32m'/cv/document.pdf
'[39m, page: [33m1[39m 
},
  { type: [32m'pdf'[39m, 
src: [32m'/cv/document.pdf
'[39m, page: [33m2[39m }
] ref="VTU_COMPONENT" > 
  at <VTUROOT>

 [32mÔ£ô[39m src/test/performance-optimizations.test.ts [2m([22m[2m30 tests[22m[2m)[22m[33m 483[2mms[22m[39m
 [31mÔØ»[39m src/test/utils-performance.test.ts [2m([22m[2m37 tests[22m[2m | [22m[31m37 failed[39m[2m)[22m[33m 305[2mms[22m[39m
[31m   [31m├ù[31m Performance Utility Functions[2m > [22mlazyLoad[2m > [22mshould use requestIdleCallback when available[39m[32m 24[2mms[22m[39m
[31m     ÔåÆ Cannot set property performance of #<Window> which has only a getter[39m
[31m   [31m├ù[31m Performance Utility Functions[2m > [22mlazyLoad[2m > [22mshould fallback to setTimeout when requestIdleCallback is not available[39m[32m 8[2mms[22m[39m
[31m     ÔåÆ Cannot set property performance of #<Window> which has only a getter[39m
[31m   [31m├ù[31m Performance Utility Functions[2m > [22mlazyLoad[2m > [22mshould handle import errors gracefully[39m[32m 9[2mms[22m[39m
[31m     ÔåÆ Cannot set property performance of #<Window> which has only a getter[39m
[31m   [31m├ù[31m Performance Utility Functions[2m > [22mLazyImageLoader[2m > [22mshould initialize with IntersectionObserver when available[39m[32m 9[2mms[22m[39m
[31m     ÔåÆ Cannot set property performance of #<Window> which has only a getter[39m
[31m     ÔåÆ Cannot read properties of undefined (reading 'disconnect')[39m
[31m   [31m├ù[31m Performance Utility Functions[2m > [22mLazyImageLoader[2m > [22mshould observe images with data-src attribute[39m[32m 8[2mms[22m[39m
[31m     ÔåÆ Cannot set property performance of #<Window> which has only a getter[39m
[31m     ÔåÆ Cannot read properties of undefined (reading 'disconnect')[39m
[31m   [31m├ù[31m Performance Utility Functions[2m > [22mLazyImageLoader[2m > [22mshould load image immediately when IntersectionObserver is not available[39m[32m 9[2mms[22m[39m
[31m     ÔåÆ Cannot set property performance of #<Window> which has only a getter[39m
[31m     ÔåÆ Cannot read properties of undefined (reading 'disconnect')[39m
[31m   [31m├ù[31m Performance Utility Functions[2m > [22mLazyImageLoader[2m > [22mshould handle images without data-src[39m[32m 7[2mms[22m[39m
[31m     ÔåÆ Cannot set property performance of #<Window> which has only a getter[39m
[31m     ÔåÆ Cannot read properties of undefined (reading 'disconnect')[39m
[31m   [31m├ù[31m Performance Utility Functions[2m > [22mLazyImageLoader[2m > [22mshould disconnect observer properly[39m[32m 9[2mms[22m[39m
[31m     ÔåÆ Cannot set property performance of #<Window> which has only a getter[39m
[31m     ÔåÆ Cannot read properties of undefined (reading 'disconnect')[39m
[31m   [31m├ù[31m Performance Utility Functions[2m > [22mResourcePreloader[2m > [22mpreloadImage[2m > [22mshould create preload link for image[39m[32m 12[2mms[22m[39m
[31m     ÔåÆ Cannot set property performance of #<Window> which has only a getter[39m
[31m   [31m├ù[31m Performance Utility Functions[2m > [22mResourcePreloader[2m > [22mpreloadImage[2m > [22mshould not preload same image twice[39m[32m 11[2mms[22m[39m
[31m     ÔåÆ Cannot set property performance of #<Window> which has only a getter[39m
[31m   [31m├ù[31m Performance Utility Functions[2m > [22mResourcePreloader[2m > [22mpreloadImage[2m > [22mshould handle preload errors[39m[32m 8[2mms[22m[39m
[31m     ÔåÆ Cannot set property performance of #<Window> which has only a getter[39m
[31m   [31m├ù[31m Performance Utility Functions[2m > [22mResourcePreloader[2m > [22mpreloadFont[2m > [22mshould create preload link for font[39m[32m 9[2mms[22m[39m
[31m     ÔåÆ Cannot set property performance of #<Window> which has only a getter[39m
[31m   [31m├ù[31m Performance Utility Functions[2m > [22mResourcePreloader[2m > [22mpreloadFont[2m > [22mshould not preload same font twice[39m[32m 11[2mms[22m[39m
[31m     ÔåÆ Cannot set property performance of #<Window> which has only a getter[39m
[31m   [31m├ù[31m Performance Utility Functions[2m > [22mResourcePreloader[2m > [22mpreloadScript[2m > [22mshould create modulepreload link for script[39m[32m 8[2mms[22m[39m
[31m     ÔåÆ Cannot set property performance of #<Window> which has only a getter[39m
[31m   [31m├ù[31m Performance Utility Functions[2m > [22mPerformanceMonitor[2m > [22mmark[2m > [22mshould create performance mark when available[39m[32m 14[2mms[22m[39m
[31m     ÔåÆ Cannot set property performance of #<Window> which has only a getter[39m
[31m   [31m├ù[31m Performance Utility Functions[2m > [22mPerformanceMonitor[2m > [22mmark[2m > [22mshould fallback to timestamp when performance.mark is not available[39m[32m 7[2mms[22m[39m
[31m     ÔåÆ Cannot set property performance of #<Window> which has only a getter[39m
[31m   [31m├ù[31m Performance Utility Functions[2m > [22mPerformanceMonitor[2m > [22mmeasure[2m > [22mshould create performance measure when available[39m[32m 8[2mms[22m[39m
[31m     ÔåÆ Cannot set property performance of #<Window> which has only a getter[39m
[31m   [31m├ù[31m Performance Utility Functions[2m > [22mPerformanceMonitor[2m > [22mmeasure[2m > [22mshould fallback to manual calculation[39m[32m 6[2mms[22m[39m
[31m     ÔåÆ Cannot set property performance of #<Window> which has only a getter[39m
[31m   [31m├ù[31m Performance Utility Functions[2m > [22mPerformanceMonitor[2m > [22mmeasure[2m > [22mshould handle measurement errors gracefully[39m[32m 7[2mms[22m[39m
[31m     ÔåÆ Cannot set property performance of #<Window> which has only a getter[39m
[31m   [31m├ù[31m Performance Utility Functions[2m > [22mPerformanceMonitor[2m > [22mgetMetrics[2m > [22mshould return performance metrics when available[39m[32m 7[2mms[22m[39m
[31m     ÔåÆ Cannot set property performance of #<Window> which has only a getter[39m
[31m   [31m├ù[31m Performance Utility Functions[2m > [22mPerformanceMonitor[2m > [22mgetMetrics[2m > [22mshould handle missing performance API gracefully[39m[32m 7[2mms[22m[39m
[31m     ÔåÆ Cannot set property performance of #<Window> which has only a getter[39m
[31m   [31m├ù[31m Performance Utility Functions[2m > [22moptimizeBundle[2m > [22mimportComponent[2m > [22mshould import component successfully[39m[32m 8[2mms[22m[39m
[31m     ÔåÆ Cannot set property performance of #<Window> which has only a getter[39m
[31m   [31m├ù[31m Performance Utility Functions[2m > [22moptimizeBundle[2m > [22mimportComponent[2m > [22mshould handle import errors gracefully[39m[32m 6[2mms[22m[39m
[31m     ÔåÆ Cannot set property performance of #<Window> which has only a getter[39m
[31m   [31m├ù[31m Performance Utility Functions[2m > [22moptimizeBundle[2m > [22mshouldLoadFeature[2m > [22mshould respect reduced motion preference for animations[39m[32m 5[2mms[22m[39m
[31m     ÔåÆ Cannot set property performance of #<Window> which has only a getter[39m
[31m   [31m├ù[31m Performance Utility Functions[2m > [22moptimizeBundle[2m > [22mshouldLoadFeature[2m > [22mshould check connection type for heavy components[39m[32m 7[2mms[22m[39m
[31m     ÔåÆ Cannot set property performance of #<Window> which has only a getter[39m
[31m   [31m├ù[31m Performance Utility Functions[2m > [22moptimizeBundle[2m > [22mshouldLoadFeature[2m > [22mshould check device memory for heavy components[39m[32m 7[2mms[22m[39m
[31m     ÔåÆ Cannot set property performance of #<Window> which has only a getter[39m
[31m   [31m├ù[31m Performance Utility Functions[2m > [22moptimizeBundle[2m > [22mshouldLoadFeature[2m > [22mshould allow features on capable devices[39m[32m 6[2mms[22m[39m
[31m     ÔåÆ Cannot set property performance of #<Window> which has only a getter[39m
[31m   [31m├ù[31m Performance Utility Functions[2m > [22moptimizeBundle[2m > [22mremoveUnusedFeatures[2m > [22mshould remove elements marked as unused[39m[32m 7[2mms[22m[39m
[31m     ÔåÆ Cannot set property performance of #<Window> which has only a getter[39m
[31m   [31m├ù[31m Performance Utility Functions[2m > [22moptimizeBundle[2m > [22mremoveUnusedFeatures[2m > [22mshould clean up development globals in production[39m[32m 6[2mms[22m[39m
[31m     ÔåÆ Cannot set property performance of #<Window> which has only a getter[39m
[31m   [31m├ù[31m Performance Utility Functions[2m > [22mGlobal Instances[2m > [22mshould export global performance monitor instance[39m[32m 5[2mms[22m[39m
[31m     ÔåÆ Cannot set property performance of #<Window> which has only a getter[39m
[31m   [31m├ù[31m Performance Utility Functions[2m > [22mGlobal Instances[2m > [22mshould export global resource preloader instance[39m[32m 5[2mms[22m[39m
[31m     ÔåÆ Cannot set property performance of #<Window> which has only a getter[39m
[31m   [31m├ù[31m Performance Utility Functions[2m > [22mGlobal Instances[2m > [22mshould export global lazy image loader instance[39m[32m 15[2mms[22m[39m
[31m     ÔåÆ Cannot set property performance of #<Window> which has only a getter[39m
[31m   [31m├ù[31m Performance Utility Functions[2m > [22mCleanup and Memory Management[2m > [22mshould handle beforeunload event for cleanup[39m[32m 6[2mms[22m[39m
[31m     ÔåÆ Cannot set property performance of #<Window> which has only a getter[39m
[31m   [31m├ù[31m Performance Utility Functions[2m > [22mCleanup and Memory Management[2m > [22mshould clean up observers on disconnect[39m[32m 6[2mms[22m[39m
[31m     ÔåÆ Cannot set property performance of #<Window> which has only a getter[39m
[31m   [31m├ù[31m Performance Utility Functions[2m > [22mEdge Cases and Error Handling[2m > [22mshould handle missing window object[39m[32m 5[2mms[22m[39m
[31m     ÔåÆ Cannot set property performance of #<Window> which has only a getter[39m
[31m   [31m├ù[31m Performance Utility Functions[2m > [22mEdge Cases and Error Handling[2m > [22mshould handle malformed performance entries[39m[32m 5[2mms[22m[39m
[31m     ÔåÆ Cannot set property performance of #<Window> which has only a getter[39m
[31m   [31m├ù[31m Performance Utility Functions[2m > [22mEdge Cases and Error Handling[2m > [22mshould handle DOM manipulation errors[39m[32m 6[2mms[22m[39m
[31m     ÔåÆ Cannot set property performance of #<Window> which has only a getter[39m
 [31mÔØ»[39m src/test/cv-viewer.test.ts [2m([22m[2m14 tests[22m[2m | [22m[31m11 failed[39m[2m)[22m[32m 103[2mms[22m[39m
[31m   [31m├ù[31m CVViewer[2m > [22mrenders when isOpen is true[39m[32m 45[2mms[22m[39m
[31m     ÔåÆ expected false to be true // Object.is equality[39m
   [32mÔ£ô[39m CVViewer[2m > [22mdoes not render when isOpen is false[32m 5[2mms[22m[39m
[31m   [31m├ù[31m CVViewer[2m > [22memits close event when close button is clicked[39m[32m 7[2mms[22m[39m
[31m     ÔåÆ Cannot call trigger on an empty DOMWrapper.[39m
[31m   [31m├ù[31m CVViewer[2m > [22memits close event when backdrop is clicked[39m[32m 4[2mms[22m[39m
[31m     ÔåÆ Cannot call trigger on an empty DOMWrapper.[39m
[31m   [31m├ù[31m CVViewer[2m > [22mdisplays default CV path when no assets provided[39m[32m 4[2mms[22m[39m
[31m     ÔåÆ Cannot call attributes on an empty DOMWrapper.[39m
[31m   [31m├ù[31m CVViewer[2m > [22mhandles custom CV assets[39m[32m 4[2mms[22m[39m
[31m     ÔåÆ Cannot call text on an empty DOMWrapper.[39m
[31m   [31m├ù[31m CVViewer[2m > [22mnavigates between pages correctly[39m[32m 3[2mms[22m[39m
[31m     ÔåÆ Cannot call trigger on an empty DOMWrapper.[39m
[31m   [31m├ù[31m CVViewer[2m > [22mdisables navigation buttons at boundaries[39m[32m 4[2mms[22m[39m
[31m     ÔåÆ Cannot call attributes on an empty DOMWrapper.[39m
[31m   [31m├ù[31m CVViewer[2m > [22mshows loading state initially[39m[32m 5[2mms[22m[39m
[31m     ÔåÆ expected false to be true // Object.is equality[39m
[31m   [31m├ù[31m CVViewer[2m > [22mshows error state when PDF fails to load[39m[32m 4[2mms[22m[39m
[31m     ÔåÆ expected '' to contain 'Failed to load CV'[39m
   [32mÔ£ô[39m CVViewer[2m > [22mhandles retry functionality[32m 4[2mms[22m[39m
[31m   [31m├ù[31m CVViewer[2m > [22mprevents body scroll when open[39m[32m 5[2mms[22m[39m
[31m     ÔåÆ expected '' to be 'hidden' // Object.is equality[39m
[31m   [31m├ù[31m CVViewer[2m > [22mhandles keyboard navigation[39m[32m 3[2mms[22m[39m
[31m     ÔåÆ expected undefined to be truthy[39m
   [32mÔ£ô[39m CVViewer[2m > [22mgenerates correct PDF URLs with page parameters[32m 3[2mms[22m[39m
 [31mÔØ»[39m src/test/test-suite-runner.test.ts [2m([22m[2m210 tests[22m[2m | [22m[31m210 failed[39m[2m)[22m[33m 576[2mms[22m[39m
[31m   [31m├ù[31m Content Utility Functions[2m > [22misValidProject[2m > [22mshould return true for valid project[39m[32m 14[2mms[22m[39m
[31m     ÔåÆ Cannot set property performance of #<Window> which has only a getter[39m
[31m     ÔåÆ Cannot read properties of undefined (reading 'window')[39m
[31m   [31m├ù[31m Content Utility Functions[2m > [22misValidProject[2m > [22mshould return false for null or undefined[39m[32m 5[2mms[22m[39m
[31m     ÔåÆ Cannot set property performance of #<Window> which has only a getter[39m
[31m     ÔåÆ Cannot read properties of undefined (reading 'window')[39m
[31m   [31m├ù[31m Content Utility Functions[2m > [22misValidProject[2m > [22mshould return false for non-object input[39m[32m 5[2mms[22m[39m
[31m     ÔåÆ Cannot set property performance of #<Window> which has only a getter[39m
[31m     ÔåÆ Cannot read properties of undefined (reading 'window')[39m
[31m   [31m├ù[31m Content Utility Functions[2m > [22misValidProject[2m > [22mshould return false for project without data property[39m[32m 5[2mms[22m[39m
[31m     ÔåÆ Cannot set property performance of #<Window> which has only a getter[39m
[31m     ÔåÆ Cannot read properties of undefined (reading 'window')[39m
[31m   [31m├ù[31m Content Utility Functions[2m > [22misValidProject[2m > [22mshould return false for missing required fields[39m[32m 4[2mms[22m[39m
[31m     ÔåÆ Cannot set property performance of #<Window> which has only a getter[39m
[31m     ÔåÆ Cannot read properties of undefined (reading 'window')[39m
[31m   [31m├ù[31m Content Utility Functions[2m > [22misValidProject[2m > [22mshould validate data types for required fields[39m[32m 7[2mms[22m[39m
[31m     ÔåÆ Cannot set property performance of #<Window> which has only a getter[39m
[31m     ÔåÆ Cannot read properties of undefined (reading 'window')[39m
[31m   [31m├ù[31m Content Utility Functions[2m > [22misValidProject[2m > [22mshould validate optional field types[39m[32m 7[2mms[22m[39m
[31m     ÔåÆ Cannot set property performance of #<Window> which has only a getter[39m
[31m     ÔåÆ Cannot read properties of undefined (reading 'window')[39m
[31m   [31m├ù[31m Content Utility Functions[2m > [22misValidProject[2m > [22mshould validate links structure[39m[32m 7[2mms[22m[39m
[31m     ÔåÆ Cannot set property performance of #<Window> which has only a getter[39m
[31m     ÔåÆ Cannot read properties of undefined (reading 'window')[39m
[31m   [31m├ù[31m Content Utility Functions[2m > [22misValidProject[2m > [22mshould accept project without optional fields[39m[32m 7[2mms[22m[39m
[31m     ÔåÆ Cannot set property performance of #<Window> which has only a getter[39m
[31m     ÔåÆ Cannot read properties of undefined (reading 'window')[39m
[31m   [31m├ù[31m Content Utility Functions[2m > [22misValidProject[2m > [22mshould accept project with empty links object[39m[32m 11[2mms[22m[39m
[31m     ÔåÆ Cannot set property performance of #<Window> which has only a getter[39m
[31m     ÔåÆ Cannot read properties of undefined (reading 'window')[39m
[31m   [31m├ù[31m Content Utility Functions[2m > [22misValidProject[2m > [22mshould validate partial links[39m[32m 4[2mms[22m[39m
[31m     ÔåÆ Cannot set property performance of #<Window> which has only a getter[39m
[31m     ÔåÆ Cannot read properties of undefined (reading 'window')[39m
[31m   [31m├ù[31m Content Utility Functions[2m > [22mhandleContentError[2m > [22mshould log error with default context[39m[32m 4[2mms[22m[39m
[31m     ÔåÆ Cannot set property performance of #<Window> which has only a getter[39m
[31m     ÔåÆ Cannot read properties of undefined (reading 'window')[39m
[31m   [31m├ù[31m Content Utility Functions[2m > [22mhandleContentError[2m > [22mshould log error with custom context[39m[32m 4[2mms[22m[39m
[31m     ÔåÆ Cannot set property performance of #<Window> which has only a getter[39m
[31m     ÔåÆ Cannot read properties of undefined (reading 'window')[39m
[31m   [31m├ù[31m Content Utility Functions[2m > [22mhandleContentError[2m > [22mshould provide specific guidance for schema validation errors[39m[32m 3[2mms[22m[39m
[31m     ÔåÆ Cannot set property performance of #<Window> which has only a getter[39m
[31m     ÔåÆ Cannot read properties of undefined (reading 'window')[39m
[31m   [31m├ù[31m Content Utility Functions[2m > [22mhandleContentError[2m > [22mshould provide specific guidance for collection errors[39m[32m 3[2mms[22m[39m
[31m     ÔåÆ Cannot set property performance of #<Window> which has only a getter[39m
[31m     ÔåÆ Cannot read properties of undefined (reading 'window')[39m
[31m   [31m├ù[31m Content Utility Functions[2m > [22mhandleContentError[2m > [22mshould provide specific guidance for file not found errors[39m[32m 3[2mms[22m[39m
[31m     ÔåÆ Cannot set property performance of #<Window> which has only a getter[39m
[31m     ÔåÆ Cannot read properties of undefined (reading 'window')[39m
[31m   [31m├ù[31m Content Utility Functions[2m > [22mhandleContentError[2m > [22mshould handle non-Error objects[39m[32m 3[2mms[22m[39m
[31m     ÔåÆ Cannot set property performance of #<Window> which has only a getter[39m
[31m     ÔåÆ Cannot read properties of undefined (reading 'window')[39m
[31m   [31m├ù[31m Content Utility Functions[2m > [22mgetProjects[2m > [22mshould return sorted projects[39m[32m 3[2mms[22m[39m
[31m     ÔåÆ Cannot set property performance of #<Window> which has only a getter[39m
[31m     ÔåÆ Cannot read properties of undefined (reading 'window')[39m
[31m   [31m├ù[31m Content Utility Functions[2m > [22mgetProjects[2m > [22mshould handle errors gracefully[39m[32m 4[2mms[22m[39m
[31m     ÔåÆ Cannot set property performance of #<Window> which has only a getter[39m
[31m     ÔåÆ Cannot read properties of undefined (reading 'window')[39m
[31m   [31m├ù[31m Content Utility Functions[2m > [22mgetFeaturedProjects[2m > [22mshould return only featured projects[39m[32m 3[2mms[22m[39m
[31m     ÔåÆ Cannot set property performance of #<Window> which has only a getter[39m
[31m     ÔåÆ Cannot read properties of undefined (reading 'window')[39m
[31m   [31m├ù[31m Content Utility Functions[2m > [22mgetFeaturedProjects[2m > [22mshould handle errors gracefully[39m[32m 3[2mms[22m[39m
[31m     ÔåÆ Cannot set property performance of #<Window> which has only a getter[39m
[31m     ÔåÆ Cannot read properties of undefined (reading 'window')[39m
[31m   [31m├ù[31m Content Utility Functions[2m > [22mgetProjectBySlug[2m > [22mshould return project with matching slug[39m[32m 2[2mms[22m[39m
[31m     ÔåÆ Cannot set property performance of #<Window> which has only a getter[39m
[31m     ÔåÆ Cannot read properties of undefined (reading 'window')[39m
[31m   [31m├ù[31m Content Utility Functions[2m > [22mgetProjectBySlug[2m > [22mshould return undefined for non-existent slug[39m[32m 2[2mms[22m[39m
[31m     ÔåÆ Cannot set property performance of #<Window> which has only a getter[39m
[31m     ÔåÆ Cannot read properties of undefined (reading 'window')[39m
[31m   [31m├ù[31m Content Utility Functions[2m > [22mgetProjectBySlug[2m > [22mshould handle errors gracefully[39m[32m 2[2mms[22m[39m
[31m     ÔåÆ Cannot set property performance of #<Window> which has only a getter[39m
[31m     ÔåÆ Cannot read properties of undefined (reading 'window')[39m
[31m   [31m├ù[31m Content Utility Functions[2m > [22mlogProjectStats[2m > [22mshould log project statistics in development mode[39m[32m 10[2mms[22m[39m
[31m     ÔåÆ Cannot set property performance of #<Window> which has only a getter[39m
[31m     ÔåÆ Cannot read properties of undefined (reading 'window')[39m
[31m   [31m├ù[31m Content Utility Functions[2m > [22mlogProjectStats[2m > [22mshould handle errors gracefully[39m[32m 3[2mms[22m[39m
[31m     ÔåÆ Cannot set property performance of #<Window> which has only a getter[39m
[31m     ÔåÆ Cannot read properties of undefined (reading 'window')[39m
[31m   [31m├ù[31m Content Utility Functions[2m > [22mProject Data Processing[2m > [22mshould handle empty technologies array[39m[32m 3[2mms[22m[39m
[31m     ÔåÆ Cannot set property performance of #<Window> which has only a getter[39m
[31m     ÔåÆ Cannot read properties of undefined (reading 'window')[39m
[31m   [31m├ù[31m Content Utility Functions[2m > [22mProject Data Processing[2m > [22mshould handle future publish dates[39m[32m 3[2mms[22m[39m
[31m     ÔåÆ Cannot set property performance of #<Window> which has only a getter[39m
[31m     ÔåÆ Cannot read properties of undefined (reading 'window')[39m
[31m   [31m├ù[31m Content Utility Functions[2m > [22mProject Data Processing[2m > [22mshould handle special characters in project data[39m[32m 3[2mms[22m[39m
[31m     ÔåÆ Cannot set property performance of #<Window> which has only a getter[39m
[31m     ÔåÆ Cannot read properties of undefined (reading 'window')[39m
[31m   [31m├ù[31m Content Utility Functions[2m > [22mProject Data Processing[2m > [22mshould handle very long strings[39m[32m 3[2mms[22m[39m
[31m     ÔåÆ Cannot set property performance of #<Window> which has only a getter[39m
[31m     ÔåÆ Cannot read properties of undefined (reading 'window')[39m
[31m   [31m├ù[31m Content Utility Functions[2m > [22mEdge Cases[2m > [22mshould handle circular references in project data[39m[32m 3[2mms[22m[39m
[31m     ÔåÆ Cannot set property performance of #<Window> which has only a getter[39m
[31m     ÔåÆ Cannot read properties of undefined (reading 'window')[39m
[31m   [31m├ù[31m Content Utility Functions[2m > [22mEdge Cases[2m > [22mshould handle prototype pollution attempts[39m[32m 2[2mms[22m[39m
[31m     ÔåÆ Cannot set property performance of #<Window> which has only a getter[39m
[31m     ÔåÆ Cannot read properties of undefined (reading 'window')[39m
[31m   [31m├ù[31m SEO Utility Functions[2m > [22mgenerateProjectStructuredData[2m > [22mshould generate valid structured data for a project[39m[32m 2[2mms[22m[39m
[31m     ÔåÆ Cannot set property performance of #<Window> which has only a getter[39m
[31m     ÔåÆ Cannot read properties of undefined (reading 'window')[39m
[31m   [31m├ù[31m SEO Utility Functions[2m > [22mgenerateProjectStructuredData[2m > [22mshould handle custom author name and base URL[39m[32m 2[2mms[22m[39m
[31m     ÔåÆ Cannot set property performance of #<Window> which has only a getter[39m
[31m     ÔåÆ Cannot read properties of undefined (reading 'window')[39m
[31m   [31m├ù[31m SEO Utility Functions[2m > [22mgenerateProjectStructuredData[2m > [22mshould handle external image URLs[39m[32m 2[2mms[22m[39m
[31m     ÔåÆ Cannot set property performance of #<Window> which has only a getter[39m
[31m     ÔåÆ Cannot read properties of undefined (reading 'window')[39m
[31m   [31m├ù[31m SEO Utility Functions[2m > [22mgenerateProjectStructuredData[2m > [22mshould handle missing optional links[39m[32m 2[2mms[22m[39m
[31m     ÔåÆ Cannot set property performance of #<Window> which has only a getter[39m
[31m     ÔåÆ Cannot read properties of undefined (reading 'window')[39m
[31m   [31m├ù[31m SEO Utility Functions[2m > [22mgenerateProjectStructuredData[2m > [22mshould handle empty technologies array[39m[32m 2[2mms[22m[39m
[31m     ÔåÆ Cannot set property performance of #<Window> which has only a getter[39m
[31m     ÔåÆ Cannot read properties of undefined (reading 'window')[39m
[31m   [31m├ù[31m SEO Utility Functions[2m > [22mgeneratePortfolioStructuredData[2m > [22mshould generate valid portfolio structured data[39m[32m 2[2mms[22m[39m
[31m     ÔåÆ Cannot set property performance of #<Window> which has only a getter[39m
[31m     ÔåÆ Cannot read properties of undefined (reading 'window')[39m
[31m   [31m├ù[31m SEO Utility Functions[2m > [22mgeneratePortfolioStructuredData[2m > [22mshould handle empty projects array[39m[32m 2[2mms[22m[39m
[31m     ÔåÆ Cannot set property performance of #<Window> which has only a getter[39m
[31m     ÔåÆ Cannot read properties of undefined (reading 'window')[39m
[31m   [31m├ù[31m SEO Utility Functions[2m > [22mgeneratePortfolioStructuredData[2m > [22mshould use custom author and base URL[39m[32m 2[2mms[22m[39m
[31m     ÔåÆ Cannot set property performance of #<Window> which has only a getter[39m
[31m     ÔåÆ Cannot read properties of undefined (reading 'window')[39m
[31m   [31m├ù[31m SEO Utility Functions[2m > [22mgenerateBreadcrumbStructuredData[2m > [22mshould generate valid breadcrumb structured data[39m[32m 2[2mms[22m[39m
[31m     ÔåÆ Cannot set property performance of #<Window> which has only a getter[39m
[31m     ÔåÆ Cannot read properties of undefined (reading 'window')[39m
[31m   [31m├ù[31m SEO Utility Functions[2m > [22mgenerateBreadcrumbStructuredData[2m > [22mshould handle absolute URLs[39m[32m 2[2mms[22m[39m
[31m     ÔåÆ Cannot set property performance of #<Window> which has only a getter[39m
[31m     ÔåÆ Cannot read properties of undefined (reading 'window')[39m
[31m   [31m├ù[31m SEO Utility Functions[2m > [22mgenerateBreadcrumbStructuredData[2m > [22mshould handle custom base URL[39m[32m 2[2mms[22m[39m
[31m     ÔåÆ Cannot set property performance of #<Window> which has only a getter[39m
[31m     ÔåÆ Cannot read properties of undefined (reading 'window')[39m
[31m   [31m├ù[31m SEO Utility Functions[2m > [22mgenerateFAQStructuredData[2m > [22mshould generate valid FAQ structured data[39m[32m 2[2mms[22m[39m
[31m     ÔåÆ Cannot set property performance of #<Window> which has only a getter[39m
[31m     ÔåÆ Cannot read properties of undefined (reading 'window')[39m
[31m   [31m├ù[31m SEO Utility Functions[2m > [22mgenerateFAQStructuredData[2m > [22mshould include expected FAQ topics[39m[32m 2[2mms[22m[39m
[31m     ÔåÆ Cannot set property performance of #<Window> which has only a getter[39m
[31m     ÔåÆ Cannot read properties of undefined (reading 'window')[39m
[31m   [31m├ù[31m SEO Utility Functions[2m > [22mgenerateMetaDescription[2m > [22mshould return content as-is if within limit[39m[32m 2[2mms[22m[39m
[31m     ÔåÆ Cannot set property performance of #<Window> which has only a getter[39m
[31m     ÔåÆ Cannot read properties of undefined (reading 'window')[39m
[31m   [31m├ù[31m SEO Utility Functions[2m > [22mgenerateMetaDescription[2m > [22mshould truncate at sentence boundary when possible[39m[32m 2[2mms[22m[39m
[31m     ÔåÆ Cannot set property performance of #<Window> which has only a getter[39m
[31m     ÔåÆ Cannot read properties of undefined (reading 'window')[39m
[31m   [31m├ù[31m SEO Utility Functions[2m > [22mgenerateMetaDescription[2m > [22mshould truncate at word boundary when no sentence boundary[39m[32m 2[2mms[22m[39m
[31m     ÔåÆ Cannot set property performance of #<Window> which has only a getter[39m
[31m     ÔåÆ Cannot read properties of undefined (reading 'window')[39m
[31m   [31m├ù[31m SEO Utility Functions[2m > [22mgenerateMetaDescription[2m > [22mshould remove markdown formatting[39m[32m 2[2mms[22m[39m
[31m     ÔåÆ Cannot set property performance of #<Window> which has only a getter[39m
[31m     ÔåÆ Cannot read properties of undefined (reading 'window')[39m
[31m   [31m├ù[31m SEO Utility Functions[2m > [22mgenerateMetaDescription[2m > [22mshould remove HTML tags[39m[32m 2[2mms[22m[39m
[31m     ÔåÆ Cannot set property performance of #<Window> which has only a getter[39m
[31m     ÔåÆ Cannot read properties of undefined (reading 'window')[39m
[31m   [31m├ù[31m SEO Utility Functions[2m > [22mgenerateMetaDescription[2m > [22mshould handle empty or whitespace content[39m[32m 2[2mms[22m[39m
[31m     ÔåÆ Cannot set property performance of #<Window> which has only a getter[39m
[31m     ÔåÆ Cannot read properties of undefined (reading 'window')[39m
[31m   [31m├ù[31m SEO Utility Functions[2m > [22mgenerateMetaDescription[2m > [22mshould use custom max length[39m[32m 2[2mms[22m[39m
[31m     ÔåÆ Cannot set property performance of #<Window> which has only a getter[39m
[31m     ÔåÆ Cannot read properties of undefined (reading 'window')[39m
[31m   [31m├ù[31m SEO Utility Functions[2m > [22mgenerateKeywords[2m > [22mshould extract keywords from project technologies[39m[32m 2[2mms[22m[39m
[31m     ÔåÆ Cannot set property performance of #<Window> which has only a getter[39m
[31m     ÔåÆ Cannot read properties of undefined (reading 'window')[39m
[31m   [31m├ù[31m SEO Utility Functions[2m > [22mgenerateKeywords[2m > [22mshould include base keywords[39m[32m 3[2mms[22m[39m
[31m     ÔåÆ Cannot set property performance of #<Window> which has only a getter[39m
[31m     ÔåÆ Cannot read properties of undefined (reading 'window')[39m
[31m   [31m├ù[31m SEO Utility Functions[2m > [22mgenerateKeywords[2m > [22mshould add technology variations[39m[32m 3[2mms[22m[39m
[31m     ÔåÆ Cannot set property performance of #<Window> which has only a getter[39m
[31m     ÔåÆ Cannot read properties of undefined (reading 'window')[39m
[31m   [31m├ù[31m SEO Utility Functions[2m > [22mgenerateKeywords[2m > [22mshould return sorted unique keywords[39m[32m 3[2mms[22m[39m
[31m     ÔåÆ Cannot set property performance of #<Window> which has only a getter[39m
[31m     ÔåÆ Cannot read properties of undefined (reading 'window')[39m
[31m   [31m├ù[31m SEO Utility Functions[2m > [22mgenerateKeywords[2m > [22mshould handle empty projects array[39m[32m 3[2mms[22m[39m
[31m     ÔåÆ Cannot set property performance of #<Window> which has only a getter[39m
[31m     ÔåÆ Cannot read properties of undefined (reading 'window')[39m
[31m   [31m├ù[31m SEO Utility Functions[2m > [22mgenerateKeywords[2m > [22mshould handle projects with no technologies[39m[32m 6[2mms[22m[39m
[31m     ÔåÆ Cannot set property performance of #<Window> which has only a getter[39m
[31m     ÔåÆ Cannot read properties of undefined (reading 'window')[39m
[31m   [31m├ù[31m SEO Utility Functions[2m > [22msanitizeSEOData[2m > [22mshould use provided values when valid[39m[32m 4[2mms[22m[39m
[31m     ÔåÆ Cannot set property performance of #<Window> which has only a getter[39m
[31m     ÔåÆ Cannot read properties of undefined (reading 'window')[39m
[31m   [31m├ù[31m SEO Utility Functions[2m > [22msanitizeSEOData[2m > [22mshould use defaults for missing values[39m[32m 3[2mms[22m[39m
[31m     ÔåÆ Cannot set property performance of #<Window> which has only a getter[39m
[31m     ÔåÆ Cannot read properties of undefined (reading 'window')[39m
[31m   [31m├ù[31m SEO Utility Functions[2m > [22msanitizeSEOData[2m > [22mshould truncate title to 60 characters[39m[32m 3[2mms[22m[39m
[31m     ÔåÆ Cannot set property performance of #<Window> which has only a getter[39m
[31m     ÔåÆ Cannot read properties of undefined (reading 'window')[39m
[31m   [31m├ù[31m SEO Utility Functions[2m > [22msanitizeSEOData[2m > [22mshould truncate description to 160 characters[39m[32m 3[2mms[22m[39m
[31m     ÔåÆ Cannot set property performance of #<Window> which has only a getter[39m
[31m     ÔåÆ Cannot read properties of undefined (reading 'window')[39m
[31m   [31m├ù[31m SEO Utility Functions[2m > [22msanitizeSEOData[2m > [22mshould limit keywords to 10 items[39m[32m 3[2mms[22m[39m
[31m     ÔåÆ Cannot set property performance of #<Window> which has only a getter[39m
[31m     ÔåÆ Cannot read properties of undefined (reading 'window')[39m
[31m   [31m├ù[31m SEO Utility Functions[2m > [22msanitizeSEOData[2m > [22mshould trim whitespace from strings[39m[32m 3[2mms[22m[39m
[31m     ÔåÆ Cannot set property performance of #<Window> which has only a getter[39m
[31m     ÔåÆ Cannot read properties of undefined (reading 'window')[39m
[31m   [31m├ù[31m SEO Utility Functions[2m > [22msanitizeSEOData[2m > [22mshould handle undefined and null values[39m[32m 3[2mms[22m[39m
[31m     ÔåÆ Cannot set property performance of #<Window> which has only a getter[39m
[31m     ÔåÆ Cannot read properties of undefined (reading 'window')[39m
[31m   [31m├ù[31m SEO Utility Functions[2m > [22mEdge Cases and Error Handling[2m > [22mshould handle malformed project data gracefully[39m[32m 3[2mms[22m[39m
[31m     ÔåÆ Cannot set property performance of #<Window> which has only a getter[39m
[31m     ÔåÆ Cannot read properties of undefined (reading 'window')[39m
[31m   [31m├ù[31m SEO Utility Functions[2m > [22mEdge Cases and Error Handling[2m > [22mshould handle special characters in structured data[39m[32m 2[2mms[22m[39m
[31m     ÔåÆ Cannot set property performance of #<Window> which has only a getter[39m
[31m     ÔåÆ Cannot read properties of undefined (reading 'window')[39m
[31m   [31m├ù[31m SEO Utility Functions[2m > [22mEdge Cases and Error Handling[2m > [22mshould handle very long technology arrays[39m[32m 2[2mms[22m[39m
[31m     ÔåÆ Cannot set property performance of #<Window> which has only a getter[39m
[31m     ÔåÆ Cannot read properties of undefined (reading 'window')[39m
[31m   [31m├ù[31m Performance Utility Functions[2m > [22mlazyLoad[2m > [22mshould use requestIdleCallback when available[39m[32m 2[2mms[22m[39m
[31m     ÔåÆ Cannot set property performance of #<Window> which has only a getter[39m
[31m     ÔåÆ Cannot read properties of undefined (reading 'window')[39m
[31m   [31m├ù[31m Performance Utility Functions[2m > [22mlazyLoad[2m > [22mshould fallback to setTimeout when requestIdleCallback is not available[39m[32m 2[2mms[22m[39m
[31m     ÔåÆ Cannot set property performance of #<Window> which has only a getter[39m
[31m     ÔåÆ Cannot read properties of undefined (reading 'window')[39m
[31m   [31m├ù[31m Performance Utility Functions[2m > [22mlazyLoad[2m > [22mshould handle import errors gracefully[39m[32m 13[2mms[22m[39m
[31m     ÔåÆ Cannot set property performance of #<Window> which has only a getter[39m
[31m     ÔåÆ Cannot read properties of undefined (reading 'window')[39m
[31m   [31m├ù[31m Performance Utility Functions[2m > [22mLazyImageLoader[2m > [22mshould initialize with IntersectionObserver when available[39m[32m 2[2mms[22m[39m
[31m     ÔåÆ Cannot set property performance of #<Window> which has only a getter[39m
[31m     ÔåÆ Cannot read properties of undefined (reading 'disconnect')[39m
[31m   [31m├ù[31m Performance Utility Functions[2m > [22mLazyImageLoader[2m > [22mshould observe images with data-src attribute[39m[32m 2[2mms[22m[39m
[31m     ÔåÆ Cannot set property performance of #<Window> which has only a getter[39m
[31m     ÔåÆ Cannot read properties of undefined (reading 'disconnect')[39m
[31m   [31m├ù[31m Performance Utility Functions[2m > [22mLazyImageLoader[2m > [22mshould load image immediately when IntersectionObserver is not available[39m[32m 2[2mms[22m[39m
[31m     ÔåÆ Cannot set property performance of #<Window> which has only a getter[39m
[31m     ÔåÆ Cannot read properties of undefined (reading 'disconnect')[39m
[31m   [31m├ù[31m Performance Utility Functions[2m > [22mLazyImageLoader[2m > [22mshould handle images without data-src[39m[32m 2[2mms[22m[39m
[31m     ÔåÆ Cannot set property performance of #<Window> which has only a getter[39m
[31m     ÔåÆ Cannot read properties of undefined (reading 'disconnect')[39m
[31m   [31m├ù[31m Performance Utility Functions[2m > [22mLazyImageLoader[2m > [22mshould disconnect observer properly[39m[32m 2[2mms[22m[39m
[31m     ÔåÆ Cannot set property performance of #<Window> which has only a getter[39m
[31m     ÔåÆ Cannot read properties of undefined (reading 'disconnect')[39m
[31m   [31m├ù[31m Performance Utility Functions[2m > [22mResourcePreloader[2m > [22mpreloadImage[2m > [22mshould create preload link for image[39m[32m 2[2mms[22m[39m
[31m     ÔåÆ Cannot set property performance of #<Window> which has only a getter[39m
[31m     ÔåÆ Cannot read properties of undefined (reading 'window')[39m
[31m   [31m├ù[31m Performance Utility Functions[2m > [22mResourcePreloader[2m > [22mpreloadImage[2m > [22mshould not preload same image twice[39m[32m 2[2mms[22m[39m
[31m     ÔåÆ Cannot set property performance of #<Window> which has only a getter[39m
[31m     ÔåÆ Cannot read properties of undefined (reading 'window')[39m
[31m   [31m├ù[31m Performance Utility Functions[2m > [22mResourcePreloader[2m > [22mpreloadImage[2m > [22mshould handle preload errors[39m[32m 2[2mms[22m[39m
[31m     ÔåÆ Cannot set property performance of #<Window> which has only a getter[39m
[31m     ÔåÆ Cannot read properties of undefined (reading 'window')[39m
[31m   [31m├ù[31m Performance Utility Functions[2m > [22mResourcePreloader[2m > [22mpreloadFont[2m > [22mshould create preload link for font[39m[32m 2[2mms[22m[39m
[31m     ÔåÆ Cannot set property performance of #<Window> which has only a getter[39m
[31m     ÔåÆ Cannot read properties of undefined (reading 'window')[39m
[31m   [31m├ù[31m Performance Utility Functions[2m > [22mResourcePreloader[2m > [22mpreloadFont[2m > [22mshould not preload same font twice[39m[32m 3[2mms[22m[39m
[31m     ÔåÆ Cannot set property performance of #<Window> which has only a getter[39m
[31m     ÔåÆ Cannot read properties of undefined (reading 'window')[39m
[31m   [31m├ù[31m Performance Utility Functions[2m > [22mResourcePreloader[2m > [22mpreloadScript[2m > [22mshould create modulepreload link for script[39m[32m 3[2mms[22m[39m
[31m     ÔåÆ Cannot set property performance of #<Window> which has only a getter[39m
[31m     ÔåÆ Cannot read properties of undefined (reading 'window')[39m
[31m   [31m├ù[31m Performance Utility Functions[2m > [22mPerformanceMonitor[2m > [22mmark[2m > [22mshould create performance mark when available[39m[32m 2[2mms[22m[39m
[31m     ÔåÆ Cannot set property performance of #<Window> which has only a getter[39m
[31m     ÔåÆ Cannot read properties of undefined (reading 'window')[39m
[31m   [31m├ù[31m Performance Utility Functions[2m > [22mPerformanceMonitor[2m > [22mmark[2m > [22mshould fallback to timestamp when performance.mark is not available[39m[32m 2[2mms[22m[39m
[31m     ÔåÆ Cannot set property performance of #<Window> which has only a getter[39m
[31m     ÔåÆ Cannot read properties of undefined (reading 'window')[39m
[31m   [31m├ù[31m Performance Utility Functions[2m > [22mPerformanceMonitor[2m > [22mmeasure[2m > [22mshould create performance measure when available[39m[32m 2[2mms[22m[39m
[31m     ÔåÆ Cannot set property performance of #<Window> which has only a getter[39m
[31m     ÔåÆ Cannot read properties of undefined (reading 'window')[39m
[31m   [31m├ù[31m Performance Utility Functions[2m > [22mPerformanceMonitor[2m > [22mmeasure[2m > [22mshould fallback to manual calculation[39m[32m 3[2mms[22m[39m
[31m     ÔåÆ Cannot set property performance of #<Window> which has only a getter[39m
[31m     ÔåÆ Cannot read properties of undefined (reading 'window')[39m
[31m   [31m├ù[31m Performance Utility Functions[2m > [22mPerformanceMonitor[2m > [22mmeasure[2m > [22mshould handle measurement errors gracefully[39m[32m 2[2mms[22m[39m
[31m     ÔåÆ Cannot set property performance of #<Window> which has only a getter[39m
[31m     ÔåÆ Cannot read properties of undefined (reading 'window')[39m
[31m   [31m├ù[31m Performance Utility Functions[2m > [22mPerformanceMonitor[2m > [22mgetMetrics[2m > [22mshould return performance metrics when available[39m[32m 2[2mms[22m[39m
[31m     ÔåÆ Cannot set property performance of #<Window> which has only a getter[39m
[31m     ÔåÆ Cannot read properties of undefined (reading 'window')[39m
[31m   [31m├ù[31m Performance Utility Functions[2m > [22mPerformanceMonitor[2m > [22mgetMetrics[2m > [22mshould handle missing performance API gracefully[39m[32m 2[2mms[22m[39m
[31m     ÔåÆ Cannot set property performance of #<Window> which has only a getter[39m
[31m     ÔåÆ Cannot read properties of undefined (reading 'window')[39m
[31m   [31m├ù[31m Performance Utility Functions[2m > [22moptimizeBundle[2m > [22mimportComponent[2m > [22mshould import component successfully[39m[32m 2[2mms[22m[39m
[31m     ÔåÆ Cannot set property performance of #<Window> which has only a getter[39m
[31m     ÔåÆ Cannot read properties of undefined (reading 'window')[39m
[31m   [31m├ù[31m Performance Utility Functions[2m > [22moptimizeBundle[2m > [22mimportComponent[2m > [22mshould handle import errors gracefully[39m[32m 2[2mms[22m[39m
[31m     ÔåÆ Cannot set property performance of #<Window> which has only a getter[39m
[31m     ÔåÆ Cannot read properties of undefined (reading 'window')[39m
[31m   [31m├ù[31m Performance Utility Functions[2m > [22moptimizeBundle[2m > [22mshouldLoadFeature[2m > [22mshould respect reduced motion preference for animations[39m[32m 2[2mms[22m[39m
[31m     ÔåÆ Cannot set property performance of #<Window> which has only a getter[39m
[31m     ÔåÆ Cannot read properties of undefined (reading 'window')[39m
[31m   [31m├ù[31m Performance Utility Functions[2m > [22moptimizeBundle[2m > [22mshouldLoadFeature[2m > [22mshould check connection type for heavy components[39m[32m 2[2mms[22m[39m
[31m     ÔåÆ Cannot set property performance of #<Window> which has only a getter[39m
[31m     ÔåÆ Cannot read properties of undefined (reading 'window')[39m
[31m   [31m├ù[31m Performance Utility Functions[2m > [22moptimizeBundle[2m > [22mshouldLoadFeature[2m > [22mshould check device memory for heavy components[39m[32m 2[2mms[22m[39m
[31m     ÔåÆ Cannot set property performance of #<Window> which has only a getter[39m
[31m     ÔåÆ Cannot read properties of undefined (reading 'window')[39m
[31m   [31m├ù[31m Performance Utility Functions[2m > [22moptimizeBundle[2m > [22mshouldLoadFeature[2m > [22mshould allow features on capable devices[39m[32m 5[2mms[22m[39m
[31m     ÔåÆ Cannot set property performance of #<Window> which has only a getter[39m
[31m     ÔåÆ Cannot read properties of undefined (reading 'window')[39m
[31m   [31m├ù[31m Performance Utility Functions[2m > [22moptimizeBundle[2m > [22mremoveUnusedFeatures[2m > [22mshould remove elements marked as unused[39m[32m 2[2mms[22m[39m
[31m     ÔåÆ Cannot set property performance of #<Window> which has only a getter[39m
[31m     ÔåÆ Cannot read properties of undefined (reading 'window')[39m
[31m   [31m├ù[31m Performance Utility Functions[2m > [22moptimizeBundle[2m > [22mremoveUnusedFeatures[2m > [22mshould clean up development globals in production[39m[32m 2[2mms[22m[39m
[31m     ÔåÆ Cannot set property performance of #<Window> which has only a getter[39m
[31m     ÔåÆ Cannot read properties of undefined (reading 'window')[39m
[31m   [31m├ù[31m Performance Utility Functions[2m > [22mGlobal Instances[2m > [22mshould export global performance monitor instance[39m[32m 2[2mms[22m[39m
[31m     ÔåÆ Cannot set property performance of #<Window> which has only a getter[39m
[31m     ÔåÆ Cannot read properties of undefined (reading 'window')[39m
[31m   [31m├ù[31m Performance Utility Functions[2m > [22mGlobal Instances[2m > [22mshould export global resource preloader instance[39m[32m 2[2mms[22m[39m
[31m     ÔåÆ Cannot set property performance of #<Window> which has only a getter[39m
[31m     ÔåÆ Cannot read properties of undefined (reading 'window')[39m
[31m   [31m├ù[31m Performance Utility Functions[2m > [22mGlobal Instances[2m > [22mshould export global lazy image loader instance[39m[32m 2[2mms[22m[39m
[31m     ÔåÆ Cannot set property performance of #<Window> which has only a getter[39m
[31m     ÔåÆ Cannot read properties of undefined (reading 'window')[39m
[31m   [31m├ù[31m Performance Utility Functions[2m > [22mCleanup and Memory Management[2m > [22mshould handle beforeunload event for cleanup[39m[32m 2[2mms[22m[39m
[31m     ÔåÆ Cannot set property performance of #<Window> which has only a getter[39m
[31m     ÔåÆ Cannot read properties of undefined (reading 'window')[39m
[31m   [31m├ù[31m Performance Utility Functions[2m > [22mCleanup and Memory Management[2m > [22mshould clean up observers on disconnect[39m[32m 15[2mms[22m[39m
[31m     ÔåÆ Cannot set property performance of #<Window> which has only a getter[39m
[31m     ÔåÆ Cannot read properties of undefined (reading 'window')[39m
[31m   [31m├ù[31m Performance Utility Functions[2m > [22mEdge Cases and Error Handling[2m > [22mshould handle missing window object[39m[32m 3[2mms[22m[39m
[31m     ÔåÆ Cannot set property performance of #<Window> which has only a getter[39m
[31m     ÔåÆ Cannot read properties of undefined (reading 'window')[39m
[31m   [31m├ù[31m Performance Utility Functions[2m > [22mEdge Cases and Error Handling[2m > [22mshould handle malformed performance entries[39m[32m 3[2mms[22m[39m
[31m     ÔåÆ Cannot set property performance of #<Window> which has only a getter[39m
[31m     ÔåÆ Cannot read properties of undefined (reading 'window')[39m
[31m   [31m├ù[31m Performance Utility Functions[2m > [22mEdge Cases and Error Handling[2m > [22mshould handle DOM manipulation errors[39m[32m 3[2mms[22m[39m
[31m     ÔåÆ Cannot set property performance of #<Window> which has only a getter[39m
[31m     ÔåÆ Cannot read properties of undefined (reading 'window')[39m
[31m   [31m├ù[31m Content Collections[2m > [22mProject Files[2m > [22mshould have project files in the projects directory[39m[32m 3[2mms[22m[39m
[31m     ÔåÆ Cannot set property performance of #<Window> which has only a getter[39m
[31m     ÔåÆ Cannot read properties of undefined (reading 'window')[39m
[31m   [31m├ù[31m Content Collections[2m > [22mProject Files[2m > [22mshould have valid frontmatter in all project files[39m[32m 3[2mms[22m[39m
[31m     ÔåÆ Cannot set property performance of #<Window> which has only a getter[39m
[31m     ÔåÆ Cannot read properties of undefined (reading 'window')[39m
[31m   [31m├ù[31m Content Collections[2m > [22mProject Files[2m > [22mshould have valid technologies arrays[39m[32m 3[2mms[22m[39m
[31m     ÔåÆ Cannot set property performance of #<Window> which has only a getter[39m
[31m     ÔåÆ Cannot read properties of undefined (reading 'window')[39m
[31m   [31m├ù[31m Content Collections[2m > [22mProject Files[2m > [22mshould have valid links structure when present[39m[32m 3[2mms[22m[39m
[31m     ÔåÆ Cannot set property performance of #<Window> which has only a getter[39m
[31m     ÔåÆ Cannot read properties of undefined (reading 'window')[39m
[31m   [31m├ù[31m Content Collections[2m > [22mProject Files[2m > [22mshould have reasonable publish dates[39m[32m 9[2mms[22m[39m
[31m     ÔåÆ Cannot set property performance of #<Window> which has only a getter[39m
[31m     ÔåÆ Cannot read properties of undefined (reading 'window')[39m
[31m   [31m├ù[31m Content Collections[2m > [22mProject Files[2m > [22mshould have non-empty content body[39m[32m 4[2mms[22m[39m
[31m     ÔåÆ Cannot set property performance of #<Window> which has only a getter[39m
[31m     ÔåÆ Cannot read properties of undefined (reading 'window')[39m
[31m   [31m├ù[31m Content Collections[2m > [22mProject Files[2m > [22mshould have unique project orders[39m[32m 2[2mms[22m[39m
[31m     ÔåÆ Cannot set property performance of #<Window> which has only a getter[39m
[31m     ÔåÆ Cannot read properties of undefined (reading 'window')[39m
[31m   [31m├ù[31m Content Collections[2m > [22mProject Files[2m > [22mshould have at least one featured project[39m[32m 2[2mms[22m[39m
[31m     ÔåÆ Cannot set property performance of #<Window> which has only a getter[39m
[31m     ÔåÆ Cannot read properties of undefined (reading 'window')[39m
[31m   [31m├ù[31m Content Collections[2m > [22mContent Schema Validation[2m > [22mshould match the expected schema structure[39m[32m 2[2mms[22m[39m
[31m     ÔåÆ Cannot set property performance of #<Window> which has only a getter[39m
[31m     ÔåÆ Cannot read properties of undefined (reading 'window')[39m
[31m   [31m├ù[31m Accessibility Features[2m > [22mHeader Component[2m > [22mshould have proper ARIA attributes on CV button[39m[32m 2[2mms[22m[39m
[31m     ÔåÆ Cannot set property performance of #<Window> which has only a getter[39m
[31m     ÔåÆ Cannot read properties of undefined (reading 'window')[39m
[31m   [31m├ù[31m Accessibility Features[2m > [22mHeader Component[2m > [22mshould have skip link for keyboard navigation[39m[32m 2[2mms[22m[39m
[31m     ÔåÆ Cannot set property performance of #<Window> which has only a getter[39m
[31m     ÔåÆ Cannot read properties of undefined (reading 'window')[39m
[31m   [31m├ù[31m Accessibility Features[2m > [22mHeader Component[2m > [22mshould have proper role attribute[39m[32m 2[2mms[22m[39m
[31m     ÔåÆ Cannot set property performance of #<Window> which has only a getter[39m
[31m     ÔåÆ Cannot read properties of undefined (reading 'window')[39m
[31m   [31m├ù[31m Accessibility Features[2m > [22mHeader Component[2m > [22mshould have screen reader description[39m[32m 2[2mms[22m[39m
[31m     ÔåÆ Cannot set property performance of #<Window> which has only a getter[39m
[31m     ÔåÆ Cannot read properties of undefined (reading 'window')[39m
[31m   [31m├ù[31m Accessibility Features[2m > [22mProject Card Component[2m > [22mshould have proper ARIA attributes[39m[32m 2[2mms[22m[39m
[31m     ÔåÆ Cannot set property performance of #<Window> which has only a getter[39m
[31m     ÔåÆ Cannot read properties of undefined (reading 'window')[39m
[31m   [31m├ù[31m Accessibility Features[2m > [22mProject Card Component[2m > [22mshould have proper heading structure[39m[32m 2[2mms[22m[39m
[31m     ÔåÆ Cannot set property performance of #<Window> which has only a getter[39m
[31m     ÔåÆ Cannot read properties of undefined (reading 'window')[39m
[31m   [31m├ù[31m Accessibility Features[2m > [22mProject Card Component[2m > [22mshould have descriptive image alt text[39m[32m 2[2mms[22m[39m
[31m     ÔåÆ Cannot set property performance of #<Window> which has only a getter[39m
[31m     ÔåÆ Cannot read properties of undefined (reading 'window')[39m
[31m   [31m├ù[31m Accessibility Features[2m > [22mProject Card Component[2m > [22mshould have proper link accessibility[39m[32m 2[2mms[22m[39m
[31m     ÔåÆ Cannot set property performance of #<Window> which has only a getter[39m
[31m     ÔåÆ Cannot read properties of undefined (reading 'window')[39m
[31m   [31m├ù[31m Accessibility Features[2m > [22mProject Card Component[2m > [22mshould have technologies list with proper ARIA[39m[32m 2[2mms[22m[39m
[31m     ÔåÆ Cannot set property performance of #<Window> which has only a getter[39m
[31m     ÔåÆ Cannot read properties of undefined (reading 'window')[39m
[31m   [31m├ù[31m Accessibility Features[2m > [22mProject Card Component[2m > [22mshould have overlay marked as decorative[39m[32m 2[2mms[22m[39m
[31m     ÔåÆ Cannot set property performance of #<Window> which has only a getter[39m
[31m     ÔåÆ Cannot read properties of undefined (reading 'window')[39m
[31m   [31m├ù[31m Accessibility Features[2m > [22mProject Card Component[2m > [22mshould have SVG icons marked as decorative[39m[32m 2[2mms[22m[39m
[31m     ÔåÆ Cannot set property performance of #<Window> which has only a getter[39m
[31m     ÔåÆ Cannot read properties of undefined (reading 'window')[39m
[31m   [31m├ù[31m Accessibility Features[2m > [22mProjects Section Component[2m > [22mshould have proper section labeling[39m[32m 2[2mms[22m[39m
[31m     ÔåÆ Cannot set property performance of #<Window> which has only a getter[39m
[31m     ÔåÆ Cannot read properties of undefined (reading 'window')[39m
[31m   [31m├ù[31m Accessibility Features[2m > [22mProjects Section Component[2m > [22mshould have proper heading hierarchy[39m[32m 2[2mms[22m[39m
[31m     ÔåÆ Cannot set property performance of #<Window> which has only a getter[39m
[31m     ÔåÆ Cannot read properties of undefined (reading 'window')[39m
[31m   [31m├ù[31m Accessibility Features[2m > [22mProjects Section Component[2m > [22mshould have projects grid as list[39m[32m 3[2mms[22m[39m
[31m     ÔåÆ Cannot set property performance of #<Window> which has only a getter[39m
[31m     ÔåÆ Cannot read properties of undefined (reading 'window')[39m
[31m   [31m├ù[31m Accessibility Features[2m > [22mProfile Section Component[2m > [22mshould have proper section labeling[39m[32m 2[2mms[22m[39m
[31m     ÔåÆ Cannot set property performance of #<Window> which has only a getter[39m
[31m     ÔåÆ Cannot read properties of undefined (reading 'window')[39m
[31m   [31m├ù[31m Accessibility Features[2m > [22mProfile Section Component[2m > [22mshould have proper heading hierarchy[39m[32m 2[2mms[22m[39m
[31m     ÔåÆ Cannot set property performance of #<Window> which has only a getter[39m
[31m     ÔåÆ Cannot read properties of undefined (reading 'window')[39m
[31m   [31m├ù[31m Accessibility Features[2m > [22mProfile Section Component[2m > [22mshould have role description properly linked[39m[32m 2[2mms[22m[39m
[31m     ÔåÆ Cannot set property performance of #<Window> which has only a getter[39m
[31m     ÔåÆ Cannot read properties of undefined (reading 'window')[39m
[31m   [31m├ù[31m Accessibility Features[2m > [22mIntro Section Component[2m > [22mshould have proper section labeling[39m[32m 4[2mms[22m[39m
[31m     ÔåÆ Cannot set property performance of #<Window> which has only a getter[39m
[31m     ÔåÆ Cannot read properties of undefined (reading 'window')[39m
[31m   [31m├ù[31m Accessibility Features[2m > [22mIntro Section Component[2m > [22mshould have screen reader only heading[39m[32m 2[2mms[22m[39m
[31m     ÔåÆ Cannot set property performance of #<Window> which has only a getter[39m
[31m     ÔåÆ Cannot read properties of undefined (reading 'window')[39m
[31m   [31m├ù[31m Accessibility Features[2m > [22mKeyboard Navigation[2m > [22mshould handle Enter key on project card[39m[32m 2[2mms[22m[39m
[31m     ÔåÆ Cannot set property performance of #<Window> which has only a getter[39m
[31m     ÔåÆ Cannot read properties of undefined (reading 'window')[39m
[31m   [31m├ù[31m Accessibility Features[2m > [22mKeyboard Navigation[2m > [22mshould handle Tab key for focus trapping in modal[39m[32m 2[2mms[22m[39m
[31m     ÔåÆ Cannot set property performance of #<Window> which has only a getter[39m
[31m     ÔåÆ Cannot read properties of undefined (reading 'window')[39m
[31m   [31m├ù[31m Accessibility Features[2m > [22mScreen Reader Support[2m > [22mshould have proper live regions[39m[32m 2[2mms[22m[39m
[31m     ÔåÆ Cannot set property performance of #<Window> which has only a getter[39m
[31m     ÔåÆ Cannot read properties of undefined (reading 'window')[39m
[31m   [31m├ù[31m Accessibility Features[2m > [22mScreen Reader Support[2m > [22mshould have screen reader only content properly hidden[39m[32m 2[2mms[22m[39m
[31m     ÔåÆ Cannot set property performance of #<Window> which has only a getter[39m
[31m     ÔåÆ Cannot read properties of undefined (reading 'window')[39m
[31m   [31m├ù[31m Accessibility Features[2m > [22mARIA Landmarks and Structure[2m > [22mshould have proper landmark roles[39m[32m 2[2mms[22m[39m
[31m     ÔåÆ Cannot set property performance of #<Window> which has only a getter[39m
[31m     ÔåÆ Cannot read properties of undefined (reading 'window')[39m
[31m   [31m├ù[31m Accessibility Features[2m > [22mARIA Landmarks and Structure[2m > [22mshould have proper heading hierarchy[39m[32m 2[2mms[22m[39m
[31m     ÔåÆ Cannot set property performance of #<Window> which has only a getter[39m
[31m     ÔåÆ Cannot read properties of undefined (reading 'window')[39m
[31m   [31m├ù[31m Accessibility Tests with axe-core[2m > [22mComplete Portfolio Page[2m > [22mshould pass axe-core accessibility audit[39m[32m 2[2mms[22m[39m
[31m     ÔåÆ Cannot set property performance of #<Window> which has only a getter[39m
[31m     ÔåÆ Cannot read properties of undefined (reading 'window')[39m
[31m   [31m├ù[31m Accessibility Tests with axe-core[2m > [22mComplete Portfolio Page[2m > [22mshould have proper ARIA landmarks[39m[32m 2[2mms[22m[39m
[31m     ÔåÆ Cannot set property performance of #<Window> which has only a getter[39m
[31m     ÔåÆ Cannot read properties of undefined (reading 'window')[39m
[31m   [31m├ù[31m Accessibility Tests with axe-core[2m > [22mComplete Portfolio Page[2m > [22mshould have proper heading hierarchy[39m[32m 2[2mms[22m[39m
[31m     ÔåÆ Cannot set property performance of #<Window> which has only a getter[39m
[31m     ÔåÆ Cannot read properties of undefined (reading 'window')[39m
[31m   [31m├ù[31m Accessibility Tests with axe-core[2m > [22mComplete Portfolio Page[2m > [22mshould have proper ARIA attributes[39m[32m 2[2mms[22m[39m
[31m     ÔåÆ Cannot set property performance of #<Window> which has only a getter[39m
[31m     ÔåÆ Cannot read properties of undefined (reading 'window')[39m
[31m   [31m├ù[31m Accessibility Tests with axe-core[2m > [22mComplete Portfolio Page[2m > [22mshould have accessible form controls and buttons[39m[32m 2[2mms[22m[39m
[31m     ÔåÆ Cannot set property performance of #<Window> which has only a getter[39m
[31m     ÔåÆ Cannot read properties of undefined (reading 'window')[39m
[31m   [31m├ù[31m Accessibility Tests with axe-core[2m > [22mComplete Portfolio Page[2m > [22mshould have accessible images[39m[32m 2[2mms[22m[39m
[31m     ÔåÆ Cannot set property performance of #<Window> which has only a getter[39m
[31m     ÔåÆ Cannot read properties of undefined (reading 'window')[39m
[31m   [31m├ù[31m Accessibility Tests with axe-core[2m > [22mComplete Portfolio Page[2m > [22mshould have proper list structure[39m[32m 2[2mms[22m[39m
[31m     ÔåÆ Cannot set property performance of #<Window> which has only a getter[39m
[31m     ÔåÆ Cannot read properties of undefined (reading 'window')[39m
[31m   [31m├ù[31m Accessibility Tests with axe-core[2m > [22mComplete Portfolio Page[2m > [22mshould have accessible modal dialog[39m[32m 2[2mms[22m[39m
[31m     ÔåÆ Cannot set property performance of #<Window> which has only a getter[39m
[31m     ÔåÆ Cannot read properties of undefined (reading 'window')[39m
[31m   [31m├ù[31m Accessibility Tests with axe-core[2m > [22mKeyboard Navigation[2m > [22mshould have proper focus management[39m[32m 2[2mms[22m[39m
[31m     ÔåÆ Cannot set property performance of #<Window> which has only a getter[39m
[31m     ÔåÆ Cannot read properties of undefined (reading 'window')[39m
[31m   [31m├ù[31m Accessibility Tests with axe-core[2m > [22mKeyboard Navigation[2m > [22mshould have focusable elements in logical order[39m[32m 2[2mms[22m[39m
[31m     ÔåÆ Cannot set property performance of #<Window> which has only a getter[39m
[31m     ÔåÆ Cannot read properties of undefined (reading 'window')[39m
[31m   [31m├ù[31m Accessibility Tests with axe-core[2m > [22mKeyboard Navigation[2m > [22mshould not have elements with positive tabindex[39m[32m 2[2mms[22m[39m
[31m     ÔåÆ Cannot set property performance of #<Window> which has only a getter[39m
[31m     ÔåÆ Cannot read properties of undefined (reading 'window')[39m
[31m   [31m├ù[31m Accessibility Tests with axe-core[2m > [22mScreen Reader Support[2m > [22mshould have proper live regions[39m[32m 2[2mms[22m[39m
[31m     ÔåÆ Cannot set property performance of #<Window> which has only a getter[39m
[31m     ÔåÆ Cannot read properties of undefined (reading 'window')[39m
[31m   [31m├ù[31m Accessibility Tests with axe-core[2m > [22mScreen Reader Support[2m > [22mshould have proper screen reader only content[39m[32m 2[2mms[22m[39m
[31m     ÔåÆ Cannot set property performance of #<Window> which has only a getter[39m
[31m     ÔåÆ Cannot read properties of undefined (reading 'window')[39m
[31m   [31m├ù[31m Accessibility Tests with axe-core[2m > [22mScreen Reader Support[2m > [22mshould have proper ARIA descriptions and labels[39m[32m 2[2mms[22m[39m
[31m     ÔåÆ Cannot set property performance of #<Window> which has only a getter[39m
[31m     ÔåÆ Cannot read properties of undefined (reading 'window')[39m
[31m   [31m├ù[31m Accessibility Tests with axe-core[2m > [22mColor and Contrast[2m > [22mshould pass color contrast requirements[39m[32m 2[2mms[22m[39m
[31m     ÔåÆ Cannot set property performance of #<Window> which has only a getter[39m
[31m     ÔåÆ Cannot read properties of undefined (reading 'window')[39m
[31m   [31m├ù[31m Accessibility Tests with axe-core[2m > [22mForm and Input Accessibility[2m > [22mshould have accessible form controls[39m[32m 2[2mms[22m[39m
[31m     ÔåÆ Cannot set property performance of #<Window> which has only a getter[39m
[31m     ÔåÆ Cannot read properties of undefined (reading 'window')[39m
[31m   [31m├ù[31m Accessibility Tests with axe-core[2m > [22mForm and Input Accessibility[2m > [22mshould have proper fieldset and legend[39m[32m 2[2mms[22m[39m
[31m     ÔåÆ Cannot set property performance of #<Window> which has only a getter[39m
[31m     ÔåÆ Cannot read properties of undefined (reading 'window')[39m
[31m   [31m├ù[31m Accessibility Tests with axe-core[2m > [22mDynamic Content Accessibility[2m > [22mshould handle dynamic content updates accessibly[39m[32m 2[2mms[22m[39m
[31m     ÔåÆ Cannot set property performance of #<Window> which has only a getter[39m
[31m     ÔåÆ Cannot read properties of undefined (reading 'window')[39m
[31m   [31m├ù[31m Accessibility Tests with axe-core[2m > [22mDynamic Content Accessibility[2m > [22mshould handle loading states accessibly[39m[32m 2[2mms[22m[39m
[31m     ÔåÆ Cannot set property performance of #<Window> which has only a getter[39m
[31m     ÔåÆ Cannot read properties of undefined (reading 'window')[39m
[31m   [31m├ù[31m Page Rendering Integration[2m > [22mComplete Page Structure[2m > [22mshould have complete page structure with all sections[39m[32m 2[2mms[22m[39m
[31m     ÔåÆ Cannot set property performance of #<Window> which has only a getter[39m
[31m     ÔåÆ Cannot read properties of undefined (reading 'window')[39m
[31m   [31m├ù[31m Page Rendering Integration[2m > [22mComplete Page Structure[2m > [22mshould have proper heading hierarchy[39m[32m 2[2mms[22m[39m
[31m     ÔåÆ Cannot set property performance of #<Window> which has only a getter[39m
[31m     ÔåÆ Cannot read properties of undefined (reading 'window')[39m
[31m   [31m├ù[31m Page Rendering Integration[2m > [22mComplete Page Structure[2m > [22mshould have proper ARIA landmarks and labels[39m[32m 2[2mms[22m[39m
[31m     ÔåÆ Cannot set property performance of #<Window> which has only a getter[39m
[31m     ÔåÆ Cannot read properties of undefined (reading 'window')[39m
[31m   [31m├ù[31m Page Rendering Integration[2m > [22mComplete Page Structure[2m > [22mshould have skip link for accessibility[39m[32m 2[2mms[22m[39m
[31m     ÔåÆ Cannot set property performance of #<Window> which has only a getter[39m
[31m     ÔåÆ Cannot read properties of undefined (reading 'window')[39m
[31m   [31m├ù[31m Page Rendering Integration[2m > [22mComponent Data Flow[2m > [22mshould properly connect project data to project cards[39m[32m 2[2mms[22m[39m
[31m     ÔåÆ Cannot set property performance of #<Window> which has only a getter[39m
[31m     ÔåÆ Cannot read properties of undefined (reading 'window')[39m
[31m   [31m├ù[31m Page Rendering Integration[2m > [22mComponent Data Flow[2m > [22mshould have consistent ID references[39m[32m 10[2mms[22m[39m
[31m     ÔåÆ Cannot set property performance of #<Window> which has only a getter[39m
[31m     ÔåÆ Cannot read properties of undefined (reading 'window')[39m
[31m   [31m├ù[31m Page Rendering Integration[2m > [22mInteractive Elements Integration[2m > [22mshould have CV button connected to CV viewer[39m[32m 2[2mms[22m[39m
[31m     ÔåÆ Cannot set property performance of #<Window> which has only a getter[39m
[31m     ÔåÆ Cannot read properties of undefined (reading 'window')[39m
[31m   [31m├ù[31m Page Rendering Integration[2m > [22mInteractive Elements Integration[2m > [22mshould have project cards with proper link structure[39m[32m 2[2mms[22m[39m
[31m     ÔåÆ Cannot set property performance of #<Window> which has only a getter[39m
[31m     ÔåÆ Cannot read properties of undefined (reading 'window')[39m
[31m   [31m├ù[31m Page Rendering Integration[2m > [22mInteractive Elements Integration[2m > [22mshould have proper focus management setup[39m[32m 2[2mms[22m[39m
[31m     ÔåÆ Cannot set property performance of #<Window> which has only a getter[39m
[31m     ÔåÆ Cannot read properties of undefined (reading 'window')[39m
[31m   [31m├ù[31m Page Rendering Integration[2m > [22mResponsive Design Integration[2m > [22mshould have responsive image attributes[39m[32m 2[2mms[22m[39m
[31m     ÔåÆ Cannot set property performance of #<Window> which has only a getter[39m
[31m     ÔåÆ Cannot read properties of undefined (reading 'window')[39m
[31m   [31m├ù[31m Page Rendering Integration[2m > [22mResponsive Design Integration[2m > [22mshould have proper viewport meta tag[39m[32m 2[2mms[22m[39m
[31m     ÔåÆ Cannot set property performance of #<Window> which has only a getter[39m
[31m     ÔåÆ Cannot read properties of undefined (reading 'window')[39m
[31m   [31m├ù[31m Page Rendering Integration[2m > [22mResponsive Design Integration[2m > [22mshould have responsive grid structure[39m[32m 2[2mms[22m[39m
[31m     ÔåÆ Cannot set property performance of #<Window> which has only a getter[39m
[31m     ÔåÆ Cannot read properties of undefined (reading 'window')[39m
[31m   [31m├ù[31m Page Rendering Integration[2m > [22mSEO and Meta Tags Integration[2m > [22mshould have proper document head structure[39m[32m 2[2mms[22m[39m
[31m     ÔåÆ Cannot set property performance of #<Window> which has only a getter[39m
[31m     ÔåÆ Cannot read properties of undefined (reading 'window')[39m
[31m   [31m├ù[31m Page Rendering Integration[2m > [22mSEO and Meta Tags Integration[2m > [22mshould have semantic HTML structure[39m[32m 2[2mms[22m[39m
[31m     ÔåÆ Cannot set property performance of #<Window> which has only a getter[39m
[31m     ÔåÆ Cannot read properties of undefined (reading 'window')[39m
[31m   [31m├ù[31m Page Rendering Integration[2m > [22mSEO and Meta Tags Integration[2m > [22mshould have proper language attribute[39m[32m 2[2mms[22m[39m
[31m     ÔåÆ Cannot set property performance of #<Window> which has only a getter[39m
[31m     ÔåÆ Cannot read properties of undefined (reading 'window')[39m
[31m   [31m├ù[31m Page Rendering Integration[2m > [22mPerformance Optimization Integration[2m > [22mshould have lazy loading setup for images[39m[32m 2[2mms[22m[39m
[31m     ÔåÆ Cannot set property performance of #<Window> which has only a getter[39m
[31m     ÔåÆ Cannot read properties of undefined (reading 'window')[39m
[31m   [31m├ù[31m Page Rendering Integration[2m > [22mPerformance Optimization Integration[2m > [22mshould have proper resource hints in head[39m[32m 2[2mms[22m[39m
[31m     ÔåÆ Cannot set property performance of #<Window> which has only a getter[39m
[31m     ÔåÆ Cannot read properties of undefined (reading 'window')[39m
[31m   [31m├ù[31m Page Rendering Integration[2m > [22mError Handling Integration[2m > [22mshould handle missing images gracefully[39m[32m 2[2mms[22m[39m
[31m     ÔåÆ Cannot set property performance of #<Window> which has only a getter[39m
[31m     ÔåÆ Cannot read properties of undefined (reading 'window')[39m
[31m   [31m├ù[31m Page Rendering Integration[2m > [22mError Handling Integration[2m > [22mshould handle missing content gracefully[39m[32m 2[2mms[22m[39m
[31m     ÔåÆ Cannot set property performance of #<Window> which has only a getter[39m
[31m     ÔåÆ Cannot read properties of undefined (reading 'window')[39m
[31m   [31m├ù[31m Page Rendering Integration[2m > [22mAnimation and Interaction Integration[2m > [22mshould have proper CSS classes for animations[39m[32m 2[2mms[22m[39m
[31m     ÔåÆ Cannot set property performance of #<Window> which has only a getter[39m
[31m     ÔåÆ Cannot read properties of undefined (reading 'window')[39m
[31m   [31m├ù[31m Page Rendering Integration[2m > [22mAnimation and Interaction Integration[2m > [22mshould respect reduced motion preferences[39m[32m 2[2mms[22m[39m
[31m     ÔåÆ Cannot set property performance of #<Window> which has only a getter[39m
[31m     ÔåÆ Cannot read properties of undefined (reading 'window')[39m
[31m   [31m├ù[31m Page Rendering Integration[2m > [22mCross-Component Communication[2m > [22mshould have consistent theme and styling across components[39m[32m 2[2mms[22m[39m
[31m     ÔåÆ Cannot set property performance of #<Window> which has only a getter[39m
[31m     ÔåÆ Cannot read properties of undefined (reading 'window')[39m
[31m   [31m├ù[31m Page Rendering Integration[2m > [22mCross-Component Communication[2m > [22mshould have proper event delegation setup[39m[32m 2[2mms[22m[39m
[31m     ÔåÆ Cannot set property performance of #<Window> which has only a getter[39m
[31m     ÔåÆ Cannot read properties of undefined (reading 'window')[39m
[31m   [31m├ù[31m Page Rendering Integration[2m > [22mContent Validation Integration[2m > [22mshould have valid project data structure in DOM[39m[32m 2[2mms[22m[39m
[31m     ÔåÆ Cannot set property performance of #<Window> which has only a getter[39m
[31m     ÔåÆ Cannot read properties of undefined (reading 'window')[39m
[31m   [31m├ù[31m Page Rendering Integration[2m > [22mContent Validation Integration[2m > [22mshould have consistent data between sections[39m[32m 2[2mms[22m[39m
[31m     ÔåÆ Cannot set property performance of #<Window> which has only a getter[39m
[31m     ÔåÆ Cannot read properties of undefined (reading 'window')[39m
[31m   [31m├ù[31m Visual Regression Tests[2m > [22mResponsive Layout Tests[2m > [22mshould render correctly on mobile viewport[39m[32m 4[2mms[22m[39m
[31m     ÔåÆ Cannot set property performance of #<Window> which has only a getter[39m
[31m     ÔåÆ Cannot read properties of undefined (reading 'window')[39m
[31m   [31m├ù[31m Visual Regression Tests[2m > [22mResponsive Layout Tests[2m > [22mshould render correctly on tablet viewport[39m[32m 6[2mms[22m[39m
[31m     ÔåÆ Cannot set property performance of #<Window> which has only a getter[39m
[31m     ÔåÆ Cannot read properties of undefined (reading 'window')[39m
[31m   [31m├ù[31m Visual Regression Tests[2m > [22mResponsive Layout Tests[2m > [22mshould render correctly on desktop viewport[39m[32m 3[2mms[22m[39m
[31m     ÔåÆ Cannot set property performance of #<Window> which has only a getter[39m
[31m     ÔåÆ Cannot read properties of undefined (reading 'window')[39m
[31m   [31m├ù[31m Visual Regression Tests[2m > [22mComponent State Visual Tests[2m > [22mshould render project card in default state[39m[32m 2[2mms[22m[39m
[31m     ÔåÆ Cannot set property performance of #<Window> which has only a getter[39m
[31m     ÔåÆ Cannot read properties of undefined (reading 'window')[39m
[31m   [31m├ù[31m Visual Regression Tests[2m > [22mComponent State Visual Tests[2m > [22mshould render project card in hover state[39m[32m 2[2mms[22m[39m
[31m     ÔåÆ Cannot set property performance of #<Window> which has only a getter[39m
[31m     ÔåÆ Cannot read properties of undefined (reading 'window')[39m
[31m   [31m├ù[31m Visual Regression Tests[2m > [22mComponent State Visual Tests[2m > [22mshould render button in different states[39m[32m 2[2mms[22m[39m
[31m     ÔåÆ Cannot set property performance of #<Window> which has only a getter[39m
[31m     ÔåÆ Cannot read properties of undefined (reading 'window')[39m
[31m   [31m├ù[31m Visual Regression Tests[2m > [22mComponent State Visual Tests[2m > [22mshould render modal in closed state[39m[32m 2[2mms[22m[39m
[31m     ÔåÆ Cannot set property performance of #<Window> which has only a getter[39m
[31m     ÔåÆ Cannot read properties of undefined (reading 'window')[39m
[31m   [31m├ù[31m Visual Regression Tests[2m > [22mComponent State Visual Tests[2m > [22mshould render modal in open state[39m[32m 2[2mms[22m[39m
[31m     ÔåÆ Cannot set property performance of #<Window> which has only a getter[39m
[31m     ÔåÆ Cannot read properties of undefined (reading 'window')[39m
[31m   [31m├ù[31m Visual Regression Tests[2m > [22mTypography and Spacing Tests[2m > [22mshould have consistent typography hierarchy[39m[32m 15[2mms[22m[39m
[31m     ÔåÆ Cannot set property performance of #<Window> which has only a getter[39m
[31m     ÔåÆ Cannot read properties of undefined (reading 'window')[39m
[31m   [31m├ù[31m Visual Regression Tests[2m > [22mTypography and Spacing Tests[2m > [22mshould maintain proper spacing between elements[39m[32m 2[2mms[22m[39m
[31m     ÔåÆ Cannot set property performance of #<Window> which has only a getter[39m
[31m     ÔåÆ Cannot read properties of undefined (reading 'window')[39m
[31m   [31m├ù[31m Visual Regression Tests[2m > [22mColor and Theme Tests[2m > [22mshould apply consistent color scheme[39m[32m 2[2mms[22m[39m
[31m     ÔåÆ Cannot set property performance of #<Window> which has only a getter[39m
[31m     ÔåÆ Cannot read properties of undefined (reading 'window')[39m
[31m   [31m├ù[31m Visual Regression Tests[2m > [22mColor and Theme Tests[2m > [22mshould handle dark mode if implemented[39m[32m 2[2mms[22m[39m
[31m     ÔåÆ Cannot set property performance of #<Window> which has only a getter[39m
[31m     ÔåÆ Cannot read properties of undefined (reading 'window')[39m
[31m   [31m├ù[31m Visual Regression Tests[2m > [22mAnimation and Transition Tests[2m > [22mshould respect reduced motion preferences[39m[32m 2[2mms[22m[39m
[31m     ÔåÆ Cannot set property performance of #<Window> which has only a getter[39m
[31m     ÔåÆ Cannot read properties of undefined (reading 'window')[39m
[31m   [31m├ù[31m Visual Regression Tests[2m > [22mAnimation and Transition Tests[2m > [22mshould handle animation states correctly[39m[32m 2[2mms[22m[39m
[31m     ÔåÆ Cannot set property performance of #<Window> which has only a getter[39m
[31m     ÔåÆ Cannot read properties of undefined (reading 'window')[39m
[31m   [31m├ù[31m Visual Regression Tests[2m > [22mPrint Styles Tests[2m > [22mshould have print-friendly structure[39m[32m 2[2mms[22m[39m
[31m     ÔåÆ Cannot set property performance of #<Window> which has only a getter[39m
[31m     ÔåÆ Cannot read properties of undefined (reading 'window')[39m
[31m   [31m├ù[31m Comprehensive Test Suite[2m > [22mUnit Tests[2m > [22mshould run all utility function tests[39m[32m 2[2mms[22m[39m
[31m     ÔåÆ Cannot set property performance of #<Window> which has only a getter[39m
[31m     ÔåÆ Cannot read properties of undefined (reading 'window')[39m
[31m   [31m├ù[31m Comprehensive Test Suite[2m > [22mIntegration Tests[2m > [22mshould run all integration tests[39m[32m 2[2mms[22m[39m
[31m     ÔåÆ Cannot set property performance of #<Window> which has only a getter[39m
[31m     ÔåÆ Cannot read properties of undefined (reading 'window')[39m
[31m   [31m├ù[31m Comprehensive Test Suite[2m > [22mAccessibility Tests[2m > [22mshould run all accessibility tests[39m[32m 2[2mms[22m[39m
[31m     ÔåÆ Cannot set property performance of #<Window> which has only a getter[39m
[31m     ÔåÆ Cannot read properties of undefined (reading 'window')[39m
[31m   [31m├ù[31m Comprehensive Test Suite[2m > [22mVisual Regression Tests[2m > [22mshould run all visual tests[39m[32m 2[2mms[22m[39m
[31m     ÔåÆ Cannot set property performance of #<Window> which has only a getter[39m
[31m     ÔåÆ Cannot read properties of undefined (reading 'window')[39m
[31m   [31m├ù[31m Comprehensive Test Suite[2m > [22mComponent Tests[2m > [22mshould run all component tests[39m[32m 2[2mms[22m[39m
[31m     ÔåÆ Cannot set property performance of #<Window> which has only a getter[39m
[31m     ÔåÆ Cannot read properties of undefined (reading 'window')[39m
[31m   [31m├ù[31m Comprehensive Test Suite[2m > [22mTest Coverage Requirements[2m > [22mshould meet minimum coverage thresholds[39m[32m 2[2mms[22m[39m
[31m     ÔåÆ Cannot set property performance of #<Window> which has only a getter[39m
[31m     ÔåÆ Cannot read properties of undefined (reading 'window')[39m
[31m   [31m├ù[31m Comprehensive Test Suite[2m > [22mTest Coverage Requirements[2m > [22mshould test all critical user paths[39m[32m 2[2mms[22m[39m
[31m     ÔåÆ Cannot set property performance of #<Window> which has only a getter[39m
[31m     ÔåÆ Cannot read properties of undefined (reading 'window')[39m
[31m   [31m├ù[31m Comprehensive Test Suite[2m > [22mPerformance Test Requirements[2m > [22mshould validate performance budgets[39m[32m 2[2mms[22m[39m
[31m     ÔåÆ Cannot set property performance of #<Window> which has only a getter[39m
[31m     ÔåÆ Cannot read properties of undefined (reading 'window')[39m
[31m   [31m├ù[31m Comprehensive Test Suite[2m > [22mSecurity Test Requirements[2m > [22mshould validate security measures[39m[32m 2[2mms[22m[39m
[31m     ÔåÆ Cannot set property performance of #<Window> which has only a getter[39m
[31m     ÔåÆ Cannot read properties of undefined (reading 'window')[39m
[31m   [31m├ù[31m Comprehensive Test Suite[2m > [22mBrowser Compatibility[2m > [22mshould support target browsers[39m[32m 2[2mms[22m[39m
[31m     ÔåÆ Cannot set property performance of #<Window> which has only a getter[39m
[31m     ÔåÆ Cannot read properties of undefined (reading 'window')[39m
[31m   [31m├ù[31m Comprehensive Test Suite[2m > [22mTest Environment Validation[2m > [22mshould have proper test environment setup[39m[32m 2[2mms[22m[39m
[31m     ÔåÆ Cannot set property performance of #<Window> which has only a getter[39m
[31m     ÔåÆ Cannot read properties of undefined (reading 'window')[39m
[31m   [31m├ù[31m Comprehensive Test Suite[2m > [22mTest Environment Validation[2m > [22mshould have all required test utilities[39m[32m 2[2mms[22m[39m
[31m     ÔåÆ Cannot set property performance of #<Window> which has only a getter[39m
[31m     ÔåÆ Cannot read properties of undefined (reading 'window')[39m

[31mÔÄ»ÔÄ»ÔÄ»ÔÄ»ÔÄ»ÔÄ»[39
m[1m[41m Failed Tests 
288 [49m[22m[31mÔÄ»ÔÄ»ÔÄ
»ÔÄ»ÔÄ»ÔÄ»[39m

[41m[1m FAIL [22m[49m s
rc/test/accessibility-axe.t
est.ts[2m > 
[22mAccessibility Tests 
with axe-core[2m > 
[22mComplete Portfolio 
Page[2m > [22mshould 
pass axe-core 
accessibility audit
[41m[1m FAIL [22m[49m s
rc/test/accessibility-axe.t
est.ts[2m > 
[22mAccessibility Tests 
with axe-core[2m > 
[22mComplete Portfolio 
Page[2m > [22mshould 
have proper ARIA landmarks
[41m[1m FAIL [22m[49m s
rc/test/accessibility-axe.t
est.ts[2m > 
[22mAccessibility Tests 
with axe-core[2m > 
[22mComplete Portfolio 
Page[2m > [22mshould 
have proper heading 
hierarchy
[41m[1m FAIL [22m[49m s
rc/test/accessibility-axe.t
est.ts[2m > 
[22mAccessibility Tests 
with axe-core[2m > 
[22mComplete Portfolio 
Page[2m > [22mshould 
have proper ARIA attributes
[41m[1m FAIL [22m[49m s
rc/test/accessibility-axe.t
est.ts[2m > 
[22mAccessibility Tests 
with axe-core[2m > 
[22mComplete Portfolio 
Page[2m > [22mshould 
have accessible form 
controls and buttons
[41m[1m FAIL [22m[49m s
rc/test/accessibility-axe.t
est.ts[2m > 
[22mAccessibility Tests 
with axe-core[2m > 
[22mComplete Portfolio 
Page[2m > [22mshould 
have accessible images
[41m[1m FAIL [22m[49m s
rc/test/accessibility-axe.t
est.ts[2m > 
[22mAccessibility Tests 
with axe-core[2m > 
[22mComplete Portfolio 
Page[2m > [22mshould 
have proper list structure
[41m[1m FAIL [22m[49m s
rc/test/accessibility-axe.t
est.ts[2m > 
[22mAccessibility Tests 
with axe-core[2m > 
[22mComplete Portfolio 
Page[2m > [22mshould 
have accessible modal 
dialog
[41m[1m FAIL [22m[49m s
rc/test/accessibility-axe.t
est.ts[2m > 
[22mAccessibility Tests 
with axe-core[2m > 
[22mKeyboard 
Navigation[2m > 
[22mshould have proper 
focus management
[41m[1m FAIL [22m[49m s
rc/test/accessibility-axe.t
est.ts[2m > 
[22mAccessibility Tests 
with axe-core[2m > 
[22mKeyboard 
Navigation[2m > 
[22mshould have focusable 
elements in logical order
[41m[1m FAIL [22m[49m s
rc/test/accessibility-axe.t
est.ts[2m > 
[22mAccessibility Tests 
with axe-core[2m > 
[22mKeyboard 
Navigation[2m > 
[22mshould not have 
elements with positive 
tabindex
[41m[1m FAIL [22m[49m s
rc/test/accessibility-axe.t
est.ts[2m > 
[22mAccessibility Tests 
with axe-core[2m > 
[22mScreen Reader 
Support[2m > [22mshould 
have proper live regions
[41m[1m FAIL [22m[49m s
rc/test/accessibility-axe.t
est.ts[2m > 
[22mAccessibility Tests 
with axe-core[2m > 
[22mScreen Reader 
Support[2m > [22mshould 
have proper screen reader 
only content
[41m[1m FAIL [22m[49m s
rc/test/accessibility-axe.t
est.ts[2m > 
[22mAccessibility Tests 
with axe-core[2m > 
[22mScreen Reader 
Support[2m > [22mshould 
have proper ARIA 
descriptions and labels
[41m[1m FAIL [22m[49m s
rc/test/accessibility-axe.t
est.ts[2m > 
[22mAccessibility Tests 
with axe-core[2m > 
[22mColor and 
Contrast[2m > [22mshould 
pass color contrast 
requirements
[41m[1m FAIL [22m[49m s
rc/test/accessibility-axe.t
est.ts[2m > 
[22mAccessibility Tests 
with axe-core[2m > 
[22mForm and Input 
Accessibility[2m > 
[22mshould have 
accessible form controls
[41m[1m FAIL [22m[49m s
rc/test/accessibility-axe.t
est.ts[2m > 
[22mAccessibility Tests 
with axe-core[2m > 
[22mForm and Input 
Accessibility[2m > 
[22mshould have proper 
fieldset and legend
[41m[1m FAIL [22m[49m s
rc/test/accessibility-axe.t
est.ts[2m > 
[22mAccessibility Tests 
with axe-core[2m > 
[22mDynamic Content 
Accessibility[2m > 
[22mshould handle dynamic 
content updates accessibly
[41m[1m FAIL [22m[49m s
rc/test/accessibility-axe.t
est.ts[2m > 
[22mAccessibility Tests 
with axe-core[2m > 
[22mDynamic Content 
Accessibility[2m > 
[22mshould handle loading 
states accessibly
[31m[1mTypeError[22m: 
Rules property must be an 
array[39m
[36m [2mÔØ»[22m 
Object.configure node_modul
es/axe-core/axe.js:[2m2009
8:17[22m[39m
    [90m20096| [39m      
if (spec.rules) {
    [90m20097| [39m      
  if (!Array.isArray(spec.r
ules)) {
    [90m20098| [39m      
    throw new 
TypeError('Rules property 
must be an array');
    [90m   | [39m        
        [31m^[39m
    [90m20099| [39m      
  }
    [90m20100| [39m      
  spec.rules.forEach(functi
on(rule) {
[90m [2mÔØ»[22m src/test
/accessibility-axe.test.ts:
[2m79:7[22m[39m

[31m[2mÔÄ»ÔÄ»ÔÄ»ÔÄ»ÔÄ»ÔÄ»
ÔÄ»ÔÄ»ÔÄ»ÔÄ»ÔÄ»ÔÄ»ÔÄ»ÔÄ»ÔÄ»
ÔÄ»ÔÄ»ÔÄ»ÔÄ»ÔÄ»ÔÄ»ÔÄ»[1/503
]ÔÄ»[22m[39m

[41m[1m FAIL [22m[49m s
rc/test/build-optimization.
test.ts[2m > [22mBuild 
Optimization[2m > 
[22mPerformance 
Budgets[2m > [22mshould 
meet basic performance 
requirements
[31m[1mAssertionError[22
m: expected 1042027 to be 
less than 512000[39m
[36m [2mÔØ»[22m src/test
/build-optimization.test.ts
:[2m230:25[22m[39m
    [90m228| [39m      
    [90m229| [39m      
[90m// Total assets 
should be reasonable for a 
portfolio[39m
    [90m230| [39m      ex
pect(totalSize).toBeLessTha
n(500 * 1024); // 500KB 
total assetÔÇª
    [90m   | [39m        
                [31m^[39m
    [90m231| [39m    
})[33m;[39m
    [90m232| [39m

[31m[2mÔÄ»ÔÄ»ÔÄ»ÔÄ»ÔÄ»ÔÄ»
ÔÄ»ÔÄ»ÔÄ»ÔÄ»ÔÄ»ÔÄ»ÔÄ»ÔÄ»ÔÄ»
ÔÄ»ÔÄ»ÔÄ»ÔÄ»ÔÄ»ÔÄ»ÔÄ»[2/503
]ÔÄ»[22m[39m

[41m[1m FAIL [22m[49m s
rc/test/content-collections
.test.ts[2m > 
[22mContent 
Collections[2m > 
[22mProject Files[2m > 
[22mshould have 
reasonable publish dates
[31m[1mAssertionError[22
m: expected 1704067200000 
to be greater than 
1704085200000[39m
[36m [2mÔØ»[22m src/test
/content-collections.test.t
s:[2m125:39[22m[39m
    [90m123| [39m        
[35mconst[39m 
oneYearFromNow [33m=[39m 
[35mnew[39m [33mDate[39
m(now[33m.[39m[34mgetFul
lYear[39m() [33m+[39m 
[34m1[39m[33m,[39m 
[34m11[39m[33m,[39m 
[34m31[39m)[33m;[39m
    [90m124| [39m        
    [90m125| [39m        
expect(publishDate.getTime(
)).toBeGreaterThan(twoYears
Ago.getTÔÇª
    [90m   | [39m        
                           
   [31m^[39m
    [90m126| [39m        
expect(publishDate.getTime(
)).toBeLessThan(oneYearFrom
Now.getTÔÇª
    [90m127| [39m      
})[33m;[39m
[90m [2mÔØ»[22m src/test
/content-collections.test.t
s:[2m114:20[22m[39m

[31m[2mÔÄ»ÔÄ»ÔÄ»ÔÄ»ÔÄ»ÔÄ»
ÔÄ»ÔÄ»ÔÄ»ÔÄ»ÔÄ»ÔÄ»ÔÄ»ÔÄ»ÔÄ»
ÔÄ»ÔÄ»ÔÄ»ÔÄ»ÔÄ»ÔÄ»ÔÄ»[3/503
]ÔÄ»[22m[39m

[41m[1m FAIL [22m[49m s
rc/test/cv-viewer.test.ts[
2m > [22mCVViewer[2m > 
[22mrenders when isOpen 
is true
[31m[1mAssertionError[22
m: expected false to be 
true // Object.is 
equality[39m

[32m- Expected[39m
[31m+ Received[39m

[32m- true[39m
[31m+ false[39m

[36m [2mÔØ»[22m src/test
/cv-viewer.test.ts:[2m43:5
9[22m[39m
    [90m 41| [39m    })
    [90m 42| [39m
    [90m 43| [39m    [34
mexpect[39m(wrapper[33m.
[39m[34mfind[39m([32m'.f
ixed.top-0.right-0'[39m)[
33m.[39m[34mexists[39m()
)[33m.[39m[34mtoBe[39m(
[35mtrue[39m)
    [90m   | [39m        
                           
                       
[31m^[39m
    [90m 44| [39m    [34
mexpect[39m(wrapper[33m.
[39m[34mfind[39m([32m'h2
'[39m)[33m.[39m[34mtext
[39m())[33m.[39m[34mtoB
e[39m([32m'CV 
Document'[39m)
    [90m 45| [39m  })

[31m[2mÔÄ»ÔÄ»ÔÄ»ÔÄ»ÔÄ»ÔÄ»
ÔÄ»ÔÄ»ÔÄ»ÔÄ»ÔÄ»ÔÄ»ÔÄ»ÔÄ»ÔÄ»
ÔÄ»ÔÄ»ÔÄ»ÔÄ»ÔÄ»ÔÄ»ÔÄ»[4/503
]ÔÄ»[22m[39m

[41m[1m FAIL [22m[49m s
rc/test/cv-viewer.test.ts[
2m > [22mCVViewer[2m > 
[22memits close event 
when close button is 
clicked
[31m[1mError[22m: 
Cannot call trigger on an 
empty DOMWrapper.[39m
[36m [2mÔØ»[22m 
Object.get node_modules/@vu
e/test-utils/dist/vue-test-
utils.cjs.js:[2m1574:27[2
2m[39m
    [90m1572| [39m       
             return 
function () { return 
false; };
    [90m1573| [39m       
         default:
    [90m1574| [39m       
             throw new 
Error("Cannot call 
".concat(String(prop)ÔÇª
    [90m   | [39m        
                  
[31m^[39m
    [90m1575| [39m       
     }
    [90m1576| [39m       
 }
[90m [2mÔØ»[22m src/test
/cv-viewer.test.ts:[2m65:2
3[22m[39m

[31m[2mÔÄ»ÔÄ»ÔÄ»ÔÄ»ÔÄ»ÔÄ»
ÔÄ»ÔÄ»ÔÄ»ÔÄ»ÔÄ»ÔÄ»ÔÄ»ÔÄ»ÔÄ»
ÔÄ»ÔÄ»ÔÄ»ÔÄ»ÔÄ»ÔÄ»ÔÄ»[5/503
]ÔÄ»[22m[39m

[41m[1m FAIL [22m[49m s
rc/test/cv-viewer.test.ts[
2m > [22mCVViewer[2m > 
[22memits close event 
when backdrop is clicked
[31m[1mError[22m: 
Cannot call trigger on an 
empty DOMWrapper.[39m
[36m [2mÔØ»[22m 
Object.get node_modules/@vu
e/test-utils/dist/vue-test-
utils.cjs.js:[2m1574:27[2
2m[39m
    [90m1572| [39m       
             return 
function () { return 
false; };
    [90m1573| [39m       
         default:
    [90m1574| [39m       
             throw new 
Error("Cannot call 
".concat(String(prop)ÔÇª
    [90m   | [39m        
                  
[31m^[39m
    [90m1575| [39m       
     }
    [90m1576| [39m       
 }
[90m [2mÔØ»[22m src/test
/cv-viewer.test.ts:[2m79:2
0[22m[39m

[31m[2mÔÄ»ÔÄ»ÔÄ»ÔÄ»ÔÄ»ÔÄ»
ÔÄ»ÔÄ»ÔÄ»ÔÄ»ÔÄ»ÔÄ»ÔÄ»ÔÄ»ÔÄ»
ÔÄ»ÔÄ»ÔÄ»ÔÄ»ÔÄ»ÔÄ»ÔÄ»[6/503
]ÔÄ»[22m[39m

[41m[1m FAIL [22m[49m s
rc/test/cv-viewer.test.ts[
2m > [22mCVViewer[2m > 
[22mdisplays default CV 
path when no assets 
provided
[31m[1mError[22m: 
Cannot call attributes on 
an empty DOMWrapper.[39m
[36m [2mÔØ»[22m 
Object.get node_modules/@vu
e/test-utils/dist/vue-test-
utils.cjs.js:[2m1574:27[2
2m[39m
    [90m1572| [39m       
             return 
function () { return 
false; };
    [90m1573| [39m       
         default:
    [90m1574| [39m       
             throw new 
Error("Cannot call 
".concat(String(prop)ÔÇª
    [90m   | [39m        
                  
[31m^[39m
    [90m1575| [39m       
     }
    [90m1576| [39m       
 }
[90m [2mÔØ»[22m src/test
/cv-viewer.test.ts:[2m98:1
9[22m[39m

[31m[2mÔÄ»ÔÄ»ÔÄ»ÔÄ»ÔÄ»ÔÄ»
ÔÄ»ÔÄ»ÔÄ»ÔÄ»ÔÄ»ÔÄ»ÔÄ»ÔÄ»ÔÄ»
ÔÄ»ÔÄ»ÔÄ»ÔÄ»ÔÄ»ÔÄ»ÔÄ»[7/503
]ÔÄ»[22m[39m

[41m[1m FAIL [22m[49m s
rc/test/cv-viewer.test.ts[
2m > [22mCVViewer[2m > 
[22mhandles custom CV 
assets
[31m[1mError[22m: 
Cannot call text on an 
empty DOMWrapper.[39m
[36m [2mÔØ»[22m 
Object.get node_modules/@vu
e/test-utils/dist/vue-test-
utils.cjs.js:[2m1574:27[2
2m[39m
    [90m1572| [39m       
             return 
function () { return 
false; };
    [90m1573| [39m       
         default:
    [90m1574| [39m       
             throw new 
Error("Cannot call 
".concat(String(prop)ÔÇª
    [90m   | [39m        
                  
[31m^[39m
    [90m1575| [39m       
     }
    [90m1576| [39m       
 }
[90m [2mÔØ»[22m src/test
/cv-viewer.test.ts:[2m118:
21[22m[39m

[31m[2mÔÄ»ÔÄ»ÔÄ»ÔÄ»ÔÄ»ÔÄ»
ÔÄ»ÔÄ»ÔÄ»ÔÄ»ÔÄ»ÔÄ»ÔÄ»ÔÄ»ÔÄ»
ÔÄ»ÔÄ»ÔÄ»ÔÄ»ÔÄ»ÔÄ»ÔÄ»[8/503
]ÔÄ»[22m[39m

[41m[1m FAIL [22m[49m s
rc/test/cv-viewer.test.ts[
2m > [22mCVViewer[2m > 
[22mnavigates between 
pages correctly
[31m[1mError[22m: 
Cannot call trigger on an 
empty DOMWrapper.[39m
[36m [2mÔØ»[22m 
Object.get node_modules/@vu
e/test-utils/dist/vue-test-
utils.cjs.js:[2m1574:27[2
2m[39m
    [90m1572| [39m       
             return 
function () { return 
false; };
    [90m1573| [39m       
         default:
    [90m1574| [39m       
             throw new 
Error("Cannot call 
".concat(String(prop)ÔÇª
    [90m   | [39m        
                  
[31m^[39m
    [90m1575| [39m       
     }
    [90m1576| [39m       
 }
[90m [2mÔØ»[22m src/test
/cv-viewer.test.ts:[2m138:
22[22m[39m

[31m[2mÔÄ»ÔÄ»ÔÄ»ÔÄ»ÔÄ»ÔÄ»
ÔÄ»ÔÄ»ÔÄ»ÔÄ»ÔÄ»ÔÄ»ÔÄ»ÔÄ»ÔÄ»
ÔÄ»ÔÄ»ÔÄ»ÔÄ»ÔÄ»ÔÄ»ÔÄ»[9/503
]ÔÄ»[22m[39m

[41m[1m FAIL [22m[49m s
rc/test/cv-viewer.test.ts[
2m > [22mCVViewer[2m > 
[22mdisables navigation 
buttons at boundaries
[31m[1mError[22m: 
Cannot call attributes on 
an empty DOMWrapper.[39m
[36m [2mÔØ»[22m 
Object.get node_modules/@vu
e/test-utils/dist/vue-test-
utils.cjs.js:[2m1574:27[2
2m[39m
    [90m1572| [39m       
             return 
function () { return 
false; };
    [90m1573| [39m       
         default:
    [90m1574| [39m       
             throw new 
Error("Cannot call 
".concat(String(prop)ÔÇª
    [90m   | [39m        
                  
[31m^[39m
    [90m1575| [39m       
     }
    [90m1576| [39m       
 }
[90m [2mÔØ»[22m src/test
/cv-viewer.test.ts:[2m170:
23[22m[39m

[31m[2mÔÄ»ÔÄ»ÔÄ»ÔÄ»ÔÄ»ÔÄ»
ÔÄ»ÔÄ»ÔÄ»ÔÄ»ÔÄ»ÔÄ»ÔÄ»ÔÄ»ÔÄ»
ÔÄ»ÔÄ»ÔÄ»ÔÄ»ÔÄ»ÔÄ»[10/503]Ô
Ä»[22m[39m

[41m[1m FAIL [22m[49m s
rc/test/cv-viewer.test.ts[
2m > [22mCVViewer[2m > 
[22mshows loading state 
initially
[31m[1mAssertionError[22
m: expected false to be 
true // Object.is 
equality[39m

[32m- Expected[39m
[31m+ Received[39m

[32m- true[39m
[31m+ false[39m

[36m [2mÔØ»[22m src/test
/cv-viewer.test.ts:[2m190:
32[22m[39m
    [90m188| [39m    
[90m// The loading state 
should be set when isOpen 
becomes true[39m
    [90m189| [39m    
[35mawait[39m wrapper[33
m.[39mvm[33m.[39m[34m$n
extTick[39m()
    [90m190| [39m    [34
mexpect[39m(wrapper[33m.
[39mvm[33m.[39mloading)[
33m.[39m[34mtoBe[39m([3
5mtrue[39m)
    [90m   | [39m        
                       
[31m^[39m
    [90m191| [39m    [34
mexpect[39m(wrapper[33m.
[39m[34mfind[39m([32m'.a
nimate-spin'[39m)[33m.[3
9m[34mexists[39m())[33m.
[39m[34mtoBe[39m([35mtr
ue[39m)
    [90m192| [39m    [34
mexpect[39m(wrapper[33m.
[39m[34mtext[39m())[33m.
[39m[34mtoContain[39m([
32m'Loading CV 
document...'[39m)

[31m[2mÔÄ»ÔÄ»ÔÄ»ÔÄ»ÔÄ»ÔÄ»
ÔÄ»ÔÄ»ÔÄ»ÔÄ»ÔÄ»ÔÄ»ÔÄ»ÔÄ»ÔÄ»
ÔÄ»ÔÄ»ÔÄ»ÔÄ»ÔÄ»ÔÄ»[11/503]Ô
Ä»[22m[39m

[41m[1m FAIL [22m[49m s
rc/test/cv-viewer.test.ts[
2m > [22mCVViewer[2m > 
[22mshows error state 
when PDF fails to load
[31m[1mAssertionError[22
m: expected '' to contain 
'Failed to load CV'[39m

[32m- Expected[39m
[31m+ Received[39m

[32m- Failed to load 
CV[39m

[36m [2mÔØ»[22m src/test
/cv-viewer.test.ts:[2m206:
28[22m[39m
    [90m204| [39m    
[35mawait[39m wrapper[33
m.[39mvm[33m.[39m[34m$n
extTick[39m()
    [90m205| [39m
    [90m206| [39m    [34
mexpect[39m(wrapper[33m.
[39m[34mtext[39m())[33m.
[39m[34mtoContain[39m([
32m'Failed to load 
CV'[39m)
    [90m   | [39m        
                   
[31m^[39m
    [90m207| [39m    [34
mexpect[39m(wrapper[33m.
[39m[34mtext[39m())[33m.
[39m[34mtoContain[39m([
32m'Try Again'[39m)
    [90m208| [39m  })

[31m[2mÔÄ»ÔÄ»ÔÄ»ÔÄ»ÔÄ»ÔÄ»
ÔÄ»ÔÄ»ÔÄ»ÔÄ»ÔÄ»ÔÄ»ÔÄ»ÔÄ»ÔÄ»
ÔÄ»ÔÄ»ÔÄ»ÔÄ»ÔÄ»ÔÄ»[12/503]Ô
Ä»[22m[39m

[41m[1m FAIL [22m[49m s
rc/test/cv-viewer.test.ts[
2m > [22mCVViewer[2m > 
[22mprevents body scroll 
when open
[31m[1mAssertionError[22
m: expected '' to be 
'hidden' // Object.is 
equality[39m

[32m- Expected[39m
[31m+ Received[39m

[32m- hidden[39m

[36m [2mÔØ»[22m src/test
/cv-viewer.test.ts:[2m239:
42[22m[39m
    [90m237| [39m    
[35mawait[39m wrapper[33
m.[39m[34msetProps[39m({
 isOpen[33m:[39m 
[35mtrue[39m })
    [90m238| [39m
    [90m239| [39m    [34
mexpect[39m(document[33m.
[39mbody[33m.[39mstyle[
33m.[39moverflow)[33m.[3
9m[34mtoBe[39m([32m'hidd
en'[39m)
    [90m   | [39m        
                           
      [31m^[39m
    [90m240| [39m
    [90m241| [39m    
[90m// Close the 
viewer[39m

[31m[2mÔÄ»ÔÄ»ÔÄ»ÔÄ»ÔÄ»ÔÄ»
ÔÄ»ÔÄ»ÔÄ»ÔÄ»ÔÄ»ÔÄ»ÔÄ»ÔÄ»ÔÄ»
ÔÄ»ÔÄ»ÔÄ»ÔÄ»ÔÄ»ÔÄ»[13/503]Ô
Ä»[22m[39m

[41m[1m FAIL [22m[49m s
rc/test/cv-viewer.test.ts[
2m > [22mCVViewer[2m > 
[22mhandles keyboard 
navigation
[31m[1mAssertionError[22
m: expected undefined to 
be truthy[39m

[32m- Expected:[39m 
true

[31m+ Received:[39m 
undefined

[36m [2mÔØ»[22m src/test
/cv-viewer.test.ts:[2m261:
38[22m[39m
    [90m259| [39m    
[35mconst[39m 
escapeEvent [33m=[39m 
[35mnew[39m [33mKeyboard
Event[39m([32m'keydown'[
39m[33m,[39m { 
key[33m:[39m 
[32m'Escape'[39m })
    [90m260| [39m    wrap
per[33m.[39mvm[33m.[39m
[34mhandleKeydown[39m(esc
apeEvent)
    [90m261| [39m    [34
mexpect[39m(wrapper[33m.
[39m[34memitted[39m([32m
'close'[39m))[33m.[39m[
34mtoBeTruthy[39m()
    [90m   | [39m        
                           
  [31m^[39m
    [90m262| [39m
    [90m263| [39m    
[90m// Test Arrow Right 
key - should call nextPage 
method[39m

[31m[2mÔÄ»ÔÄ»ÔÄ»ÔÄ»ÔÄ»ÔÄ»
ÔÄ»ÔÄ»ÔÄ»ÔÄ»ÔÄ»ÔÄ»ÔÄ»ÔÄ»ÔÄ»
ÔÄ»ÔÄ»ÔÄ»ÔÄ»ÔÄ»ÔÄ»[14/503]Ô
Ä»[22m[39m

[41m[1m FAIL [22m[49m s
rc/test/integration-page-re
ndering.test.ts[2m > 
[22mPage Rendering 
Integration[2m > 
[22mComponent Data 
Flow[2m > [22mshould 
properly connect project 
data to project cards
[31m[1mAssertionError[22
m: expected +0 to be 2 // 
Object.is equality[39m

[32m- Expected[39m
[31m+ Received[39m

[32m- 2[39m
[31m+ 0[39m

[36m [2mÔØ»[22m src/test
/integration-page-rendering
.test.ts:[2m240:35[22m[3
9m
    [90m238| [39m      
[35mconst[39m 
projectCards [33m=[39m do
cument[33m.[39m[34mquery
SelectorAll[39m([32m'.pro
ject-card'[39m)[33m;[39m
    [90m239| [39m      
    [90m240| [39m      [
34mexpect[39m(projectCards
[33m.[39mlength)[33m.[3
9m[34mtoBe[39m([34m2[39
m)[33m;[39m
    [90m   | [39m        
                          
[31m^[39m
    [90m241| [39m
    [90m242| [39m      pr
ojectCards[33m.[39m[34mf
orEach[39m((card[33m,[39
m index) [33m=>[39m {

[31m[2mÔÄ»ÔÄ»ÔÄ»ÔÄ»ÔÄ»ÔÄ»
ÔÄ»ÔÄ»ÔÄ»ÔÄ»ÔÄ»ÔÄ»ÔÄ»ÔÄ»ÔÄ»
ÔÄ»ÔÄ»ÔÄ»ÔÄ»ÔÄ»ÔÄ»[15/503]Ô
Ä»[22m[39m

[41m[1m FAIL [22m[49m s
rc/test/integration-page-re
ndering.test.ts[2m > 
[22mPage Rendering 
Integration[2m > 
[22mComponent Data 
Flow[2m > [22mshould 
have consistent ID 
references
[31m[1mAssertionError[22
m: expected undefined to 
be 'profile-heading' // 
Object.is equality[39m

[32m- Expected:[39m 
"profile-heading"

[31m+ Received:[39m 
undefined

[36m [2mÔØ»[22m src/test
/integration-page-rendering
.test.ts:[2m263:63[22m[3
9m
    [90m261| [39m      
const profileHeading = docu
ment.getElementById('profil
e-heading'ÔÇª
    [90m262| [39m      
    [90m263| [39m      ex
pect(profileSection?.getAtt
ribute('aria-labelledby')).
toBe('prÔÇª
    [90m   | [39m        
                           
                           
[31m^[39m
    [90m264| [39m      [
34mexpect[39m(profileHeadi
ng)[33m.[39m[34mtoBeTrut
hy[39m()[33m;[39m
    [90m265| [39m

[31m[2mÔÄ»ÔÄ»ÔÄ»ÔÄ»ÔÄ»ÔÄ»
ÔÄ»ÔÄ»ÔÄ»ÔÄ»ÔÄ»ÔÄ»ÔÄ»ÔÄ»ÔÄ»
ÔÄ»ÔÄ»ÔÄ»ÔÄ»ÔÄ»ÔÄ»[16/503]Ô
Ä»[22m[39m

[41m[1m FAIL [22m[49m s
rc/test/integration-page-re
ndering.test.ts[2m > 
[22mPage Rendering 
Integration[2m > 
[22mInteractive Elements 
Integration[2m > 
[22mshould have CV button 
connected to CV viewer
[31m[1mAssertionError[22
m: expected null to be 
truthy[39m

[32m- Expected:[39m 
true

[31m+ Received:[39m 
null

[36m [2mÔØ»[22m src/test
/integration-page-rendering
.test.ts:[2m290:24[22m[3
9m
    [90m288| [39m      
[35mconst[39m cvViewer 
[33m=[39m document[33m.
[39m[34mgetElementById[39
m([32m'cv-viewer'[39m)[3
3m;[39m
    [90m289| [39m
    [90m290| [39m      [
34mexpect[39m(cvButton)[3
3m.[39m[34mtoBeTruthy[39
m()[33m;[39m
    [90m   | [39m        
               [31m^[39m
    [90m291| [39m      [
34mexpect[39m(cvViewer)[3
3m.[39m[34mtoBeTruthy[39
m()[33m;[39m
    [90m292| [39m      

[31m[2mÔÄ»ÔÄ»ÔÄ»ÔÄ»ÔÄ»ÔÄ»
ÔÄ»ÔÄ»ÔÄ»ÔÄ»ÔÄ»ÔÄ»ÔÄ»ÔÄ»ÔÄ»
ÔÄ»ÔÄ»ÔÄ»ÔÄ»ÔÄ»ÔÄ»[17/503]Ô
Ä»[22m[39m

[41m[1m FAIL [22m[49m s
rc/test/integration-page-re
ndering.test.ts[2m > 
[22mPage Rendering 
Integration[2m > 
[22mInteractive Elements 
Integration[2m > 
[22mshould have proper 
focus management setup
[31m[1mAssertionError[22
m: expected 0 to be 
greater than 0[39m
[36m [2mÔØ»[22m src/test
/integration-page-rendering
.test.ts:[2m321:40[22m[3
9m
    [90m319| [39m      
)[33m;[39m
    [90m320| [39m
    [90m321| [39m      [
34mexpect[39m(focusableEle
ments[33m.[39mlength)[33
m.[39m[34mtoBeGreaterThan
[39m([34m0[39m)[33m;[3
9m
    [90m   | [39m        
                           
    [31m^[39m
    [90m322| [39m
    [90m323| [39m      
[90m// Check that 
interactive elements have 
proper attributes[39m

[31m[2mÔÄ»ÔÄ»ÔÄ»ÔÄ»ÔÄ»ÔÄ»
ÔÄ»ÔÄ»ÔÄ»ÔÄ»ÔÄ»ÔÄ»ÔÄ»ÔÄ»ÔÄ»
ÔÄ»ÔÄ»ÔÄ»ÔÄ»ÔÄ»ÔÄ»[18/503]Ô
Ä»[22m[39m

[41m[1m FAIL [22m[49m s
rc/test/integration-page-re
ndering.test.ts[2m > 
[22mPage Rendering 
Integration[2m > 
[22mResponsive Design 
Integration[2m > 
[22mshould have 
responsive grid structure
[31m[1mAssertionError[22
m: expected null to be 
truthy[39m

[32m- Expected:[39m 
true

[31m+ Received:[39m 
null

[36m [2mÔØ»[22m src/test
/integration-page-rendering
.test.ts:[2m362:28[22m[3
9m
    [90m360| [39m      
const gridItems = document.
querySelectorAll('.projects
-grid__iteÔÇª
    [90m361| [39m
    [90m362| [39m      [
34mexpect[39m(projectsGrid
)[33m.[39m[34mtoBeTruthy
[39m()[33m;[39m
    [90m   | [39m        
                   
[31m^[39m
    [90m363| [39m      [
34mexpect[39m(gridItems[3
3m.[39mlength)[33m.[39m
[34mtoBeGreaterThan[39m([
34m0[39m)[33m;[39m
    [90m364| [39m

[31m[2mÔÄ»ÔÄ»ÔÄ»ÔÄ»ÔÄ»ÔÄ»
ÔÄ»ÔÄ»ÔÄ»ÔÄ»ÔÄ»ÔÄ»ÔÄ»ÔÄ»ÔÄ»
ÔÄ»ÔÄ»ÔÄ»ÔÄ»ÔÄ»ÔÄ»[19/503]Ô
Ä»[22m[39m

[41m[1m FAIL [22m[49m s
rc/test/integration-page-re
ndering.test.ts[2m > 
[22mPage Rendering 
Integration[2m > [22mSEO 
and Meta Tags 
Integration[2m > 
[22mshould have semantic 
HTML structure
[31m[1mAssertionError[22
m: expected null to be 
truthy[39m

[32m- Expected:[39m 
true

[31m+ Received:[39m 
null

[36m [2mÔØ»[22m src/test
/integration-page-rendering
.test.ts:[2m389:22[22m[3
9m
    [90m387| [39m      
[35mconst[39m articles 
[33m=[39m document[33m.
[39m[34mquerySelectorAll[
39m([32m'article'[39m)[3
3m;[39m
    [90m388| [39m
    [90m389| [39m      [
34mexpect[39m(header)[33m
.[39m[34mtoBeTruthy[39m(
)[33m;[39m
    [90m   | [39m        
             [31m^[39m
    [90m390| [39m      [
34mexpect[39m(main)[33m.
[39m[34mtoBeTruthy[39m()
[33m;[39m
    [90m391| [39m      [
34mexpect[39m(sections[33
m.[39mlength)[33m.[39m[
34mtoBeGreaterThanOrEqual[
39m([34m3[39m)[33m;[39m

[31m[2mÔÄ»ÔÄ»ÔÄ»ÔÄ»ÔÄ»ÔÄ»
ÔÄ»ÔÄ»ÔÄ»ÔÄ»ÔÄ»ÔÄ»ÔÄ»ÔÄ»ÔÄ»
ÔÄ»ÔÄ»ÔÄ»ÔÄ»ÔÄ»ÔÄ»[20/503]Ô
Ä»[22m[39m

[41m[1m FAIL [22m[49m s
rc/test/integration-page-re
ndering.test.ts[2m > 
[22mPage Rendering 
Integration[2m > 
[22mError Handling 
Integration[2m > 
[22mshould handle missing 
content gracefully
[31m[1mAssertionError[22
m: expected +0 to be 1 // 
Object.is equality[39m

[32m- Expected[39m
[31m+ Received[39m

[32m- 1[39m
[31m+ 0[39m

[36m [2mÔØ»[22m src/test
/integration-page-rendering
.test.ts:[2m453:37[22m[3
9m
    [90m451| [39m      
    [90m452| [39m      
const remainingCards = docu
ment.querySelectorAll('.pro
ject-card'ÔÇª
    [90m453| [39m      [
34mexpect[39m(remainingCar
ds[33m.[39mlength)[33m.
[39m[34mtoBe[39m([34m1[
39m)[33m;[39m
    [90m   | [39m        
                           
 [31m^[39m
    [90m454| [39m      
    [90m455| [39m      
[90m// Page structure 
should remain intact[39m

[31m[2mÔÄ»ÔÄ»ÔÄ»ÔÄ»ÔÄ»ÔÄ»
ÔÄ»ÔÄ»ÔÄ»ÔÄ»ÔÄ»ÔÄ»ÔÄ»ÔÄ»ÔÄ»
ÔÄ»ÔÄ»ÔÄ»ÔÄ»ÔÄ»ÔÄ»[21/503]Ô
Ä»[22m[39m

[41m[1m FAIL [22m[49m s
rc/test/integration-page-re
ndering.test.ts[2m > 
[22mPage Rendering 
Integration[2m > 
[22mCross-Component 
Communication[2m > 
[22mshould have proper 
event delegation setup
[31m[1mAssertionError[22
m: expected 0 to be 
greater than 0[39m
[36m [2mÔØ»[22m src/test
/integration-page-rendering
.test.ts:[2m518:42[22m[3
9m
    [90m516| [39m      
)[33m;[39m
    [90m517| [39m
    [90m518| [39m      [
34mexpect[39m(interactiveE
lements[33m.[39mlength)[
33m.[39m[34mtoBeGreaterTh
an[39m([34m0[39m)[33m;
[39m
    [90m   | [39m        
                           
      [31m^[39m
    [90m519| [39m
    [90m520| [39m      
[90m// Each interactive 
element should be properly 
configured[39m

[31m[2mÔÄ»ÔÄ»ÔÄ»ÔÄ»ÔÄ»ÔÄ»
ÔÄ»ÔÄ»ÔÄ»ÔÄ»ÔÄ»ÔÄ»ÔÄ»ÔÄ»ÔÄ»
ÔÄ»ÔÄ»ÔÄ»ÔÄ»ÔÄ»ÔÄ»[22/503]Ô
Ä»[22m[39m

[41m[1m FAIL [22m[49m s
rc/test/integration-page-re
ndering.test.ts[2m > 
[22mPage Rendering 
Integration[2m > 
[22mContent Validation 
Integration[2m > 
[22mshould have 
consistent data between 
sections
[31m[1mAssertionError[22
m: expected undefined to 
be truthy[39m

[32m- Expected:[39m 
true

[31m+ Received:[39m 
undefined

[36m [2mÔØ»[22m src/test
/integration-page-rendering
.test.ts:[2m555:27[22m[3
9m
    [90m553| [39m      
const profileRole = documen
t.querySelector('.profile-r
ole')?.texÔÇª
    [90m554| [39m
    [90m555| [39m      [
34mexpect[39m(profileName)
[33m.[39m[34mtoBeTruthy
[39m()[33m;[39m
    [90m   | [39m        
                  
[31m^[39m
    [90m556| [39m      [
34mexpect[39m(profileRole)
[33m.[39m[34mtoBeTruthy
[39m()[33m;[39m
    [90m557| [39m

[31m[2mÔÄ»ÔÄ»ÔÄ»ÔÄ»ÔÄ»ÔÄ»
ÔÄ»ÔÄ»ÔÄ»ÔÄ»ÔÄ»ÔÄ»ÔÄ»ÔÄ»ÔÄ»
ÔÄ»ÔÄ»ÔÄ»ÔÄ»ÔÄ»ÔÄ»[23/503]Ô
Ä»[22m[39m

[41m[1m FAIL [22m[49m s
rc/test/test-suite-runner.t
est.ts[2m > [22mContent 
Utility Functions[2m > 
[22misValidProject[2m > 
[22mshould return true 
for valid project
[41m[1m FAIL [22m[49m s
rc/test/test-suite-runner.t
est.ts[2m > [22mContent 
Utility Functions[2m > 
[22misValidProject[2m > 
[22mshould return false 
for null or undefined
[41m[1m FAIL [22m[49m s
rc/test/test-suite-runner.t
est.ts[2m > [22mContent 
Utility Functions[2m > 
[22misValidProject[2m > 
[22mshould return false 
for non-object input
[41m[1m FAIL [22m[49m s
rc/test/test-suite-runner.t
est.ts[2m > [22mContent 
Utility Functions[2m > 
[22misValidProject[2m > 
[22mshould return false 
for project without data 
property
[41m[1m FAIL [22m[49m s
rc/test/test-suite-runner.t
est.ts[2m > [22mContent 
Utility Functions[2m > 
[22misValidProject[2m > 
[22mshould return false 
for missing required fields
[41m[1m FAIL [22m[49m s
rc/test/test-suite-runner.t
est.ts[2m > [22mContent 
Utility Functions[2m > 
[22misValidProject[2m > 
[22mshould validate data 
types for required fields
[41m[1m FAIL [22m[49m s
rc/test/test-suite-runner.t
est.ts[2m > [22mContent 
Utility Functions[2m > 
[22misValidProject[2m > 
[22mshould validate 
optional field types
[41m[1m FAIL [22m[49m s
rc/test/test-suite-runner.t
est.ts[2m > [22mContent 
Utility Functions[2m > 
[22misValidProject[2m > 
[22mshould validate links 
structure
[41m[1m FAIL [22m[49m s
rc/test/test-suite-runner.t
est.ts[2m > [22mContent 
Utility Functions[2m > 
[22misValidProject[2m > 
[22mshould accept project 
without optional fields
[41m[1m FAIL [22m[49m s
rc/test/test-suite-runner.t
est.ts[2m > [22mContent 
Utility Functions[2m > 
[22misValidProject[2m > 
[22mshould accept project 
with empty links object
[41m[1m FAIL [22m[49m s
rc/test/test-suite-runner.t
est.ts[2m > [22mContent 
Utility Functions[2m > 
[22misValidProject[2m > 
[22mshould validate 
partial links
[41m[1m FAIL [22m[49m s
rc/test/test-suite-runner.t
est.ts[2m > [22mContent 
Utility Functions[2m > [2
2mhandleContentError[2m > 
[22mshould log error with 
default context
[41m[1m FAIL [22m[49m s
rc/test/test-suite-runner.t
est.ts[2m > [22mContent 
Utility Functions[2m > [2
2mhandleContentError[2m > 
[22mshould log error with 
custom context
[41m[1m FAIL [22m[49m s
rc/test/test-suite-runner.t
est.ts[2m > [22mContent 
Utility Functions[2m > [2
2mhandleContentError[2m > 
[22mshould provide 
specific guidance for 
schema validation errors
[41m[1m FAIL [22m[49m s
rc/test/test-suite-runner.t
est.ts[2m > [22mContent 
Utility Functions[2m > [2
2mhandleContentError[2m > 
[22mshould provide 
specific guidance for 
collection errors
[41m[1m FAIL [22m[49m s
rc/test/test-suite-runner.t
est.ts[2m > [22mContent 
Utility Functions[2m > [2
2mhandleContentError[2m > 
[22mshould provide 
specific guidance for file 
not found errors
[41m[1m FAIL [22m[49m s
rc/test/test-suite-runner.t
est.ts[2m > [22mContent 
Utility Functions[2m > [2
2mhandleContentError[2m > 
[22mshould handle 
non-Error objects
[41m[1m FAIL [22m[49m s
rc/test/test-suite-runner.t
est.ts[2m > [22mContent 
Utility Functions[2m > 
[22mgetProjects[2m > 
[22mshould return sorted 
projects
[41m[1m FAIL [22m[49m s
rc/test/test-suite-runner.t
est.ts[2m > [22mContent 
Utility Functions[2m > 
[22mgetProjects[2m > 
[22mshould handle errors 
gracefully
[41m[1m FAIL [22m[49m s
rc/test/test-suite-runner.t
est.ts[2m > [22mContent 
Utility Functions[2m > [2
2mgetFeaturedProjects[2m 
> [22mshould return only 
featured projects
[41m[1m FAIL [22m[49m s
rc/test/test-suite-runner.t
est.ts[2m > [22mContent 
Utility Functions[2m > [2
2mgetFeaturedProjects[2m 
> [22mshould handle 
errors gracefully
[41m[1m FAIL [22m[49m s
rc/test/test-suite-runner.t
est.ts[2m > [22mContent 
Utility Functions[2m > 
[22mgetProjectBySlug[2m 
> [22mshould return 
project with matching slug
[41m[1m FAIL [22m[49m s
rc/test/test-suite-runner.t
est.ts[2m > [22mContent 
Utility Functions[2m > 
[22mgetProjectBySlug[2m 
> [22mshould return 
undefined for non-existent 
slug
[41m[1m FAIL [22m[49m s
rc/test/test-suite-runner.t
est.ts[2m > [22mContent 
Utility Functions[2m > 
[22mgetProjectBySlug[2m 
> [22mshould handle 
errors gracefully
[41m[1m FAIL [22m[49m s
rc/test/test-suite-runner.t
est.ts[2m > [22mContent 
Utility Functions[2m > 
[22mlogProjectStats[2m > 
[22mshould log project 
statistics in development 
mode
[41m[1m FAIL [22m[49m s
rc/test/test-suite-runner.t
est.ts[2m > [22mContent 
Utility Functions[2m > 
[22mlogProjectStats[2m > 
[22mshould handle errors 
gracefully
[41m[1m FAIL [22m[49m s
rc/test/test-suite-runner.t
est.ts[2m > [22mContent 
Utility Functions[2m > 
[22mProject Data 
Processing[2m > 
[22mshould handle empty 
technologies array
[41m[1m FAIL [22m[49m s
rc/test/test-suite-runner.t
est.ts[2m > [22mContent 
Utility Functions[2m > 
[22mProject Data 
Processing[2m > 
[22mshould handle future 
publish dates
[41m[1m FAIL [22m[49m s
rc/test/test-suite-runner.t
est.ts[2m > [22mContent 
Utility Functions[2m > 
[22mProject Data 
Processing[2m > 
[22mshould handle special 
characters in project data
[41m[1m FAIL [22m[49m s
rc/test/test-suite-runner.t
est.ts[2m > [22mContent 
Utility Functions[2m > 
[22mProject Data 
Processing[2m > 
[22mshould handle very 
long strings
[41m[1m FAIL [22m[49m s
rc/test/test-suite-runner.t
est.ts[2m > [22mContent 
Utility Functions[2m > 
[22mEdge Cases[2m > 
[22mshould handle 
circular references in 
project data
[41m[1m FAIL [22m[49m s
rc/test/test-suite-runner.t
est.ts[2m > [22mContent 
Utility Functions[2m > 
[22mEdge Cases[2m > 
[22mshould handle 
prototype pollution 
attempts
[41m[1m FAIL [22m[49m s
rc/test/test-suite-runner.t
est.ts[2m > [22mSEO 
Utility Functions[2m > [2
2mgenerateProjectStructured
Data[2m > [22mshould 
generate valid structured 
data for a project
[41m[1m FAIL [22m[49m s
rc/test/test-suite-runner.t
est.ts[2m > [22mSEO 
Utility Functions[2m > [2
2mgenerateProjectStructured
Data[2m > [22mshould 
handle custom author name 
and base URL
[41m[1m FAIL [22m[49m s
rc/test/test-suite-runner.t
est.ts[2m > [22mSEO 
Utility Functions[2m > [2
2mgenerateProjectStructured
Data[2m > [22mshould 
handle external image URLs
[41m[1m FAIL [22m[49m s
rc/test/test-suite-runner.t
est.ts[2m > [22mSEO 
Utility Functions[2m > [2
2mgenerateProjectStructured
Data[2m > [22mshould 
handle missing optional 
links
[41m[1m FAIL [22m[49m s
rc/test/test-suite-runner.t
est.ts[2m > [22mSEO 
Utility Functions[2m > [2
2mgenerateProjectStructured
Data[2m > [22mshould 
handle empty technologies 
array
[41m[1m FAIL [22m[49m s
rc/test/test-suite-runner.t
est.ts[2m > [22mSEO 
Utility Functions[2m > [2
2mgeneratePortfolioStructur
edData[2m > [22mshould 
generate valid portfolio 
structured data
[41m[1m FAIL [22m[49m s
rc/test/test-suite-runner.t
est.ts[2m > [22mSEO 
Utility Functions[2m > [2
2mgeneratePortfolioStructur
edData[2m > [22mshould 
handle empty projects array
[41m[1m FAIL [22m[49m s
rc/test/test-suite-runner.t
est.ts[2m > [22mSEO 
Utility Functions[2m > [2
2mgeneratePortfolioStructur
edData[2m > [22mshould 
use custom author and base 
URL
[41m[1m FAIL [22m[49m s
rc/test/test-suite-runner.t
est.ts[2m > [22mSEO 
Utility Functions[2m > [2
2mgenerateBreadcrumbStructu
redData[2m > [22mshould 
generate valid breadcrumb 
structured data
[41m[1m FAIL [22m[49m s
rc/test/test-suite-runner.t
est.ts[2m > [22mSEO 
Utility Functions[2m > [2
2mgenerateBreadcrumbStructu
redData[2m > [22mshould 
handle absolute URLs
[41m[1m FAIL [22m[49m s
rc/test/test-suite-runner.t
est.ts[2m > [22mSEO 
Utility Functions[2m > [2
2mgenerateBreadcrumbStructu
redData[2m > [22mshould 
handle custom base URL
[41m[1m FAIL [22m[49m s
rc/test/test-suite-runner.t
est.ts[2m > [22mSEO 
Utility Functions[2m > [2
2mgenerateFAQStructuredData
[2m > [22mshould 
generate valid FAQ 
structured data
[41m[1m FAIL [22m[49m s
rc/test/test-suite-runner.t
est.ts[2m > [22mSEO 
Utility Functions[2m > [2
2mgenerateFAQStructuredData
[2m > [22mshould include 
expected FAQ topics
[41m[1m FAIL [22m[49m s
rc/test/test-suite-runner.t
est.ts[2m > [22mSEO 
Utility Functions[2m > [2
2mgenerateMetaDescription[
2m > [22mshould return 
content as-is if within 
limit
[41m[1m FAIL [22m[49m s
rc/test/test-suite-runner.t
est.ts[2m > [22mSEO 
Utility Functions[2m > [2
2mgenerateMetaDescription[
2m > [22mshould truncate 
at sentence boundary when 
possible
[41m[1m FAIL [22m[49m s
rc/test/test-suite-runner.t
est.ts[2m > [22mSEO 
Utility Functions[2m > [2
2mgenerateMetaDescription[
2m > [22mshould truncate 
at word boundary when no 
sentence boundary
[41m[1m FAIL [22m[49m s
rc/test/test-suite-runner.t
est.ts[2m > [22mSEO 
Utility Functions[2m > [2
2mgenerateMetaDescription[
2m > [22mshould remove 
markdown formatting
[41m[1m FAIL [22m[49m s
rc/test/test-suite-runner.t
est.ts[2m > [22mSEO 
Utility Functions[2m > [2
2mgenerateMetaDescription[
2m > [22mshould remove 
HTML tags
[41m[1m FAIL [22m[49m s
rc/test/test-suite-runner.t
est.ts[2m > [22mSEO 
Utility Functions[2m > [2
2mgenerateMetaDescription[
2m > [22mshould handle 
empty or whitespace content
[41m[1m FAIL [22m[49m s
rc/test/test-suite-runner.t
est.ts[2m > [22mSEO 
Utility Functions[2m > [2
2mgenerateMetaDescription[
2m > [22mshould use 
custom max length
[41m[1m FAIL [22m[49m s
rc/test/test-suite-runner.t
est.ts[2m > [22mSEO 
Utility Functions[2m > 
[22mgenerateKeywords[2m 
> [22mshould extract 
keywords from project 
technologies
[41m[1m FAIL [22m[49m s
rc/test/test-suite-runner.t
est.ts[2m > [22mSEO 
Utility Functions[2m > 
[22mgenerateKeywords[2m 
> [22mshould include base 
keywords
[41m[1m FAIL [22m[49m s
rc/test/test-suite-runner.t
est.ts[2m > [22mSEO 
Utility Functions[2m > 
[22mgenerateKeywords[2m 
> [22mshould add 
technology variations
[41m[1m FAIL [22m[49m s
rc/test/test-suite-runner.t
est.ts[2m > [22mSEO 
Utility Functions[2m > 
[22mgenerateKeywords[2m 
> [22mshould return 
sorted unique keywords
[41m[1m FAIL [22m[49m s
rc/test/test-suite-runner.t
est.ts[2m > [22mSEO 
Utility Functions[2m > 
[22mgenerateKeywords[2m 
> [22mshould handle empty 
projects array
[41m[1m FAIL [22m[49m s
rc/test/test-suite-runner.t
est.ts[2m > [22mSEO 
Utility Functions[2m > 
[22mgenerateKeywords[2m 
> [22mshould handle 
projects with no 
technologies
[41m[1m FAIL [22m[49m s
rc/test/test-suite-runner.t
est.ts[2m > [22mSEO 
Utility Functions[2m > 
[22msanitizeSEOData[2m > 
[22mshould use provided 
values when valid
[41m[1m FAIL [22m[49m s
rc/test/test-suite-runner.t
est.ts[2m > [22mSEO 
Utility Functions[2m > 
[22msanitizeSEOData[2m > 
[22mshould use defaults 
for missing values
[41m[1m FAIL [22m[49m s
rc/test/test-suite-runner.t
est.ts[2m > [22mSEO 
Utility Functions[2m > 
[22msanitizeSEOData[2m > 
[22mshould truncate title 
to 60 characters
[41m[1m FAIL [22m[49m s
rc/test/test-suite-runner.t
est.ts[2m > [22mSEO 
Utility Functions[2m > 
[22msanitizeSEOData[2m > 
[22mshould truncate 
description to 160 
characters
[41m[1m FAIL [22m[49m s
rc/test/test-suite-runner.t
est.ts[2m > [22mSEO 
Utility Functions[2m > 
[22msanitizeSEOData[2m > 
[22mshould limit keywords 
to 10 items
[41m[1m FAIL [22m[49m s
rc/test/test-suite-runner.t
est.ts[2m > [22mSEO 
Utility Functions[2m > 
[22msanitizeSEOData[2m > 
[22mshould trim 
whitespace from strings
[41m[1m FAIL [22m[49m s
rc/test/test-suite-runner.t
est.ts[2m > [22mSEO 
Utility Functions[2m > 
[22msanitizeSEOData[2m > 
[22mshould handle 
undefined and null values
[41m[1m FAIL [22m[49m s
rc/test/test-suite-runner.t
est.ts[2m > [22mSEO 
Utility Functions[2m > 
[22mEdge Cases and Error 
Handling[2m > [22mshould 
handle malformed project 
data gracefully
[41m[1m FAIL [22m[49m s
rc/test/test-suite-runner.t
est.ts[2m > [22mSEO 
Utility Functions[2m > 
[22mEdge Cases and Error 
Handling[2m > [22mshould 
handle special characters 
in structured data
[41m[1m FAIL [22m[49m s
rc/test/test-suite-runner.t
est.ts[2m > [22mSEO 
Utility Functions[2m > 
[22mEdge Cases and Error 
Handling[2m > [22mshould 
handle very long 
technology arrays
[41m[1m FAIL [22m[49m s
rc/test/test-suite-runner.t
est.ts[2m > 
[22mPerformance Utility 
Functions[2m > 
[22mlazyLoad[2m > 
[22mshould use 
requestIdleCallback when 
available
[41m[1m FAIL [22m[49m s
rc/test/test-suite-runner.t
est.ts[2m > 
[22mPerformance Utility 
Functions[2m > 
[22mlazyLoad[2m > 
[22mshould fallback to 
setTimeout when 
requestIdleCallback is not 
available
[41m[1m FAIL [22m[49m s
rc/test/test-suite-runner.t
est.ts[2m > 
[22mPerformance Utility 
Functions[2m > 
[22mlazyLoad[2m > 
[22mshould handle import 
errors gracefully
[41m[1m FAIL [22m[49m s
rc/test/test-suite-runner.t
est.ts[2m > 
[22mPerformance Utility 
Functions[2m > 
[22mLazyImageLoader[2m > 
[22mshould initialize 
with IntersectionObserver 
when available
[41m[1m FAIL [22m[49m s
rc/test/test-suite-runner.t
est.ts[2m > 
[22mPerformance Utility 
Functions[2m > 
[22mLazyImageLoader[2m > 
[22mshould observe images 
with data-src attribute
[41m[1m FAIL [22m[49m s
rc/test/test-suite-runner.t
est.ts[2m > 
[22mPerformance Utility 
Functions[2m > 
[22mLazyImageLoader[2m > 
[22mshould load image 
immediately when 
IntersectionObserver is 
not available
[41m[1m FAIL [22m[49m s
rc/test/test-suite-runner.t
est.ts[2m > 
[22mPerformance Utility 
Functions[2m > 
[22mLazyImageLoader[2m > 
[22mshould handle images 
without data-src
[41m[1m FAIL [22m[49m s
rc/test/test-suite-runner.t
est.ts[2m > 
[22mPerformance Utility 
Functions[2m > 
[22mLazyImageLoader[2m > 
[22mshould disconnect 
observer properly
[41m[1m FAIL [22m[49m s
rc/test/test-suite-runner.t
est.ts[2m > 
[22mPerformance Utility 
Functions[2m > 
[22mGlobal Instances[2m 
> [22mshould export 
global performance monitor 
instance
[41m[1m FAIL [22m[49m s
rc/test/test-suite-runner.t
est.ts[2m > 
[22mPerformance Utility 
Functions[2m > 
[22mGlobal Instances[2m 
> [22mshould export 
global resource preloader 
instance
[41m[1m FAIL [22m[49m s
rc/test/test-suite-runner.t
est.ts[2m > 
[22mPerformance Utility 
Functions[2m > 
[22mGlobal Instances[2m 
> [22mshould export 
global lazy image loader 
instance
[41m[1m FAIL [22m[49m s
rc/test/test-suite-runner.t
est.ts[2m > 
[22mPerformance Utility 
Functions[2m > 
[22mCleanup and Memory 
Management[2m > 
[22mshould handle 
beforeunload event for 
cleanup
[41m[1m FAIL [22m[49m s
rc/test/test-suite-runner.t
est.ts[2m > 
[22mPerformance Utility 
Functions[2m > 
[22mCleanup and Memory 
Management[2m > 
[22mshould clean up 
observers on disconnect
[41m[1m FAIL [22m[49m s
rc/test/test-suite-runner.t
est.ts[2m > 
[22mPerformance Utility 
Functions[2m > [22mEdge 
Cases and Error 
Handling[2m > [22mshould 
handle missing window 
object
[41m[1m FAIL [22m[49m s
rc/test/test-suite-runner.t
est.ts[2m > 
[22mPerformance Utility 
Functions[2m > [22mEdge 
Cases and Error 
Handling[2m > [22mshould 
handle malformed 
performance entries
[41m[1m FAIL [22m[49m s
rc/test/test-suite-runner.t
est.ts[2m > 
[22mPerformance Utility 
Functions[2m > [22mEdge 
Cases and Error 
Handling[2m > [22mshould 
handle DOM manipulation 
errors
[41m[1m FAIL [22m[49m s
rc/test/test-suite-runner.t
est.ts[2m > [22mContent 
Collections[2m > 
[22mProject Files[2m > 
[22mshould have project 
files in the projects 
directory
[41m[1m FAIL [22m[49m s
rc/test/test-suite-runner.t
est.ts[2m > [22mContent 
Collections[2m > 
[22mProject Files[2m > 
[22mshould have valid 
frontmatter in all project 
files
[41m[1m FAIL [22m[49m s
rc/test/test-suite-runner.t
est.ts[2m > [22mContent 
Collections[2m > 
[22mProject Files[2m > 
[22mshould have valid 
technologies arrays
[41m[1m FAIL [22m[49m s
rc/test/test-suite-runner.t
est.ts[2m > [22mContent 
Collections[2m > 
[22mProject Files[2m > 
[22mshould have valid 
links structure when 
present
[41m[1m FAIL [22m[49m s
rc/test/test-suite-runner.t
est.ts[2m > [22mContent 
Collections[2m > 
[22mProject Files[2m > 
[22mshould have 
reasonable publish dates
[41m[1m FAIL [22m[49m s
rc/test/test-suite-runner.t
est.ts[2m > [22mContent 
Collections[2m > 
[22mProject Files[2m > 
[22mshould have non-empty 
content body
[41m[1m FAIL [22m[49m s
rc/test/test-suite-runner.t
est.ts[2m > [22mContent 
Collections[2m > 
[22mProject Files[2m > 
[22mshould have unique 
project orders
[41m[1m FAIL [22m[49m s
rc/test/test-suite-runner.t
est.ts[2m > [22mContent 
Collections[2m > 
[22mProject Files[2m > 
[22mshould have at least 
one featured project
[41m[1m FAIL [22m[49m s
rc/test/test-suite-runner.t
est.ts[2m > [22mContent 
Collections[2m > 
[22mContent Schema 
Validation[2m > 
[22mshould match the 
expected schema structure
[41m[1m FAIL [22m[49m s
rc/test/test-suite-runner.t
est.ts[2m > 
[22mAccessibility 
Features[2m > [22mHeader 
Component[2m > 
[22mshould have proper 
ARIA attributes on CV 
button
[41m[1m FAIL [22m[49m s
rc/test/test-suite-runner.t
est.ts[2m > 
[22mAccessibility 
Features[2m > [22mHeader 
Component[2m > 
[22mshould have skip link 
for keyboard navigation
[41m[1m FAIL [22m[49m s
rc/test/test-suite-runner.t
est.ts[2m > 
[22mAccessibility 
Features[2m > [22mHeader 
Component[2m > 
[22mshould have proper 
role attribute
[41m[1m FAIL [22m[49m s
rc/test/test-suite-runner.t
est.ts[2m > 
[22mAccessibility 
Features[2m > [22mHeader 
Component[2m > 
[22mshould have screen 
reader description
[41m[1m FAIL [22m[49m s
rc/test/test-suite-runner.t
est.ts[2m > 
[22mAccessibility 
Features[2m > 
[22mProject Card 
Component[2m > 
[22mshould have proper 
ARIA attributes
[41m[1m FAIL [22m[49m s
rc/test/test-suite-runner.t
est.ts[2m > 
[22mAccessibility 
Features[2m > 
[22mProject Card 
Component[2m > 
[22mshould have proper 
heading structure
[41m[1m FAIL [22m[49m s
rc/test/test-suite-runner.t
est.ts[2m > 
[22mAccessibility 
Features[2m > 
[22mProject Card 
Component[2m > 
[22mshould have 
descriptive image alt text
[41m[1m FAIL [22m[49m s
rc/test/test-suite-runner.t
est.ts[2m > 
[22mAccessibility 
Features[2m > 
[22mProject Card 
Component[2m > 
[22mshould have proper 
link accessibility
[41m[1m FAIL [22m[49m s
rc/test/test-suite-runner.t
est.ts[2m > 
[22mAccessibility 
Features[2m > 
[22mProject Card 
Component[2m > 
[22mshould have 
technologies list with 
proper ARIA
[41m[1m FAIL [22m[49m s
rc/test/test-suite-runner.t
est.ts[2m > 
[22mAccessibility 
Features[2m > 
[22mProject Card 
Component[2m > 
[22mshould have overlay 
marked as decorative
[41m[1m FAIL [22m[49m s
rc/test/test-suite-runner.t
est.ts[2m > 
[22mAccessibility 
Features[2m > 
[22mProject Card 
Component[2m > 
[22mshould have SVG icons 
marked as decorative
[41m[1m FAIL [22m[49m s
rc/test/test-suite-runner.t
est.ts[2m > 
[22mAccessibility 
Features[2m > 
[22mProjects Section 
Component[2m > 
[22mshould have proper 
section labeling
[41m[1m FAIL [22m[49m s
rc/test/test-suite-runner.t
est.ts[2m > 
[22mAccessibility 
Features[2m > 
[22mProjects Section 
Component[2m > 
[22mshould have proper 
heading hierarchy
[41m[1m FAIL [22m[49m s
rc/test/test-suite-runner.t
est.ts[2m > 
[22mAccessibility 
Features[2m > 
[22mProjects Section 
Component[2m > 
[22mshould have projects 
grid as list
[41m[1m FAIL [22m[49m s
rc/test/test-suite-runner.t
est.ts[2m > 
[22mAccessibility 
Features[2m > 
[22mProfile Section 
Component[2m > 
[22mshould have proper 
section labeling
[41m[1m FAIL [22m[49m s
rc/test/test-suite-runner.t
est.ts[2m > 
[22mAccessibility 
Features[2m > 
[22mProfile Section 
Component[2m > 
[22mshould have proper 
heading hierarchy
[41m[1m FAIL [22m[49m s
rc/test/test-suite-runner.t
est.ts[2m > 
[22mAccessibility 
Features[2m > 
[22mProfile Section 
Component[2m > 
[22mshould have role 
description properly linked
[41m[1m FAIL [22m[49m s
rc/test/test-suite-runner.t
est.ts[2m > 
[22mAccessibility 
Features[2m > [22mIntro 
Section Component[2m > 
[22mshould have proper 
section labeling
[41m[1m FAIL [22m[49m s
rc/test/test-suite-runner.t
est.ts[2m > 
[22mAccessibility 
Features[2m > [22mIntro 
Section Component[2m > 
[22mshould have screen 
reader only heading
[41m[1m FAIL [22m[49m s
rc/test/test-suite-runner.t
est.ts[2m > 
[22mAccessibility 
Features[2m > 
[22mKeyboard 
Navigation[2m > 
[22mshould handle Enter 
key on project card
[41m[1m FAIL [22m[49m s
rc/test/test-suite-runner.t
est.ts[2m > 
[22mAccessibility 
Features[2m > 
[22mKeyboard 
Navigation[2m > 
[22mshould handle Tab key 
for focus trapping in modal
[41m[1m FAIL [22m[49m s
rc/test/test-suite-runner.t
est.ts[2m > 
[22mAccessibility 
Features[2m > [22mScreen 
Reader Support[2m > 
[22mshould have proper 
live regions
[41m[1m FAIL [22m[49m s
rc/test/test-suite-runner.t
est.ts[2m > 
[22mAccessibility 
Features[2m > [22mScreen 
Reader Support[2m > 
[22mshould have screen 
reader only content 
properly hidden
[41m[1m FAIL [22m[49m s
rc/test/test-suite-runner.t
est.ts[2m > 
[22mAccessibility 
Features[2m > [22mARIA 
Landmarks and 
Structure[2m > 
[22mshould have proper 
landmark roles
[41m[1m FAIL [22m[49m s
rc/test/test-suite-runner.t
est.ts[2m > 
[22mAccessibility 
Features[2m > [22mARIA 
Landmarks and 
Structure[2m > 
[22mshould have proper 
heading hierarchy
[41m[1m FAIL [22m[49m s
rc/test/test-suite-runner.t
est.ts[2m > 
[22mAccessibility Tests 
with axe-core[2m > 
[22mComplete Portfolio 
Page[2m > [22mshould 
pass axe-core 
accessibility audit
[41m[1m FAIL [22m[49m s
rc/test/test-suite-runner.t
est.ts[2m > 
[22mAccessibility Tests 
with axe-core[2m > 
[22mComplete Portfolio 
Page[2m > [22mshould 
have proper ARIA landmarks
[41m[1m FAIL [22m[49m s
rc/test/test-suite-runner.t
est.ts[2m > 
[22mAccessibility Tests 
with axe-core[2m > 
[22mComplete Portfolio 
Page[2m > [22mshould 
have proper heading 
hierarchy
[41m[1m FAIL [22m[49m s
rc/test/test-suite-runner.t
est.ts[2m > 
[22mAccessibility Tests 
with axe-core[2m > 
[22mComplete Portfolio 
Page[2m > [22mshould 
have proper ARIA attributes
[41m[1m FAIL [22m[49m s
rc/test/test-suite-runner.t
est.ts[2m > 
[22mAccessibility Tests 
with axe-core[2m > 
[22mComplete Portfolio 
Page[2m > [22mshould 
have accessible form 
controls and buttons
[41m[1m FAIL [22m[49m s
rc/test/test-suite-runner.t
est.ts[2m > 
[22mAccessibility Tests 
with axe-core[2m > 
[22mComplete Portfolio 
Page[2m > [22mshould 
have accessible images
[41m[1m FAIL [22m[49m s
rc/test/test-suite-runner.t
est.ts[2m > 
[22mAccessibility Tests 
with axe-core[2m > 
[22mComplete Portfolio 
Page[2m > [22mshould 
have proper list structure
[41m[1m FAIL [22m[49m s
rc/test/test-suite-runner.t
est.ts[2m > 
[22mAccessibility Tests 
with axe-core[2m > 
[22mComplete Portfolio 
Page[2m > [22mshould 
have accessible modal 
dialog
[41m[1m FAIL [22m[49m s
rc/test/test-suite-runner.t
est.ts[2m > 
[22mAccessibility Tests 
with axe-core[2m > 
[22mKeyboard 
Navigation[2m > 
[22mshould have proper 
focus management
[41m[1m FAIL [22m[49m s
rc/test/test-suite-runner.t
est.ts[2m > 
[22mAccessibility Tests 
with axe-core[2m > 
[22mKeyboard 
Navigation[2m > 
[22mshould have focusable 
elements in logical order
[41m[1m FAIL [22m[49m s
rc/test/test-suite-runner.t
est.ts[2m > 
[22mAccessibility Tests 
with axe-core[2m > 
[22mKeyboard 
Navigation[2m > 
[22mshould not have 
elements with positive 
tabindex
[41m[1m FAIL [22m[49m s
rc/test/test-suite-runner.t
est.ts[2m > 
[22mAccessibility Tests 
with axe-core[2m > 
[22mScreen Reader 
Support[2m > [22mshould 
have proper live regions
[41m[1m FAIL [22m[49m s
rc/test/test-suite-runner.t
est.ts[2m > 
[22mAccessibility Tests 
with axe-core[2m > 
[22mScreen Reader 
Support[2m > [22mshould 
have proper screen reader 
only content
[41m[1m FAIL [22m[49m s
rc/test/test-suite-runner.t
est.ts[2m > 
[22mAccessibility Tests 
with axe-core[2m > 
[22mScreen Reader 
Support[2m > [22mshould 
have proper ARIA 
descriptions and labels
[41m[1m FAIL [22m[49m s
rc/test/test-suite-runner.t
est.ts[2m > 
[22mAccessibility Tests 
with axe-core[2m > 
[22mColor and 
Contrast[2m > [22mshould 
pass color contrast 
requirements
[41m[1m FAIL [22m[49m s
rc/test/test-suite-runner.t
est.ts[2m > 
[22mAccessibility Tests 
with axe-core[2m > 
[22mForm and Input 
Accessibility[2m > 
[22mshould have 
accessible form controls
[41m[1m FAIL [22m[49m s
rc/test/test-suite-runner.t
est.ts[2m > 
[22mAccessibility Tests 
with axe-core[2m > 
[22mForm and Input 
Accessibility[2m > 
[22mshould have proper 
fieldset and legend
[41m[1m FAIL [22m[49m s
rc/test/test-suite-runner.t
est.ts[2m > 
[22mAccessibility Tests 
with axe-core[2m > 
[22mDynamic Content 
Accessibility[2m > 
[22mshould handle dynamic 
content updates accessibly
[41m[1m FAIL [22m[49m s
rc/test/test-suite-runner.t
est.ts[2m > 
[22mAccessibility Tests 
with axe-core[2m > 
[22mDynamic Content 
Accessibility[2m > 
[22mshould handle loading 
states accessibly
[41m[1m FAIL [22m[49m s
rc/test/test-suite-runner.t
est.ts[2m > [22mPage 
Rendering Integration[2m 
> [22mComplete Page 
Structure[2m > 
[22mshould have complete 
page structure with all 
sections
[41m[1m FAIL [22m[49m s
rc/test/test-suite-runner.t
est.ts[2m > [22mPage 
Rendering Integration[2m 
> [22mComplete Page 
Structure[2m > 
[22mshould have proper 
heading hierarchy
[41m[1m FAIL [22m[49m s
rc/test/test-suite-runner.t
est.ts[2m > [22mPage 
Rendering Integration[2m 
> [22mComplete Page 
Structure[2m > 
[22mshould have proper 
ARIA landmarks and labels
[41m[1m FAIL [22m[49m s
rc/test/test-suite-runner.t
est.ts[2m > [22mPage 
Rendering Integration[2m 
> [22mComplete Page 
Structure[2m > 
[22mshould have skip link 
for accessibility
[41m[1m FAIL [22m[49m s
rc/test/test-suite-runner.t
est.ts[2m > [22mPage 
Rendering Integration[2m 
> [22mComponent Data 
Flow[2m > [22mshould 
properly connect project 
data to project cards
[41m[1m FAIL [22m[49m s
rc/test/test-suite-runner.t
est.ts[2m > [22mPage 
Rendering Integration[2m 
> [22mComponent Data 
Flow[2m > [22mshould 
have consistent ID 
references
[41m[1m FAIL [22m[49m s
rc/test/test-suite-runner.t
est.ts[2m > [22mPage 
Rendering Integration[2m 
> [22mInteractive 
Elements Integration[2m > 
[22mshould have CV button 
connected to CV viewer
[41m[1m FAIL [22m[49m s
rc/test/test-suite-runner.t
est.ts[2m > [22mPage 
Rendering Integration[2m 
> [22mInteractive 
Elements Integration[2m > 
[22mshould have project 
cards with proper link 
structure
[41m[1m FAIL [22m[49m s
rc/test/test-suite-runner.t
est.ts[2m > [22mPage 
Rendering Integration[2m 
> [22mInteractive 
Elements Integration[2m > 
[22mshould have proper 
focus management setup
[41m[1m FAIL [22m[49m s
rc/test/test-suite-runner.t
est.ts[2m > [22mPage 
Rendering Integration[2m 
> [22mResponsive Design 
Integration[2m > 
[22mshould have 
responsive image attributes
[41m[1m FAIL [22m[49m s
rc/test/test-suite-runner.t
est.ts[2m > [22mPage 
Rendering Integration[2m 
> [22mResponsive Design 
Integration[2m > 
[22mshould have proper 
viewport meta tag
[41m[1m FAIL [22m[49m s
rc/test/test-suite-runner.t
est.ts[2m > [22mPage 
Rendering Integration[2m 
> [22mResponsive Design 
Integration[2m > 
[22mshould have 
responsive grid structure
[41m[1m FAIL [22m[49m s
rc/test/test-suite-runner.t
est.ts[2m > [22mPage 
Rendering Integration[2m 
> [22mSEO and Meta Tags 
Integration[2m > 
[22mshould have proper 
document head structure
[41m[1m FAIL [22m[49m s
rc/test/test-suite-runner.t
est.ts[2m > [22mPage 
Rendering Integration[2m 
> [22mSEO and Meta Tags 
Integration[2m > 
[22mshould have semantic 
HTML structure
[41m[1m FAIL [22m[49m s
rc/test/test-suite-runner.t
est.ts[2m > [22mPage 
Rendering Integration[2m 
> [22mSEO and Meta Tags 
Integration[2m > 
[22mshould have proper 
language attribute
[41m[1m FAIL [22m[49m s
rc/test/test-suite-runner.t
est.ts[2m > [22mPage 
Rendering Integration[2m 
> [22mPerformance 
Optimization 
Integration[2m > 
[22mshould have lazy 
loading setup for images
[41m[1m FAIL [22m[49m s
rc/test/test-suite-runner.t
est.ts[2m > [22mPage 
Rendering Integration[2m 
> [22mPerformance 
Optimization 
Integration[2m > 
[22mshould have proper 
resource hints in head
[41m[1m FAIL [22m[49m s
rc/test/test-suite-runner.t
est.ts[2m > [22mPage 
Rendering Integration[2m 
> [22mError Handling 
Integration[2m > 
[22mshould handle missing 
images gracefully
[41m[1m FAIL [22m[49m s
rc/test/test-suite-runner.t
est.ts[2m > [22mPage 
Rendering Integration[2m 
> [22mError Handling 
Integration[2m > 
[22mshould handle missing 
content gracefully
[41m[1m FAIL [22m[49m s
rc/test/test-suite-runner.t
est.ts[2m > [22mPage 
Rendering Integration[2m 
> [22mAnimation and 
Interaction 
Integration[2m > 
[22mshould have proper 
CSS classes for animations
[41m[1m FAIL [22m[49m s
rc/test/test-suite-runner.t
est.ts[2m > [22mPage 
Rendering Integration[2m 
> [22mAnimation and 
Interaction 
Integration[2m > 
[22mshould respect 
reduced motion preferences
[41m[1m FAIL [22m[49m s
rc/test/test-suite-runner.t
est.ts[2m > [22mPage 
Rendering Integration[2m 
> [22mCross-Component 
Communication[2m > 
[22mshould have 
consistent theme and 
styling across components
[41m[1m FAIL [22m[49m s
rc/test/test-suite-runner.t
est.ts[2m > [22mPage 
Rendering Integration[2m 
> [22mCross-Component 
Communication[2m > 
[22mshould have proper 
event delegation setup
[41m[1m FAIL [22m[49m s
rc/test/test-suite-runner.t
est.ts[2m > [22mPage 
Rendering Integration[2m 
> [22mContent Validation 
Integration[2m > 
[22mshould have valid 
project data structure in 
DOM
[41m[1m FAIL [22m[49m s
rc/test/test-suite-runner.t
est.ts[2m > [22mPage 
Rendering Integration[2m 
> [22mContent Validation 
Integration[2m > 
[22mshould have 
consistent data between 
sections
[41m[1m FAIL [22m[49m s
rc/test/test-suite-runner.t
est.ts[2m > [22mVisual 
Regression Tests[2m > 
[22mResponsive Layout 
Tests[2m > [22mshould 
render correctly on mobile 
viewport
[41m[1m FAIL [22m[49m s
rc/test/test-suite-runner.t
est.ts[2m > [22mVisual 
Regression Tests[2m > 
[22mResponsive Layout 
Tests[2m > [22mshould 
render correctly on tablet 
viewport
[41m[1m FAIL [22m[49m s
rc/test/test-suite-runner.t
est.ts[2m > [22mVisual 
Regression Tests[2m > 
[22mResponsive Layout 
Tests[2m > [22mshould 
render correctly on 
desktop viewport
[41m[1m FAIL [22m[49m s
rc/test/test-suite-runner.t
est.ts[2m > [22mVisual 
Regression Tests[2m > 
[22mComponent State 
Visual Tests[2m > 
[22mshould render project 
card in default state
[41m[1m FAIL [22m[49m s
rc/test/test-suite-runner.t
est.ts[2m > [22mVisual 
Regression Tests[2m > 
[22mComponent State 
Visual Tests[2m > 
[22mshould render project 
card in hover state
[41m[1m FAIL [22m[49m s
rc/test/test-suite-runner.t
est.ts[2m > [22mVisual 
Regression Tests[2m > 
[22mComponent State 
Visual Tests[2m > 
[22mshould render button 
in different states
[41m[1m FAIL [22m[49m s
rc/test/test-suite-runner.t
est.ts[2m > [22mVisual 
Regression Tests[2m > 
[22mComponent State 
Visual Tests[2m > 
[22mshould render modal 
in closed state
[41m[1m FAIL [22m[49m s
rc/test/test-suite-runner.t
est.ts[2m > [22mVisual 
Regression Tests[2m > 
[22mComponent State 
Visual Tests[2m > 
[22mshould render modal 
in open state
[41m[1m FAIL [22m[49m s
rc/test/test-suite-runner.t
est.ts[2m > [22mVisual 
Regression Tests[2m > 
[22mTypography and 
Spacing Tests[2m > 
[22mshould have 
consistent typography 
hierarchy
[41m[1m FAIL [22m[49m s
rc/test/test-suite-runner.t
est.ts[2m > [22mVisual 
Regression Tests[2m > 
[22mTypography and 
Spacing Tests[2m > 
[22mshould maintain 
proper spacing between 
elements
[41m[1m FAIL [22m[49m s
rc/test/test-suite-runner.t
est.ts[2m > [22mVisual 
Regression Tests[2m > 
[22mColor and Theme 
Tests[2m > [22mshould 
apply consistent color 
scheme
[41m[1m FAIL [22m[49m s
rc/test/test-suite-runner.t
est.ts[2m > [22mVisual 
Regression Tests[2m > 
[22mColor and Theme 
Tests[2m > [22mshould 
handle dark mode if 
implemented
[41m[1m FAIL [22m[49m s
rc/test/test-suite-runner.t
est.ts[2m > [22mVisual 
Regression Tests[2m > 
[22mAnimation and 
Transition Tests[2m > 
[22mshould respect 
reduced motion preferences
[41m[1m FAIL [22m[49m s
rc/test/test-suite-runner.t
est.ts[2m > [22mVisual 
Regression Tests[2m > 
[22mAnimation and 
Transition Tests[2m > 
[22mshould handle 
animation states correctly
[41m[1m FAIL [22m[49m s
rc/test/test-suite-runner.t
est.ts[2m > [22mVisual 
Regression Tests[2m > 
[22mPrint Styles 
Tests[2m > [22mshould 
have print-friendly 
structure
[41m[1m FAIL [22m[49m s
rc/test/test-suite-runner.t
est.ts[2m > 
[22mComprehensive Test 
Suite[2m > [22mUnit 
Tests[2m > [22mshould 
run all utility function 
tests
[41m[1m FAIL [22m[49m s
rc/test/test-suite-runner.t
est.ts[2m > 
[22mComprehensive Test 
Suite[2m > 
[22mIntegration Tests[2m 
> [22mshould run all 
integration tests
[41m[1m FAIL [22m[49m s
rc/test/test-suite-runner.t
est.ts[2m > 
[22mComprehensive Test 
Suite[2m > 
[22mAccessibility 
Tests[2m > [22mshould 
run all accessibility tests
[41m[1m FAIL [22m[49m s
rc/test/test-suite-runner.t
est.ts[2m > 
[22mComprehensive Test 
Suite[2m > [22mVisual 
Regression Tests[2m > 
[22mshould run all visual 
tests
[41m[1m FAIL [22m[49m s
rc/test/test-suite-runner.t
est.ts[2m > 
[22mComprehensive Test 
Suite[2m > [22mComponent 
Tests[2m > [22mshould 
run all component tests
[41m[1m FAIL [22m[49m s
rc/test/test-suite-runner.t
est.ts[2m > 
[22mComprehensive Test 
Suite[2m > [22mTest 
Coverage Requirements[2m 
> [22mshould meet minimum 
coverage thresholds
[41m[1m FAIL [22m[49m s
rc/test/test-suite-runner.t
est.ts[2m > 
[22mComprehensive Test 
Suite[2m > [22mTest 
Coverage Requirements[2m 
> [22mshould test all 
critical user paths
[41m[1m FAIL [22m[49m s
rc/test/test-suite-runner.t
est.ts[2m > 
[22mComprehensive Test 
Suite[2m > 
[22mPerformance Test 
Requirements[2m > 
[22mshould validate 
performance budgets
[41m[1m FAIL [22m[49m s
rc/test/test-suite-runner.t
est.ts[2m > 
[22mComprehensive Test 
Suite[2m > [22mSecurity 
Test Requirements[2m > 
[22mshould validate 
security measures
[41m[1m FAIL [22m[49m s
rc/test/test-suite-runner.t
est.ts[2m > 
[22mComprehensive Test 
Suite[2m > [22mBrowser 
Compatibility[2m > 
[22mshould support target 
browsers
[41m[1m FAIL [22m[49m s
rc/test/test-suite-runner.t
est.ts[2m > 
[22mComprehensive Test 
Suite[2m > [22mTest 
Environment Validation[2m 
> [22mshould have proper 
test environment setup
[41m[1m FAIL [22m[49m s
rc/test/test-suite-runner.t
est.ts[2m > 
[22mComprehensive Test 
Suite[2m > [22mTest 
Environment Validation[2m 
> [22mshould have all 
required test utilities
[41m[1m FAIL [22m[49m s
rc/test/utils-performance.t
est.ts[2m > 
[22mPerformance Utility 
Functions[2m > 
[22mlazyLoad[2m > 
[22mshould use 
requestIdleCallback when 
available
[41m[1m FAIL [22m[49m s
rc/test/utils-performance.t
est.ts[2m > 
[22mPerformance Utility 
Functions[2m > 
[22mlazyLoad[2m > 
[22mshould fallback to 
setTimeout when 
requestIdleCallback is not 
available
[41m[1m FAIL [22m[49m s
rc/test/utils-performance.t
est.ts[2m > 
[22mPerformance Utility 
Functions[2m > 
[22mlazyLoad[2m > 
[22mshould handle import 
errors gracefully
[41m[1m FAIL [22m[49m s
rc/test/utils-performance.t
est.ts[2m > 
[22mPerformance Utility 
Functions[2m > 
[22mLazyImageLoader[2m > 
[22mshould initialize 
with IntersectionObserver 
when available
[41m[1m FAIL [22m[49m s
rc/test/utils-performance.t
est.ts[2m > 
[22mPerformance Utility 
Functions[2m > 
[22mLazyImageLoader[2m > 
[22mshould observe images 
with data-src attribute
[41m[1m FAIL [22m[49m s
rc/test/utils-performance.t
est.ts[2m > 
[22mPerformance Utility 
Functions[2m > 
[22mLazyImageLoader[2m > 
[22mshould load image 
immediately when 
IntersectionObserver is 
not available
[41m[1m FAIL [22m[49m s
rc/test/utils-performance.t
est.ts[2m > 
[22mPerformance Utility 
Functions[2m > 
[22mLazyImageLoader[2m > 
[22mshould handle images 
without data-src
[41m[1m FAIL [22m[49m s
rc/test/utils-performance.t
est.ts[2m > 
[22mPerformance Utility 
Functions[2m > 
[22mLazyImageLoader[2m > 
[22mshould disconnect 
observer properly
[41m[1m FAIL [22m[49m s
rc/test/utils-performance.t
est.ts[2m > 
[22mPerformance Utility 
Functions[2m > 
[22mGlobal Instances[2m 
> [22mshould export 
global performance monitor 
instance
[41m[1m FAIL [22m[49m s
rc/test/utils-performance.t
est.ts[2m > 
[22mPerformance Utility 
Functions[2m > 
[22mGlobal Instances[2m 
> [22mshould export 
global resource preloader 
instance
[41m[1m FAIL [22m[49m s
rc/test/utils-performance.t
est.ts[2m > 
[22mPerformance Utility 
Functions[2m > 
[22mGlobal Instances[2m 
> [22mshould export 
global lazy image loader 
instance
[41m[1m FAIL [22m[49m s
rc/test/utils-performance.t
est.ts[2m > 
[22mPerformance Utility 
Functions[2m > 
[22mCleanup and Memory 
Management[2m > 
[22mshould handle 
beforeunload event for 
cleanup
[41m[1m FAIL [22m[49m s
rc/test/utils-performance.t
est.ts[2m > 
[22mPerformance Utility 
Functions[2m > 
[22mCleanup and Memory 
Management[2m > 
[22mshould clean up 
observers on disconnect
[41m[1m FAIL [22m[49m s
rc/test/utils-performance.t
est.ts[2m > 
[22mPerformance Utility 
Functions[2m > [22mEdge 
Cases and Error 
Handling[2m > [22mshould 
handle missing window 
object
[41m[1m FAIL [22m[49m s
rc/test/utils-performance.t
est.ts[2m > 
[22mPerformance Utility 
Functions[2m > [22mEdge 
Cases and Error 
Handling[2m > [22mshould 
handle malformed 
performance entries
[41m[1m FAIL [22m[49m s
rc/test/utils-performance.t
est.ts[2m > 
[22mPerformance Utility 
Functions[2m > [22mEdge 
Cases and Error 
Handling[2m > [22mshould 
handle DOM manipulation 
errors
[31m[1mTypeError[22m: 
Cannot set property 
performance of #<Window> 
which has only a 
getter[39m
[36m [2mÔØ»[22m src/test
/utils-performance.test.ts:
[2m54:14[22m[39m
    [90m 52| [39m
    [90m 53| [39m  
[90m// Mock performance 
API[39m
    [90m 54| [39m  mockWi
ndow[33m.[39mperformance 
[33m=[39m {
    [90m   | [39m        
     [31m^[39m
    [90m 55| [39m    
mark[33m:[39m vi[33m.[3
9m[34mfn[39m()[33m,[39m
    [90m 56| [39m    
measure[33m:[39m vi[33m.
[39m[34mfn[39m()[33m,[
39m

[31m[2mÔÄ»ÔÄ»ÔÄ»ÔÄ»ÔÄ»ÔÄ»
ÔÄ»ÔÄ»ÔÄ»ÔÄ»ÔÄ»ÔÄ»ÔÄ»ÔÄ»ÔÄ»
ÔÄ»ÔÄ»ÔÄ»ÔÄ»ÔÄ»ÔÄ»[24/503]Ô
Ä»[22m[39m

[41m[1m FAIL [22m[49m s
rc/test/test-suite-runner.t
est.ts[2m > [22mContent 
Utility Functions[2m > 
[22misValidProject[2m > 
[22mshould return true 
for valid project
[41m[1m FAIL [22m[49m s
rc/test/test-suite-runner.t
est.ts[2m > [22mContent 
Utility Functions[2m > 
[22misValidProject[2m > 
[22mshould return false 
for null or undefined
[41m[1m FAIL [22m[49m s
rc/test/test-suite-runner.t
est.ts[2m > [22mContent 
Utility Functions[2m > 
[22misValidProject[2m > 
[22mshould return false 
for non-object input
[41m[1m FAIL [22m[49m s
rc/test/test-suite-runner.t
est.ts[2m > [22mContent 
Utility Functions[2m > 
[22misValidProject[2m > 
[22mshould return false 
for project without data 
property
[41m[1m FAIL [22m[49m s
rc/test/test-suite-runner.t
est.ts[2m > [22mContent 
Utility Functions[2m > 
[22misValidProject[2m > 
[22mshould return false 
for missing required fields
[41m[1m FAIL [22m[49m s
rc/test/test-suite-runner.t
est.ts[2m > [22mContent 
Utility Functions[2m > 
[22misValidProject[2m > 
[22mshould validate data 
types for required fields
[41m[1m FAIL [22m[49m s
rc/test/test-suite-runner.t
est.ts[2m > [22mContent 
Utility Functions[2m > 
[22misValidProject[2m > 
[22mshould validate 
optional field types
[41m[1m FAIL [22m[49m s
rc/test/test-suite-runner.t
est.ts[2m > [22mContent 
Utility Functions[2m > 
[22misValidProject[2m > 
[22mshould validate links 
structure
[41m[1m FAIL [22m[49m s
rc/test/test-suite-runner.t
est.ts[2m > [22mContent 
Utility Functions[2m > 
[22misValidProject[2m > 
[22mshould accept project 
without optional fields
[41m[1m FAIL [22m[49m s
rc/test/test-suite-runner.t
est.ts[2m > [22mContent 
Utility Functions[2m > 
[22misValidProject[2m > 
[22mshould accept project 
with empty links object
[41m[1m FAIL [22m[49m s
rc/test/test-suite-runner.t
est.ts[2m > [22mContent 
Utility Functions[2m > 
[22misValidProject[2m > 
[22mshould validate 
partial links
[41m[1m FAIL [22m[49m s
rc/test/test-suite-runner.t
est.ts[2m > [22mContent 
Utility Functions[2m > [2
2mhandleContentError[2m > 
[22mshould log error with 
default context
[41m[1m FAIL [22m[49m s
rc/test/test-suite-runner.t
est.ts[2m > [22mContent 
Utility Functions[2m > [2
2mhandleContentError[2m > 
[22mshould log error with 
custom context
[41m[1m FAIL [22m[49m s
rc/test/test-suite-runner.t
est.ts[2m > [22mContent 
Utility Functions[2m > [2
2mhandleContentError[2m > 
[22mshould provide 
specific guidance for 
schema validation errors
[41m[1m FAIL [22m[49m s
rc/test/test-suite-runner.t
est.ts[2m > [22mContent 
Utility Functions[2m > [2
2mhandleContentError[2m > 
[22mshould provide 
specific guidance for 
collection errors
[41m[1m FAIL [22m[49m s
rc/test/test-suite-runner.t
est.ts[2m > [22mContent 
Utility Functions[2m > [2
2mhandleContentError[2m > 
[22mshould provide 
specific guidance for file 
not found errors
[41m[1m FAIL [22m[49m s
rc/test/test-suite-runner.t
est.ts[2m > [22mContent 
Utility Functions[2m > [2
2mhandleContentError[2m > 
[22mshould handle 
non-Error objects
[41m[1m FAIL [22m[49m s
rc/test/test-suite-runner.t
est.ts[2m > [22mContent 
Utility Functions[2m > 
[22mgetProjects[2m > 
[22mshould return sorted 
projects
[41m[1m FAIL [22m[49m s
rc/test/test-suite-runner.t
est.ts[2m > [22mContent 
Utility Functions[2m > 
[22mgetProjects[2m > 
[22mshould handle errors 
gracefully
[41m[1m FAIL [22m[49m s
rc/test/test-suite-runner.t
est.ts[2m > [22mContent 
Utility Functions[2m > [2
2mgetFeaturedProjects[2m 
> [22mshould return only 
featured projects
[41m[1m FAIL [22m[49m s
rc/test/test-suite-runner.t
est.ts[2m > [22mContent 
Utility Functions[2m > [2
2mgetFeaturedProjects[2m 
> [22mshould handle 
errors gracefully
[41m[1m FAIL [22m[49m s
rc/test/test-suite-runner.t
est.ts[2m > [22mContent 
Utility Functions[2m > 
[22mgetProjectBySlug[2m 
> [22mshould return 
project with matching slug
[41m[1m FAIL [22m[49m s
rc/test/test-suite-runner.t
est.ts[2m > [22mContent 
Utility Functions[2m > 
[22mgetProjectBySlug[2m 
> [22mshould return 
undefined for non-existent 
slug
[41m[1m FAIL [22m[49m s
rc/test/test-suite-runner.t
est.ts[2m > [22mContent 
Utility Functions[2m > 
[22mgetProjectBySlug[2m 
> [22mshould handle 
errors gracefully
[41m[1m FAIL [22m[49m s
rc/test/test-suite-runner.t
est.ts[2m > [22mContent 
Utility Functions[2m > 
[22mlogProjectStats[2m > 
[22mshould log project 
statistics in development 
mode
[41m[1m FAIL [22m[49m s
rc/test/test-suite-runner.t
est.ts[2m > [22mContent 
Utility Functions[2m > 
[22mlogProjectStats[2m > 
[22mshould handle errors 
gracefully
[41m[1m FAIL [22m[49m s
rc/test/test-suite-runner.t
est.ts[2m > [22mContent 
Utility Functions[2m > 
[22mProject Data 
Processing[2m > 
[22mshould handle empty 
technologies array
[41m[1m FAIL [22m[49m s
rc/test/test-suite-runner.t
est.ts[2m > [22mContent 
Utility Functions[2m > 
[22mProject Data 
Processing[2m > 
[22mshould handle future 
publish dates
[41m[1m FAIL [22m[49m s
rc/test/test-suite-runner.t
est.ts[2m > [22mContent 
Utility Functions[2m > 
[22mProject Data 
Processing[2m > 
[22mshould handle special 
characters in project data
[41m[1m FAIL [22m[49m s
rc/test/test-suite-runner.t
est.ts[2m > [22mContent 
Utility Functions[2m > 
[22mProject Data 
Processing[2m > 
[22mshould handle very 
long strings
[41m[1m FAIL [22m[49m s
rc/test/test-suite-runner.t
est.ts[2m > [22mContent 
Utility Functions[2m > 
[22mEdge Cases[2m > 
[22mshould handle 
circular references in 
project data
[41m[1m FAIL [22m[49m s
rc/test/test-suite-runner.t
est.ts[2m > [22mContent 
Utility Functions[2m > 
[22mEdge Cases[2m > 
[22mshould handle 
prototype pollution 
attempts
[31m[1mTypeError[22m: 
Cannot read properties of 
undefined (reading 
'window')[39m
[36m [2mÔØ»[22m src/test
/visual-regression.test.ts:
[2m118:7[22m[39m
    [90m116| [39m
    [90m117| [39m[34maft
erEach[39m(() 
[33m=>[39m {
    [90m118| [39m  dom[3
3m.[39mwindow[33m.[39m[
34mclose[39m()[33m;[39m
    [90m   | [39m      
[31m^[39m
    [90m119| [39m  vi[33
m.[39m[34mclearAllMocks[
39m()[33m;[39m
    [90m120| 
[39m})[33m;[39m

[31m[2mÔÄ»ÔÄ»ÔÄ»ÔÄ»ÔÄ»ÔÄ»
ÔÄ»ÔÄ»ÔÄ»ÔÄ»ÔÄ»ÔÄ»ÔÄ»ÔÄ»ÔÄ»
ÔÄ»ÔÄ»ÔÄ»ÔÄ»ÔÄ»ÔÄ»[25/503]Ô
Ä»[22m[39m

[41m[1m FAIL [22m[49m s
rc/test/test-suite-runner.t
est.ts[2m > [22mSEO 
Utility Functions[2m > [2
2mgenerateProjectStructured
Data[2m > [22mshould 
generate valid structured 
data for a project
[41m[1m FAIL [22m[49m s
rc/test/test-suite-runner.t
est.ts[2m > [22mSEO 
Utility Functions[2m > [2
2mgenerateProjectStructured
Data[2m > [22mshould 
handle custom author name 
and base URL
[41m[1m FAIL [22m[49m s
rc/test/test-suite-runner.t
est.ts[2m > [22mSEO 
Utility Functions[2m > [2
2mgenerateProjectStructured
Data[2m > [22mshould 
handle external image URLs
[41m[1m FAIL [22m[49m s
rc/test/test-suite-runner.t
est.ts[2m > [22mSEO 
Utility Functions[2m > [2
2mgenerateProjectStructured
Data[2m > [22mshould 
handle missing optional 
links
[41m[1m FAIL [22m[49m s
rc/test/test-suite-runner.t
est.ts[2m > [22mSEO 
Utility Functions[2m > [2
2mgenerateProjectStructured
Data[2m > [22mshould 
handle empty technologies 
array
[41m[1m FAIL [22m[49m s
rc/test/test-suite-runner.t
est.ts[2m > [22mSEO 
Utility Functions[2m > [2
2mgeneratePortfolioStructur
edData[2m > [22mshould 
generate valid portfolio 
structured data
[41m[1m FAIL [22m[49m s
rc/test/test-suite-runner.t
est.ts[2m > [22mSEO 
Utility Functions[2m > [2
2mgeneratePortfolioStructur
edData[2m > [22mshould 
handle empty projects array
[41m[1m FAIL [22m[49m s
rc/test/test-suite-runner.t
est.ts[2m > [22mSEO 
Utility Functions[2m > [2
2mgeneratePortfolioStructur
edData[2m > [22mshould 
use custom author and base 
URL
[41m[1m FAIL [22m[49m s
rc/test/test-suite-runner.t
est.ts[2m > [22mSEO 
Utility Functions[2m > [2
2mgenerateBreadcrumbStructu
redData[2m > [22mshould 
generate valid breadcrumb 
structured data
[41m[1m FAIL [22m[49m s
rc/test/test-suite-runner.t
est.ts[2m > [22mSEO 
Utility Functions[2m > [2
2mgenerateBreadcrumbStructu
redData[2m > [22mshould 
handle absolute URLs
[41m[1m FAIL [22m[49m s
rc/test/test-suite-runner.t
est.ts[2m > [22mSEO 
Utility Functions[2m > [2
2mgenerateBreadcrumbStructu
redData[2m > [22mshould 
handle custom base URL
[41m[1m FAIL [22m[49m s
rc/test/test-suite-runner.t
est.ts[2m > [22mSEO 
Utility Functions[2m > [2
2mgenerateFAQStructuredData
[2m > [22mshould 
generate valid FAQ 
structured data
[41m[1m FAIL [22m[49m s
rc/test/test-suite-runner.t
est.ts[2m > [22mSEO 
Utility Functions[2m > [2
2mgenerateFAQStructuredData
[2m > [22mshould include 
expected FAQ topics
[41m[1m FAIL [22m[49m s
rc/test/test-suite-runner.t
est.ts[2m > [22mSEO 
Utility Functions[2m > [2
2mgenerateMetaDescription[
2m > [22mshould return 
content as-is if within 
limit
[41m[1m FAIL [22m[49m s
rc/test/test-suite-runner.t
est.ts[2m > [22mSEO 
Utility Functions[2m > [2
2mgenerateMetaDescription[
2m > [22mshould truncate 
at sentence boundary when 
possible
[41m[1m FAIL [22m[49m s
rc/test/test-suite-runner.t
est.ts[2m > [22mSEO 
Utility Functions[2m > [2
2mgenerateMetaDescription[
2m > [22mshould truncate 
at word boundary when no 
sentence boundary
[41m[1m FAIL [22m[49m s
rc/test/test-suite-runner.t
est.ts[2m > [22mSEO 
Utility Functions[2m > [2
2mgenerateMetaDescription[
2m > [22mshould remove 
markdown formatting
[41m[1m FAIL [22m[49m s
rc/test/test-suite-runner.t
est.ts[2m > [22mSEO 
Utility Functions[2m > [2
2mgenerateMetaDescription[
2m > [22mshould remove 
HTML tags
[41m[1m FAIL [22m[49m s
rc/test/test-suite-runner.t
est.ts[2m > [22mSEO 
Utility Functions[2m > [2
2mgenerateMetaDescription[
2m > [22mshould handle 
empty or whitespace content
[41m[1m FAIL [22m[49m s
rc/test/test-suite-runner.t
est.ts[2m > [22mSEO 
Utility Functions[2m > [2
2mgenerateMetaDescription[
2m > [22mshould use 
custom max length
[41m[1m FAIL [22m[49m s
rc/test/test-suite-runner.t
est.ts[2m > [22mSEO 
Utility Functions[2m > 
[22mgenerateKeywords[2m 
> [22mshould extract 
keywords from project 
technologies
[41m[1m FAIL [22m[49m s
rc/test/test-suite-runner.t
est.ts[2m > [22mSEO 
Utility Functions[2m > 
[22mgenerateKeywords[2m 
> [22mshould include base 
keywords
[41m[1m FAIL [22m[49m s
rc/test/test-suite-runner.t
est.ts[2m > [22mSEO 
Utility Functions[2m > 
[22mgenerateKeywords[2m 
> [22mshould add 
technology variations
[41m[1m FAIL [22m[49m s
rc/test/test-suite-runner.t
est.ts[2m > [22mSEO 
Utility Functions[2m > 
[22mgenerateKeywords[2m 
> [22mshould return 
sorted unique keywords
[41m[1m FAIL [22m[49m s
rc/test/test-suite-runner.t
est.ts[2m > [22mSEO 
Utility Functions[2m > 
[22mgenerateKeywords[2m 
> [22mshould handle empty 
projects array
[41m[1m FAIL [22m[49m s
rc/test/test-suite-runner.t
est.ts[2m > [22mSEO 
Utility Functions[2m > 
[22mgenerateKeywords[2m 
> [22mshould handle 
projects with no 
technologies
[41m[1m FAIL [22m[49m s
rc/test/test-suite-runner.t
est.ts[2m > [22mSEO 
Utility Functions[2m > 
[22msanitizeSEOData[2m > 
[22mshould use provided 
values when valid
[41m[1m FAIL [22m[49m s
rc/test/test-suite-runner.t
est.ts[2m > [22mSEO 
Utility Functions[2m > 
[22msanitizeSEOData[2m > 
[22mshould use defaults 
for missing values
[41m[1m FAIL [22m[49m s
rc/test/test-suite-runner.t
est.ts[2m > [22mSEO 
Utility Functions[2m > 
[22msanitizeSEOData[2m > 
[22mshould truncate title 
to 60 characters
[41m[1m FAIL [22m[49m s
rc/test/test-suite-runner.t
est.ts[2m > [22mSEO 
Utility Functions[2m > 
[22msanitizeSEOData[2m > 
[22mshould truncate 
description to 160 
characters
[41m[1m FAIL [22m[49m s
rc/test/test-suite-runner.t
est.ts[2m > [22mSEO 
Utility Functions[2m > 
[22msanitizeSEOData[2m > 
[22mshould limit keywords 
to 10 items
[41m[1m FAIL [22m[49m s
rc/test/test-suite-runner.t
est.ts[2m > [22mSEO 
Utility Functions[2m > 
[22msanitizeSEOData[2m > 
[22mshould trim 
whitespace from strings
[41m[1m FAIL [22m[49m s
rc/test/test-suite-runner.t
est.ts[2m > [22mSEO 
Utility Functions[2m > 
[22msanitizeSEOData[2m > 
[22mshould handle 
undefined and null values
[41m[1m FAIL [22m[49m s
rc/test/test-suite-runner.t
est.ts[2m > [22mSEO 
Utility Functions[2m > 
[22mEdge Cases and Error 
Handling[2m > [22mshould 
handle malformed project 
data gracefully
[41m[1m FAIL [22m[49m s
rc/test/test-suite-runner.t
est.ts[2m > [22mSEO 
Utility Functions[2m > 
[22mEdge Cases and Error 
Handling[2m > [22mshould 
handle special characters 
in structured data
[41m[1m FAIL [22m[49m s
rc/test/test-suite-runner.t
est.ts[2m > [22mSEO 
Utility Functions[2m > 
[22mEdge Cases and Error 
Handling[2m > [22mshould 
handle very long 
technology arrays
[41m[1m FAIL [22m[49m s
rc/test/test-suite-runner.t
est.ts[2m > 
[22mPerformance Utility 
Functions[2m > 
[22mlazyLoad[2m > 
[22mshould use 
requestIdleCallback when 
available
[41m[1m FAIL [22m[49m s
rc/test/test-suite-runner.t
est.ts[2m > 
[22mPerformance Utility 
Functions[2m > 
[22mlazyLoad[2m > 
[22mshould fallback to 
setTimeout when 
requestIdleCallback is not 
available
[41m[1m FAIL [22m[49m s
rc/test/test-suite-runner.t
est.ts[2m > 
[22mPerformance Utility 
Functions[2m > 
[22mlazyLoad[2m > 
[22mshould handle import 
errors gracefully
[41m[1m FAIL [22m[49m s
rc/test/test-suite-runner.t
est.ts[2m > 
[22mPerformance Utility 
Functions[2m > 
[22mGlobal Instances[2m 
> [22mshould export 
global performance monitor 
instance
[41m[1m FAIL [22m[49m s
rc/test/test-suite-runner.t
est.ts[2m > 
[22mPerformance Utility 
Functions[2m > 
[22mGlobal Instances[2m 
> [22mshould export 
global resource preloader 
instance
[41m[1m FAIL [22m[49m s
rc/test/test-suite-runner.t
est.ts[2m > 
[22mPerformance Utility 
Functions[2m > 
[22mGlobal Instances[2m 
> [22mshould export 
global lazy image loader 
instance
[41m[1m FAIL [22m[49m s
rc/test/test-suite-runner.t
est.ts[2m > 
[22mPerformance Utility 
Functions[2m > 
[22mCleanup and Memory 
Management[2m > 
[22mshould handle 
beforeunload event for 
cleanup
[41m[1m FAIL [22m[49m s
rc/test/test-suite-runner.t
est.ts[2m > 
[22mPerformance Utility 
Functions[2m > 
[22mCleanup and Memory 
Management[2m > 
[22mshould clean up 
observers on disconnect
[41m[1m FAIL [22m[49m s
rc/test/test-suite-runner.t
est.ts[2m > 
[22mPerformance Utility 
Functions[2m > [22mEdge 
Cases and Error 
Handling[2m > [22mshould 
handle missing window 
object
[41m[1m FAIL [22m[49m s
rc/test/test-suite-runner.t
est.ts[2m > 
[22mPerformance Utility 
Functions[2m > [22mEdge 
Cases and Error 
Handling[2m > [22mshould 
handle malformed 
performance entries
[41m[1m FAIL [22m[49m s
rc/test/test-suite-runner.t
est.ts[2m > 
[22mPerformance Utility 
Functions[2m > [22mEdge 
Cases and Error 
Handling[2m > [22mshould 
handle DOM manipulation 
errors
[41m[1m FAIL [22m[49m s
rc/test/test-suite-runner.t
est.ts[2m > [22mContent 
Collections[2m > 
[22mProject Files[2m > 
[22mshould have project 
files in the projects 
directory
[41m[1m FAIL [22m[49m s
rc/test/test-suite-runner.t
est.ts[2m > [22mContent 
Collections[2m > 
[22mProject Files[2m > 
[22mshould have valid 
frontmatter in all project 
files
[41m[1m FAIL [22m[49m s
rc/test/test-suite-runner.t
est.ts[2m > [22mContent 
Collections[2m > 
[22mProject Files[2m > 
[22mshould have valid 
technologies arrays
[41m[1m FAIL [22m[49m s
rc/test/test-suite-runner.t
est.ts[2m > [22mContent 
Collections[2m > 
[22mProject Files[2m > 
[22mshould have valid 
links structure when 
present
[41m[1m FAIL [22m[49m s
rc/test/test-suite-runner.t
est.ts[2m > [22mContent 
Collections[2m > 
[22mProject Files[2m > 
[22mshould have 
reasonable publish dates
[41m[1m FAIL [22m[49m s
rc/test/test-suite-runner.t
est.ts[2m > [22mContent 
Collections[2m > 
[22mProject Files[2m > 
[22mshould have non-empty 
content body
[41m[1m FAIL [22m[49m s
rc/test/test-suite-runner.t
est.ts[2m > [22mContent 
Collections[2m > 
[22mProject Files[2m > 
[22mshould have unique 
project orders
[41m[1m FAIL [22m[49m s
rc/test/test-suite-runner.t
est.ts[2m > [22mContent 
Collections[2m > 
[22mProject Files[2m > 
[22mshould have at least 
one featured project
[41m[1m FAIL [22m[49m s
rc/test/test-suite-runner.t
est.ts[2m > [22mContent 
Collections[2m > 
[22mContent Schema 
Validation[2m > 
[22mshould match the 
expected schema structure
[41m[1m FAIL [22m[49m s
rc/test/test-suite-runner.t
est.ts[2m > 
[22mAccessibility 
Features[2m > [22mHeader 
Component[2m > 
[22mshould have proper 
ARIA attributes on CV 
button
[41m[1m FAIL [22m[49m s
rc/test/test-suite-runner.t
est.ts[2m > 
[22mAccessibility 
Features[2m > [22mHeader 
Component[2m > 
[22mshould have skip link 
for keyboard navigation
[41m[1m FAIL [22m[49m s
rc/test/test-suite-runner.t
est.ts[2m > 
[22mAccessibility 
Features[2m > [22mHeader 
Component[2m > 
[22mshould have proper 
role attribute
[41m[1m FAIL [22m[49m s
rc/test/test-suite-runner.t
est.ts[2m > 
[22mAccessibility 
Features[2m > [22mHeader 
Component[2m > 
[22mshould have screen 
reader description
[41m[1m FAIL [22m[49m s
rc/test/test-suite-runner.t
est.ts[2m > 
[22mAccessibility 
Features[2m > 
[22mProject Card 
Component[2m > 
[22mshould have proper 
ARIA attributes
[41m[1m FAIL [22m[49m s
rc/test/test-suite-runner.t
est.ts[2m > 
[22mAccessibility 
Features[2m > 
[22mProject Card 
Component[2m > 
[22mshould have proper 
heading structure
[41m[1m FAIL [22m[49m s
rc/test/test-suite-runner.t
est.ts[2m > 
[22mAccessibility 
Features[2m > 
[22mProject Card 
Component[2m > 
[22mshould have 
descriptive image alt text
[41m[1m FAIL [22m[49m s
rc/test/test-suite-runner.t
est.ts[2m > 
[22mAccessibility 
Features[2m > 
[22mProject Card 
Component[2m > 
[22mshould have proper 
link accessibility
[41m[1m FAIL [22m[49m s
rc/test/test-suite-runner.t
est.ts[2m > 
[22mAccessibility 
Features[2m > 
[22mProject Card 
Component[2m > 
[22mshould have 
technologies list with 
proper ARIA
[41m[1m FAIL [22m[49m s
rc/test/test-suite-runner.t
est.ts[2m > 
[22mAccessibility 
Features[2m > 
[22mProject Card 
Component[2m > 
[22mshould have overlay 
marked as decorative
[41m[1m FAIL [22m[49m s
rc/test/test-suite-runner.t
est.ts[2m > 
[22mAccessibility 
Features[2m > 
[22mProject Card 
Component[2m > 
[22mshould have SVG icons 
marked as decorative
[41m[1m FAIL [22m[49m s
rc/test/test-suite-runner.t
est.ts[2m > 
[22mAccessibility 
Features[2m > 
[22mProjects Section 
Component[2m > 
[22mshould have proper 
section labeling
[41m[1m FAIL [22m[49m s
rc/test/test-suite-runner.t
est.ts[2m > 
[22mAccessibility 
Features[2m > 
[22mProjects Section 
Component[2m > 
[22mshould have proper 
heading hierarchy
[41m[1m FAIL [22m[49m s
rc/test/test-suite-runner.t
est.ts[2m > 
[22mAccessibility 
Features[2m > 
[22mProjects Section 
Component[2m > 
[22mshould have projects 
grid as list
[41m[1m FAIL [22m[49m s
rc/test/test-suite-runner.t
est.ts[2m > 
[22mAccessibility 
Features[2m > 
[22mProfile Section 
Component[2m > 
[22mshould have proper 
section labeling
[41m[1m FAIL [22m[49m s
rc/test/test-suite-runner.t
est.ts[2m > 
[22mAccessibility 
Features[2m > 
[22mProfile Section 
Component[2m > 
[22mshould have proper 
heading hierarchy
[41m[1m FAIL [22m[49m s
rc/test/test-suite-runner.t
est.ts[2m > 
[22mAccessibility 
Features[2m > 
[22mProfile Section 
Component[2m > 
[22mshould have role 
description properly linked
[41m[1m FAIL [22m[49m s
rc/test/test-suite-runner.t
est.ts[2m > 
[22mAccessibility 
Features[2m > [22mIntro 
Section Component[2m > 
[22mshould have proper 
section labeling
[41m[1m FAIL [22m[49m s
rc/test/test-suite-runner.t
est.ts[2m > 
[22mAccessibility 
Features[2m > [22mIntro 
Section Component[2m > 
[22mshould have screen 
reader only heading
[41m[1m FAIL [22m[49m s
rc/test/test-suite-runner.t
est.ts[2m > 
[22mAccessibility 
Features[2m > 
[22mKeyboard 
Navigation[2m > 
[22mshould handle Enter 
key on project card
[41m[1m FAIL [22m[49m s
rc/test/test-suite-runner.t
est.ts[2m > 
[22mAccessibility 
Features[2m > 
[22mKeyboard 
Navigation[2m > 
[22mshould handle Tab key 
for focus trapping in modal
[41m[1m FAIL [22m[49m s
rc/test/test-suite-runner.t
est.ts[2m > 
[22mAccessibility 
Features[2m > [22mScreen 
Reader Support[2m > 
[22mshould have proper 
live regions
[41m[1m FAIL [22m[49m s
rc/test/test-suite-runner.t
est.ts[2m > 
[22mAccessibility 
Features[2m > [22mScreen 
Reader Support[2m > 
[22mshould have screen 
reader only content 
properly hidden
[41m[1m FAIL [22m[49m s
rc/test/test-suite-runner.t
est.ts[2m > 
[22mAccessibility 
Features[2m > [22mARIA 
Landmarks and 
Structure[2m > 
[22mshould have proper 
landmark roles
[41m[1m FAIL [22m[49m s
rc/test/test-suite-runner.t
est.ts[2m > 
[22mAccessibility 
Features[2m > [22mARIA 
Landmarks and 
Structure[2m > 
[22mshould have proper 
heading hierarchy
[41m[1m FAIL [22m[49m s
rc/test/test-suite-runner.t
est.ts[2m > 
[22mAccessibility Tests 
with axe-core[2m > 
[22mComplete Portfolio 
Page[2m > [22mshould 
pass axe-core 
accessibility audit
[41m[1m FAIL [22m[49m s
rc/test/test-suite-runner.t
est.ts[2m > 
[22mAccessibility Tests 
with axe-core[2m > 
[22mComplete Portfolio 
Page[2m > [22mshould 
have proper ARIA landmarks
[41m[1m FAIL [22m[49m s
rc/test/test-suite-runner.t
est.ts[2m > 
[22mAccessibility Tests 
with axe-core[2m > 
[22mComplete Portfolio 
Page[2m > [22mshould 
have proper heading 
hierarchy
[41m[1m FAIL [22m[49m s
rc/test/test-suite-runner.t
est.ts[2m > 
[22mAccessibility Tests 
with axe-core[2m > 
[22mComplete Portfolio 
Page[2m > [22mshould 
have proper ARIA attributes
[41m[1m FAIL [22m[49m s
rc/test/test-suite-runner.t
est.ts[2m > 
[22mAccessibility Tests 
with axe-core[2m > 
[22mComplete Portfolio 
Page[2m > [22mshould 
have accessible form 
controls and buttons
[41m[1m FAIL [22m[49m s
rc/test/test-suite-runner.t
est.ts[2m > 
[22mAccessibility Tests 
with axe-core[2m > 
[22mComplete Portfolio 
Page[2m > [22mshould 
have accessible images
[41m[1m FAIL [22m[49m s
rc/test/test-suite-runner.t
est.ts[2m > 
[22mAccessibility Tests 
with axe-core[2m > 
[22mComplete Portfolio 
Page[2m > [22mshould 
have proper list structure
[41m[1m FAIL [22m[49m s
rc/test/test-suite-runner.t
est.ts[2m > 
[22mAccessibility Tests 
with axe-core[2m > 
[22mComplete Portfolio 
Page[2m > [22mshould 
have accessible modal 
dialog
[41m[1m FAIL [22m[49m s
rc/test/test-suite-runner.t
est.ts[2m > 
[22mAccessibility Tests 
with axe-core[2m > 
[22mKeyboard 
Navigation[2m > 
[22mshould have proper 
focus management
[41m[1m FAIL [22m[49m s
rc/test/test-suite-runner.t
est.ts[2m > 
[22mAccessibility Tests 
with axe-core[2m > 
[22mKeyboard 
Navigation[2m > 
[22mshould have focusable 
elements in logical order
[41m[1m FAIL [22m[49m s
rc/test/test-suite-runner.t
est.ts[2m > 
[22mAccessibility Tests 
with axe-core[2m > 
[22mKeyboard 
Navigation[2m > 
[22mshould not have 
elements with positive 
tabindex
[41m[1m FAIL [22m[49m s
rc/test/test-suite-runner.t
est.ts[2m > 
[22mAccessibility Tests 
with axe-core[2m > 
[22mScreen Reader 
Support[2m > [22mshould 
have proper live regions
[41m[1m FAIL [22m[49m s
rc/test/test-suite-runner.t
est.ts[2m > 
[22mAccessibility Tests 
with axe-core[2m > 
[22mScreen Reader 
Support[2m > [22mshould 
have proper screen reader 
only content
[41m[1m FAIL [22m[49m s
rc/test/test-suite-runner.t
est.ts[2m > 
[22mAccessibility Tests 
with axe-core[2m > 
[22mScreen Reader 
Support[2m > [22mshould 
have proper ARIA 
descriptions and labels
[41m[1m FAIL [22m[49m s
rc/test/test-suite-runner.t
est.ts[2m > 
[22mAccessibility Tests 
with axe-core[2m > 
[22mColor and 
Contrast[2m > [22mshould 
pass color contrast 
requirements
[41m[1m FAIL [22m[49m s
rc/test/test-suite-runner.t
est.ts[2m > 
[22mAccessibility Tests 
with axe-core[2m > 
[22mForm and Input 
Accessibility[2m > 
[22mshould have 
accessible form controls
[41m[1m FAIL [22m[49m s
rc/test/test-suite-runner.t
est.ts[2m > 
[22mAccessibility Tests 
with axe-core[2m > 
[22mForm and Input 
Accessibility[2m > 
[22mshould have proper 
fieldset and legend
[41m[1m FAIL [22m[49m s
rc/test/test-suite-runner.t
est.ts[2m > 
[22mAccessibility Tests 
with axe-core[2m > 
[22mDynamic Content 
Accessibility[2m > 
[22mshould handle dynamic 
content updates accessibly
[41m[1m FAIL [22m[49m s
rc/test/test-suite-runner.t
est.ts[2m > 
[22mAccessibility Tests 
with axe-core[2m > 
[22mDynamic Content 
Accessibility[2m > 
[22mshould handle loading 
states accessibly
[41m[1m FAIL [22m[49m s
rc/test/test-suite-runner.t
est.ts[2m > [22mPage 
Rendering Integration[2m 
> [22mComplete Page 
Structure[2m > 
[22mshould have complete 
page structure with all 
sections
[41m[1m FAIL [22m[49m s
rc/test/test-suite-runner.t
est.ts[2m > [22mPage 
Rendering Integration[2m 
> [22mComplete Page 
Structure[2m > 
[22mshould have proper 
heading hierarchy
[41m[1m FAIL [22m[49m s
rc/test/test-suite-runner.t
est.ts[2m > [22mPage 
Rendering Integration[2m 
> [22mComplete Page 
Structure[2m > 
[22mshould have proper 
ARIA landmarks and labels
[41m[1m FAIL [22m[49m s
rc/test/test-suite-runner.t
est.ts[2m > [22mPage 
Rendering Integration[2m 
> [22mComplete Page 
Structure[2m > 
[22mshould have skip link 
for accessibility
[41m[1m FAIL [22m[49m s
rc/test/test-suite-runner.t
est.ts[2m > [22mPage 
Rendering Integration[2m 
> [22mComponent Data 
Flow[2m > [22mshould 
properly connect project 
data to project cards
[41m[1m FAIL [22m[49m s
rc/test/test-suite-runner.t
est.ts[2m > [22mPage 
Rendering Integration[2m 
> [22mComponent Data 
Flow[2m > [22mshould 
have consistent ID 
references
[41m[1m FAIL [22m[49m s
rc/test/test-suite-runner.t
est.ts[2m > [22mPage 
Rendering Integration[2m 
> [22mInteractive 
Elements Integration[2m > 
[22mshould have CV button 
connected to CV viewer
[41m[1m FAIL [22m[49m s
rc/test/test-suite-runner.t
est.ts[2m > [22mPage 
Rendering Integration[2m 
> [22mInteractive 
Elements Integration[2m > 
[22mshould have project 
cards with proper link 
structure
[41m[1m FAIL [22m[49m s
rc/test/test-suite-runner.t
est.ts[2m > [22mPage 
Rendering Integration[2m 
> [22mInteractive 
Elements Integration[2m > 
[22mshould have proper 
focus management setup
[41m[1m FAIL [22m[49m s
rc/test/test-suite-runner.t
est.ts[2m > [22mPage 
Rendering Integration[2m 
> [22mResponsive Design 
Integration[2m > 
[22mshould have 
responsive image attributes
[41m[1m FAIL [22m[49m s
rc/test/test-suite-runner.t
est.ts[2m > [22mPage 
Rendering Integration[2m 
> [22mResponsive Design 
Integration[2m > 
[22mshould have proper 
viewport meta tag
[41m[1m FAIL [22m[49m s
rc/test/test-suite-runner.t
est.ts[2m > [22mPage 
Rendering Integration[2m 
> [22mResponsive Design 
Integration[2m > 
[22mshould have 
responsive grid structure
[41m[1m FAIL [22m[49m s
rc/test/test-suite-runner.t
est.ts[2m > [22mPage 
Rendering Integration[2m 
> [22mSEO and Meta Tags 
Integration[2m > 
[22mshould have proper 
document head structure
[41m[1m FAIL [22m[49m s
rc/test/test-suite-runner.t
est.ts[2m > [22mPage 
Rendering Integration[2m 
> [22mSEO and Meta Tags 
Integration[2m > 
[22mshould have semantic 
HTML structure
[41m[1m FAIL [22m[49m s
rc/test/test-suite-runner.t
est.ts[2m > [22mPage 
Rendering Integration[2m 
> [22mSEO and Meta Tags 
Integration[2m > 
[22mshould have proper 
language attribute
[41m[1m FAIL [22m[49m s
rc/test/test-suite-runner.t
est.ts[2m > [22mPage 
Rendering Integration[2m 
> [22mPerformance 
Optimization 
Integration[2m > 
[22mshould have lazy 
loading setup for images
[41m[1m FAIL [22m[49m s
rc/test/test-suite-runner.t
est.ts[2m > [22mPage 
Rendering Integration[2m 
> [22mPerformance 
Optimization 
Integration[2m > 
[22mshould have proper 
resource hints in head
[41m[1m FAIL [22m[49m s
rc/test/test-suite-runner.t
est.ts[2m > [22mPage 
Rendering Integration[2m 
> [22mError Handling 
Integration[2m > 
[22mshould handle missing 
images gracefully
[41m[1m FAIL [22m[49m s
rc/test/test-suite-runner.t
est.ts[2m > [22mPage 
Rendering Integration[2m 
> [22mError Handling 
Integration[2m > 
[22mshould handle missing 
content gracefully
[41m[1m FAIL [22m[49m s
rc/test/test-suite-runner.t
est.ts[2m > [22mPage 
Rendering Integration[2m 
> [22mAnimation and 
Interaction 
Integration[2m > 
[22mshould have proper 
CSS classes for animations
[41m[1m FAIL [22m[49m s
rc/test/test-suite-runner.t
est.ts[2m > [22mPage 
Rendering Integration[2m 
> [22mAnimation and 
Interaction 
Integration[2m > 
[22mshould respect 
reduced motion preferences
[41m[1m FAIL [22m[49m s
rc/test/test-suite-runner.t
est.ts[2m > [22mPage 
Rendering Integration[2m 
> [22mCross-Component 
Communication[2m > 
[22mshould have 
consistent theme and 
styling across components
[41m[1m FAIL [22m[49m s
rc/test/test-suite-runner.t
est.ts[2m > [22mPage 
Rendering Integration[2m 
> [22mCross-Component 
Communication[2m > 
[22mshould have proper 
event delegation setup
[41m[1m FAIL [22m[49m s
rc/test/test-suite-runner.t
est.ts[2m > [22mPage 
Rendering Integration[2m 
> [22mContent Validation 
Integration[2m > 
[22mshould have valid 
project data structure in 
DOM
[41m[1m FAIL [22m[49m s
rc/test/test-suite-runner.t
est.ts[2m > [22mPage 
Rendering Integration[2m 
> [22mContent Validation 
Integration[2m > 
[22mshould have 
consistent data between 
sections
[41m[1m FAIL [22m[49m s
rc/test/test-suite-runner.t
est.ts[2m > [22mVisual 
Regression Tests[2m > 
[22mResponsive Layout 
Tests[2m > [22mshould 
render correctly on mobile 
viewport
[41m[1m FAIL [22m[49m s
rc/test/test-suite-runner.t
est.ts[2m > [22mVisual 
Regression Tests[2m > 
[22mResponsive Layout 
Tests[2m > [22mshould 
render correctly on tablet 
viewport
[41m[1m FAIL [22m[49m s
rc/test/test-suite-runner.t
est.ts[2m > [22mVisual 
Regression Tests[2m > 
[22mResponsive Layout 
Tests[2m > [22mshould 
render correctly on 
desktop viewport
[41m[1m FAIL [22m[49m s
rc/test/test-suite-runner.t
est.ts[2m > [22mVisual 
Regression Tests[2m > 
[22mComponent State 
Visual Tests[2m > 
[22mshould render project 
card in default state
[41m[1m FAIL [22m[49m s
rc/test/test-suite-runner.t
est.ts[2m > [22mVisual 
Regression Tests[2m > 
[22mComponent State 
Visual Tests[2m > 
[22mshould render project 
card in hover state
[41m[1m FAIL [22m[49m s
rc/test/test-suite-runner.t
est.ts[2m > [22mVisual 
Regression Tests[2m > 
[22mComponent State 
Visual Tests[2m > 
[22mshould render button 
in different states
[41m[1m FAIL [22m[49m s
rc/test/test-suite-runner.t
est.ts[2m > [22mVisual 
Regression Tests[2m > 
[22mComponent State 
Visual Tests[2m > 
[22mshould render modal 
in closed state
[41m[1m FAIL [22m[49m s
rc/test/test-suite-runner.t
est.ts[2m > [22mVisual 
Regression Tests[2m > 
[22mComponent State 
Visual Tests[2m > 
[22mshould render modal 
in open state
[41m[1m FAIL [22m[49m s
rc/test/test-suite-runner.t
est.ts[2m > [22mVisual 
Regression Tests[2m > 
[22mTypography and 
Spacing Tests[2m > 
[22mshould have 
consistent typography 
hierarchy
[41m[1m FAIL [22m[49m s
rc/test/test-suite-runner.t
est.ts[2m > [22mVisual 
Regression Tests[2m > 
[22mTypography and 
Spacing Tests[2m > 
[22mshould maintain 
proper spacing between 
elements
[41m[1m FAIL [22m[49m s
rc/test/test-suite-runner.t
est.ts[2m > [22mVisual 
Regression Tests[2m > 
[22mColor and Theme 
Tests[2m > [22mshould 
apply consistent color 
scheme
[41m[1m FAIL [22m[49m s
rc/test/test-suite-runner.t
est.ts[2m > [22mVisual 
Regression Tests[2m > 
[22mColor and Theme 
Tests[2m > [22mshould 
handle dark mode if 
implemented
[41m[1m FAIL [22m[49m s
rc/test/test-suite-runner.t
est.ts[2m > [22mVisual 
Regression Tests[2m > 
[22mAnimation and 
Transition Tests[2m > 
[22mshould respect 
reduced motion preferences
[41m[1m FAIL [22m[49m s
rc/test/test-suite-runner.t
est.ts[2m > [22mVisual 
Regression Tests[2m > 
[22mAnimation and 
Transition Tests[2m > 
[22mshould handle 
animation states correctly
[41m[1m FAIL [22m[49m s
rc/test/test-suite-runner.t
est.ts[2m > [22mVisual 
Regression Tests[2m > 
[22mPrint Styles 
Tests[2m > [22mshould 
have print-friendly 
structure
[41m[1m FAIL [22m[49m s
rc/test/test-suite-runner.t
est.ts[2m > 
[22mComprehensive Test 
Suite[2m > [22mUnit 
Tests[2m > [22mshould 
run all utility function 
tests
[41m[1m FAIL [22m[49m s
rc/test/test-suite-runner.t
est.ts[2m > 
[22mComprehensive Test 
Suite[2m > 
[22mIntegration Tests[2m 
> [22mshould run all 
integration tests
[41m[1m FAIL [22m[49m s
rc/test/test-suite-runner.t
est.ts[2m > 
[22mComprehensive Test 
Suite[2m > 
[22mAccessibility 
Tests[2m > [22mshould 
run all accessibility tests
[41m[1m FAIL [22m[49m s
rc/test/test-suite-runner.t
est.ts[2m > 
[22mComprehensive Test 
Suite[2m > [22mVisual 
Regression Tests[2m > 
[22mshould run all visual 
tests
[41m[1m FAIL [22m[49m s
rc/test/test-suite-runner.t
est.ts[2m > 
[22mComprehensive Test 
Suite[2m > [22mComponent 
Tests[2m > [22mshould 
run all component tests
[41m[1m FAIL [22m[49m s
rc/test/test-suite-runner.t
est.ts[2m > 
[22mComprehensive Test 
Suite[2m > [22mTest 
Coverage Requirements[2m 
> [22mshould meet minimum 
coverage thresholds
[41m[1m FAIL [22m[49m s
rc/test/test-suite-runner.t
est.ts[2m > 
[22mComprehensive Test 
Suite[2m > [22mTest 
Coverage Requirements[2m 
> [22mshould test all 
critical user paths
[41m[1m FAIL [22m[49m s
rc/test/test-suite-runner.t
est.ts[2m > 
[22mComprehensive Test 
Suite[2m > 
[22mPerformance Test 
Requirements[2m > 
[22mshould validate 
performance budgets
[41m[1m FAIL [22m[49m s
rc/test/test-suite-runner.t
est.ts[2m > 
[22mComprehensive Test 
Suite[2m > [22mSecurity 
Test Requirements[2m > 
[22mshould validate 
security measures
[41m[1m FAIL [22m[49m s
rc/test/test-suite-runner.t
est.ts[2m > 
[22mComprehensive Test 
Suite[2m > [22mBrowser 
Compatibility[2m > 
[22mshould support target 
browsers
[41m[1m FAIL [22m[49m s
rc/test/test-suite-runner.t
est.ts[2m > 
[22mComprehensive Test 
Suite[2m > [22mTest 
Environment Validation[2m 
> [22mshould have proper 
test environment setup
[41m[1m FAIL [22m[49m s
rc/test/test-suite-runner.t
est.ts[2m > 
[22mComprehensive Test 
Suite[2m > [22mTest 
Environment Validation[2m 
> [22mshould have all 
required test utilities
[31m[1mTypeError[22m: 
Cannot read properties of 
undefined (reading 
'window')[39m
[36m [2mÔØ»[22m src/test
/visual-regression.test.ts:
[2m118:7[22m[39m
    [90m116| [39m
    [90m117| [39m[34maft
erEach[39m(() 
[33m=>[39m {
    [90m118| [39m  dom[3
3m.[39mwindow[33m.[39m[
34mclose[39m()[33m;[39m
    [90m   | [39m      
[31m^[39m
    [90m119| [39m  vi[33
m.[39m[34mclearAllMocks[
39m()[33m;[39m
    [90m120| 
[39m})[33m;[39m

[31m[2mÔÄ»ÔÄ»ÔÄ»ÔÄ»ÔÄ»ÔÄ»
ÔÄ»ÔÄ»ÔÄ»ÔÄ»ÔÄ»ÔÄ»ÔÄ»ÔÄ»ÔÄ»
ÔÄ»ÔÄ»ÔÄ»ÔÄ»ÔÄ»ÔÄ»[26/503]Ô
Ä»[22m[39m

[41m[1m FAIL [22m[49m s
rc/test/test-suite-runner.t
est.ts[2m > 
[22mPerformance Utility 
Functions[2m > 
[22mLazyImageLoader[2m > 
[22mshould initialize 
with IntersectionObserver 
when available
[41m[1m FAIL [22m[49m s
rc/test/test-suite-runner.t
est.ts[2m > 
[22mPerformance Utility 
Functions[2m > 
[22mLazyImageLoader[2m > 
[22mshould observe images 
with data-src attribute
[41m[1m FAIL [22m[49m s
rc/test/test-suite-runner.t
est.ts[2m > 
[22mPerformance Utility 
Functions[2m > 
[22mLazyImageLoader[2m > 
[22mshould load image 
immediately when 
IntersectionObserver is 
not available
[41m[1m FAIL [22m[49m s
rc/test/test-suite-runner.t
est.ts[2m > 
[22mPerformance Utility 
Functions[2m > 
[22mLazyImageLoader[2m > 
[22mshould handle images 
without data-src
[41m[1m FAIL [22m[49m s
rc/test/test-suite-runner.t
est.ts[2m > 
[22mPerformance Utility 
Functions[2m > 
[22mLazyImageLoader[2m > 
[22mshould disconnect 
observer properly
[41m[1m FAIL [22m[49m s
rc/test/utils-performance.t
est.ts[2m > 
[22mPerformance Utility 
Functions[2m > 
[22mLazyImageLoader[2m > 
[22mshould initialize 
with IntersectionObserver 
when available
[41m[1m FAIL [22m[49m s
rc/test/utils-performance.t
est.ts[2m > 
[22mPerformance Utility 
Functions[2m > 
[22mLazyImageLoader[2m > 
[22mshould observe images 
with data-src attribute
[41m[1m FAIL [22m[49m s
rc/test/utils-performance.t
est.ts[2m > 
[22mPerformance Utility 
Functions[2m > 
[22mLazyImageLoader[2m > 
[22mshould load image 
immediately when 
IntersectionObserver is 
not available
[41m[1m FAIL [22m[49m s
rc/test/utils-performance.t
est.ts[2m > 
[22mPerformance Utility 
Functions[2m > 
[22mLazyImageLoader[2m > 
[22mshould handle images 
without data-src
[41m[1m FAIL [22m[49m s
rc/test/utils-performance.t
est.ts[2m > 
[22mPerformance Utility 
Functions[2m > 
[22mLazyImageLoader[2m > 
[22mshould disconnect 
observer properly
[31m[1mTypeError[22m: 
Cannot read properties of 
undefined (reading 
'disconnect')[39m
[36m [2mÔØ»[22m src/test
/utils-performance.test.ts:
[2m114:14[22m[39m
    [90m112| [39m
    [90m113| [39m    
[34mafterEach[39m(() 
[33m=>[39m {
    [90m114| [39m      lo
ader[33m.[39m[34mdisconn
ect[39m()[33m;[39m
    [90m   | [39m        
     [31m^[39m
    [90m115| [39m    
})[33m;[39m
    [90m116| [39m

[31m[2mÔÄ»ÔÄ»ÔÄ»ÔÄ»ÔÄ»ÔÄ»
ÔÄ»ÔÄ»ÔÄ»ÔÄ»ÔÄ»ÔÄ»ÔÄ»ÔÄ»ÔÄ»
ÔÄ»ÔÄ»ÔÄ»ÔÄ»ÔÄ»ÔÄ»[27/503]Ô
Ä»[22m[39m

[41m[1m FAIL [22m[49m s
rc/test/test-suite-runner.t
est.ts[2m > 
[22mPerformance Utility 
Functions[2m > 
[22mResourcePreloader[2m 
> [22mpreloadImage[2m > 
[22mshould create preload 
link for image
[41m[1m FAIL [22m[49m s
rc/test/test-suite-runner.t
est.ts[2m > 
[22mPerformance Utility 
Functions[2m > 
[22mResourcePreloader[2m 
> [22mpreloadImage[2m > 
[22mshould not preload 
same image twice
[41m[1m FAIL [22m[49m s
rc/test/test-suite-runner.t
est.ts[2m > 
[22mPerformance Utility 
Functions[2m > 
[22mResourcePreloader[2m 
> [22mpreloadImage[2m > 
[22mshould handle preload 
errors
[41m[1m FAIL [22m[49m s
rc/test/test-suite-runner.t
est.ts[2m > 
[22mPerformance Utility 
Functions[2m > 
[22mResourcePreloader[2m 
> [22mpreloadFont[2m > 
[22mshould create preload 
link for font
[41m[1m FAIL [22m[49m s
rc/test/test-suite-runner.t
est.ts[2m > 
[22mPerformance Utility 
Functions[2m > 
[22mResourcePreloader[2m 
> [22mpreloadFont[2m > 
[22mshould not preload 
same font twice
[41m[1m FAIL [22m[49m s
rc/test/test-suite-runner.t
est.ts[2m > 
[22mPerformance Utility 
Functions[2m > 
[22mResourcePreloader[2m 
> [22mpreloadScript[2m > 
[22mshould create 
modulepreload link for 
script
[41m[1m FAIL [22m[49m s
rc/test/test-suite-runner.t
est.ts[2m > 
[22mPerformance Utility 
Functions[2m > [22mPerfor
manceMonitor[2m > 
[22mmark[2m > 
[22mshould create 
performance mark when 
available
[41m[1m FAIL [22m[49m s
rc/test/test-suite-runner.t
est.ts[2m > 
[22mPerformance Utility 
Functions[2m > [22mPerfor
manceMonitor[2m > 
[22mmark[2m > 
[22mshould fallback to 
timestamp when 
performance.mark is not 
available
[41m[1m FAIL [22m[49m s
rc/test/test-suite-runner.t
est.ts[2m > 
[22mPerformance Utility 
Functions[2m > [22mPerfor
manceMonitor[2m > 
[22mmeasure[2m > 
[22mshould create 
performance measure when 
available
[41m[1m FAIL [22m[49m s
rc/test/test-suite-runner.t
est.ts[2m > 
[22mPerformance Utility 
Functions[2m > [22mPerfor
manceMonitor[2m > 
[22mmeasure[2m > 
[22mshould fallback to 
manual calculation
[41m[1m FAIL [22m[49m s
rc/test/test-suite-runner.t
est.ts[2m > 
[22mPerformance Utility 
Functions[2m > [22mPerfor
manceMonitor[2m > 
[22mmeasure[2m > 
[22mshould handle 
measurement errors 
gracefully
[41m[1m FAIL [22m[49m s
rc/test/test-suite-runner.t
est.ts[2m > 
[22mPerformance Utility 
Functions[2m > [22mPerfor
manceMonitor[2m > 
[22mgetMetrics[2m > 
[22mshould return 
performance metrics when 
available
[41m[1m FAIL [22m[49m s
rc/test/test-suite-runner.t
est.ts[2m > 
[22mPerformance Utility 
Functions[2m > [22mPerfor
manceMonitor[2m > 
[22mgetMetrics[2m > 
[22mshould handle missing 
performance API gracefully
[41m[1m FAIL [22m[49m s
rc/test/test-suite-runner.t
est.ts[2m > 
[22mPerformance Utility 
Functions[2m > 
[22moptimizeBundle[2m > 
[22mimportComponent[2m > 
[22mshould import 
component successfully
[41m[1m FAIL [22m[49m s
rc/test/test-suite-runner.t
est.ts[2m > 
[22mPerformance Utility 
Functions[2m > 
[22moptimizeBundle[2m > 
[22mimportComponent[2m > 
[22mshould handle import 
errors gracefully
[41m[1m FAIL [22m[49m s
rc/test/test-suite-runner.t
est.ts[2m > 
[22mPerformance Utility 
Functions[2m > 
[22moptimizeBundle[2m > 
[22mshouldLoadFeature[2m 
> [22mshould respect 
reduced motion preference 
for animations
[41m[1m FAIL [22m[49m s
rc/test/test-suite-runner.t
est.ts[2m > 
[22mPerformance Utility 
Functions[2m > 
[22moptimizeBundle[2m > 
[22mshouldLoadFeature[2m 
> [22mshould check 
connection type for heavy 
components
[41m[1m FAIL [22m[49m s
rc/test/test-suite-runner.t
est.ts[2m > 
[22mPerformance Utility 
Functions[2m > 
[22moptimizeBundle[2m > 
[22mshouldLoadFeature[2m 
> [22mshould check device 
memory for heavy components
[41m[1m FAIL [22m[49m s
rc/test/test-suite-runner.t
est.ts[2m > 
[22mPerformance Utility 
Functions[2m > 
[22moptimizeBundle[2m > 
[22mshouldLoadFeature[2m 
> [22mshould allow 
features on capable devices
[41m[1m FAIL [22m[49m s
rc/test/test-suite-runner.t
est.ts[2m > 
[22mPerformance Utility 
Functions[2m > 
[22moptimizeBundle[2m > 
[22mremoveUnusedFeatures[2
m > [22mshould remove 
elements marked as unused
[41m[1m FAIL [22m[49m s
rc/test/test-suite-runner.t
est.ts[2m > 
[22mPerformance Utility 
Functions[2m > 
[22moptimizeBundle[2m > 
[22mremoveUnusedFeatures[2
m > [22mshould clean up 
development globals in 
production
[41m[1m FAIL [22m[49m s
rc/test/utils-performance.t
est.ts[2m > 
[22mPerformance Utility 
Functions[2m > 
[22mResourcePreloader[2m 
> [22mpreloadImage[2m > 
[22mshould create preload 
link for image
[41m[1m FAIL [22m[49m s
rc/test/utils-performance.t
est.ts[2m > 
[22mPerformance Utility 
Functions[2m > 
[22mResourcePreloader[2m 
> [22mpreloadImage[2m > 
[22mshould not preload 
same image twice
[41m[1m FAIL [22m[49m s
rc/test/utils-performance.t
est.ts[2m > 
[22mPerformance Utility 
Functions[2m > 
[22mResourcePreloader[2m 
> [22mpreloadImage[2m > 
[22mshould handle preload 
errors
[41m[1m FAIL [22m[49m s
rc/test/utils-performance.t
est.ts[2m > 
[22mPerformance Utility 
Functions[2m > 
[22mResourcePreloader[2m 
> [22mpreloadFont[2m > 
[22mshould create preload 
link for font
[41m[1m FAIL [22m[49m s
rc/test/utils-performance.t
est.ts[2m > 
[22mPerformance Utility 
Functions[2m > 
[22mResourcePreloader[2m 
> [22mpreloadFont[2m > 
[22mshould not preload 
same font twice
[41m[1m FAIL [22m[49m s
rc/test/utils-performance.t
est.ts[2m > 
[22mPerformance Utility 
Functions[2m > 
[22mResourcePreloader[2m 
> [22mpreloadScript[2m > 
[22mshould create 
modulepreload link for 
script
[41m[1m FAIL [22m[49m s
rc/test/utils-performance.t
est.ts[2m > 
[22mPerformance Utility 
Functions[2m > [22mPerfor
manceMonitor[2m > 
[22mmark[2m > 
[22mshould create 
performance mark when 
available
[41m[1m FAIL [22m[49m s
rc/test/utils-performance.t
est.ts[2m > 
[22mPerformance Utility 
Functions[2m > [22mPerfor
manceMonitor[2m > 
[22mmark[2m > 
[22mshould fallback to 
timestamp when 
performance.mark is not 
available
[41m[1m FAIL [22m[49m s
rc/test/utils-performance.t
est.ts[2m > 
[22mPerformance Utility 
Functions[2m > [22mPerfor
manceMonitor[2m > 
[22mmeasure[2m > 
[22mshould create 
performance measure when 
available
[41m[1m FAIL [22m[49m s
rc/test/utils-performance.t
est.ts[2m > 
[22mPerformance Utility 
Functions[2m > [22mPerfor
manceMonitor[2m > 
[22mmeasure[2m > 
[22mshould fallback to 
manual calculation
[41m[1m FAIL [22m[49m s
rc/test/utils-performance.t
est.ts[2m > 
[22mPerformance Utility 
Functions[2m > [22mPerfor
manceMonitor[2m > 
[22mmeasure[2m > 
[22mshould handle 
measurement errors 
gracefully
[41m[1m FAIL [22m[49m s
rc/test/utils-performance.t
est.ts[2m > 
[22mPerformance Utility 
Functions[2m > [22mPerfor
manceMonitor[2m > 
[22mgetMetrics[2m > 
[22mshould return 
performance metrics when 
available
[41m[1m FAIL [22m[49m s
rc/test/utils-performance.t
est.ts[2m > 
[22mPerformance Utility 
Functions[2m > [22mPerfor
manceMonitor[2m > 
[22mgetMetrics[2m > 
[22mshould handle missing 
performance API gracefully
[41m[1m FAIL [22m[49m s
rc/test/utils-performance.t
est.ts[2m > 
[22mPerformance Utility 
Functions[2m > 
[22moptimizeBundle[2m > 
[22mimportComponent[2m > 
[22mshould import 
component successfully
[41m[1m FAIL [22m[49m s
rc/test/utils-performance.t
est.ts[2m > 
[22mPerformance Utility 
Functions[2m > 
[22moptimizeBundle[2m > 
[22mimportComponent[2m > 
[22mshould handle import 
errors gracefully
[41m[1m FAIL [22m[49m s
rc/test/utils-performance.t
est.ts[2m > 
[22mPerformance Utility 
Functions[2m > 
[22moptimizeBundle[2m > 
[22mshouldLoadFeature[2m 
> [22mshould respect 
reduced motion preference 
for animations
[41m[1m FAIL [22m[49m s
rc/test/utils-performance.t
est.ts[2m > 
[22mPerformance Utility 
Functions[2m > 
[22moptimizeBundle[2m > 
[22mshouldLoadFeature[2m 
> [22mshould check 
connection type for heavy 
components
[41m[1m FAIL [22m[49m s
rc/test/utils-performance.t
est.ts[2m > 
[22mPerformance Utility 
Functions[2m > 
[22moptimizeBundle[2m > 
[22mshouldLoadFeature[2m 
> [22mshould check device 
memory for heavy components
[41m[1m FAIL [22m[49m s
rc/test/utils-performance.t
est.ts[2m > 
[22mPerformance Utility 
Functions[2m > 
[22moptimizeBundle[2m > 
[22mshouldLoadFeature[2m 
> [22mshould allow 
features on capable devices
[41m[1m FAIL [22m[49m s
rc/test/utils-performance.t
est.ts[2m > 
[22mPerformance Utility 
Functions[2m > 
[22moptimizeBundle[2m > 
[22mremoveUnusedFeatures[2
m > [22mshould remove 
elements marked as unused
[41m[1m FAIL [22m[49m s
rc/test/utils-performance.t
est.ts[2m > 
[22mPerformance Utility 
Functions[2m > 
[22moptimizeBundle[2m > 
[22mremoveUnusedFeatures[2
m > [22mshould clean up 
development globals in 
production
[31m[1mTypeError[22m: 
Cannot set property 
performance of #<Window> 
which has only a 
getter[39m
[36m [2mÔØ»[22m src/test
/utils-performance.test.ts:
[2m54:14[22m[39m
    [90m 52| [39m
    [90m 53| [39m  
[90m// Mock performance 
API[39m
    [90m 54| [39m  mockWi
ndow[33m.[39mperformance 
[33m=[39m {
    [90m   | [39m        
     [31m^[39m
    [90m 55| [39m    
mark[33m:[39m vi[33m.[3
9m[34mfn[39m()[33m,[39m
    [90m 56| [39m    
measure[33m:[39m vi[33m.
[39m[34mfn[39m()[33m,[
39m

[31m[2mÔÄ»ÔÄ»ÔÄ»ÔÄ»ÔÄ»ÔÄ»
ÔÄ»ÔÄ»ÔÄ»ÔÄ»ÔÄ»ÔÄ»ÔÄ»ÔÄ»ÔÄ»
ÔÄ»ÔÄ»ÔÄ»ÔÄ»ÔÄ»ÔÄ»[28/503]Ô
Ä»[22m[39m

[41m[1m FAIL [22m[49m s
rc/test/test-suite-runner.t
est.ts[2m > 
[22mPerformance Utility 
Functions[2m > 
[22mResourcePreloader[2m 
> [22mpreloadImage[2m > 
[22mshould create preload 
link for image
[41m[1m FAIL [22m[49m s
rc/test/test-suite-runner.t
est.ts[2m > 
[22mPerformance Utility 
Functions[2m > 
[22mResourcePreloader[2m 
> [22mpreloadImage[2m > 
[22mshould not preload 
same image twice
[41m[1m FAIL [22m[49m s
rc/test/test-suite-runner.t
est.ts[2m > 
[22mPerformance Utility 
Functions[2m > 
[22mResourcePreloader[2m 
> [22mpreloadImage[2m > 
[22mshould handle preload 
errors
[41m[1m FAIL [22m[49m s
rc/test/test-suite-runner.t
est.ts[2m > 
[22mPerformance Utility 
Functions[2m > 
[22mResourcePreloader[2m 
> [22mpreloadFont[2m > 
[22mshould create preload 
link for font
[41m[1m FAIL [22m[49m s
rc/test/test-suite-runner.t
est.ts[2m > 
[22mPerformance Utility 
Functions[2m > 
[22mResourcePreloader[2m 
> [22mpreloadFont[2m > 
[22mshould not preload 
same font twice
[41m[1m FAIL [22m[49m s
rc/test/test-suite-runner.t
est.ts[2m > 
[22mPerformance Utility 
Functions[2m > 
[22mResourcePreloader[2m 
> [22mpreloadScript[2m > 
[22mshould create 
modulepreload link for 
script
[41m[1m FAIL [22m[49m s
rc/test/test-suite-runner.t
est.ts[2m > 
[22mPerformance Utility 
Functions[2m > [22mPerfor
manceMonitor[2m > 
[22mmark[2m > 
[22mshould create 
performance mark when 
available
[41m[1m FAIL [22m[49m s
rc/test/test-suite-runner.t
est.ts[2m > 
[22mPerformance Utility 
Functions[2m > [22mPerfor
manceMonitor[2m > 
[22mmark[2m > 
[22mshould fallback to 
timestamp when 
performance.mark is not 
available
[41m[1m FAIL [22m[49m s
rc/test/test-suite-runner.t
est.ts[2m > 
[22mPerformance Utility 
Functions[2m > [22mPerfor
manceMonitor[2m > 
[22mmeasure[2m > 
[22mshould create 
performance measure when 
available
[41m[1m FAIL [22m[49m s
rc/test/test-suite-runner.t
est.ts[2m > 
[22mPerformance Utility 
Functions[2m > [22mPerfor
manceMonitor[2m > 
[22mmeasure[2m > 
[22mshould fallback to 
manual calculation
[41m[1m FAIL [22m[49m s
rc/test/test-suite-runner.t
est.ts[2m > 
[22mPerformance Utility 
Functions[2m > [22mPerfor
manceMonitor[2m > 
[22mmeasure[2m > 
[22mshould handle 
measurement errors 
gracefully
[41m[1m FAIL [22m[49m s
rc/test/test-suite-runner.t
est.ts[2m > 
[22mPerformance Utility 
Functions[2m > [22mPerfor
manceMonitor[2m > 
[22mgetMetrics[2m > 
[22mshould return 
performance metrics when 
available
[41m[1m FAIL [22m[49m s
rc/test/test-suite-runner.t
est.ts[2m > 
[22mPerformance Utility 
Functions[2m > [22mPerfor
manceMonitor[2m > 
[22mgetMetrics[2m > 
[22mshould handle missing 
performance API gracefully
[41m[1m FAIL [22m[49m s
rc/test/test-suite-runner.t
est.ts[2m > 
[22mPerformance Utility 
Functions[2m > 
[22moptimizeBundle[2m > 
[22mimportComponent[2m > 
[22mshould import 
component successfully
[41m[1m FAIL [22m[49m s
rc/test/test-suite-runner.t
est.ts[2m > 
[22mPerformance Utility 
Functions[2m > 
[22moptimizeBundle[2m > 
[22mimportComponent[2m > 
[22mshould handle import 
errors gracefully
[41m[1m FAIL [22m[49m s
rc/test/test-suite-runner.t
est.ts[2m > 
[22mPerformance Utility 
Functions[2m > 
[22moptimizeBundle[2m > 
[22mshouldLoadFeature[2m 
> [22mshould respect 
reduced motion preference 
for animations
[41m[1m FAIL [22m[49m s
rc/test/test-suite-runner.t
est.ts[2m > 
[22mPerformance Utility 
Functions[2m > 
[22moptimizeBundle[2m > 
[22mshouldLoadFeature[2m 
> [22mshould check 
connection type for heavy 
components
[41m[1m FAIL [22m[49m s
rc/test/test-suite-runner.t
est.ts[2m > 
[22mPerformance Utility 
Functions[2m > 
[22moptimizeBundle[2m > 
[22mshouldLoadFeature[2m 
> [22mshould check device 
memory for heavy components
[41m[1m FAIL [22m[49m s
rc/test/test-suite-runner.t
est.ts[2m > 
[22mPerformance Utility 
Functions[2m > 
[22moptimizeBundle[2m > 
[22mshouldLoadFeature[2m 
> [22mshould allow 
features on capable devices
[41m[1m FAIL [22m[49m s
rc/test/test-suite-runner.t
est.ts[2m > 
[22mPerformance Utility 
Functions[2m > 
[22moptimizeBundle[2m > 
[22mremoveUnusedFeatures[2
m > [22mshould remove 
elements marked as unused
[41m[1m FAIL [22m[49m s
rc/test/test-suite-runner.t
est.ts[2m > 
[22mPerformance Utility 
Functions[2m > 
[22moptimizeBundle[2m > 
[22mremoveUnusedFeatures[2
m > [22mshould clean up 
development globals in 
production
[31m[1mTypeError[22m: 
Cannot read properties of 
undefined (reading 
'window')[39m
[36m [2mÔØ»[22m src/test
/visual-regression.test.ts:
[2m118:7[22m[39m
    [90m116| [39m
    [90m117| [39m[34maft
erEach[39m(() 
[33m=>[39m {
    [90m118| [39m  dom[3
3m.[39mwindow[33m.[39m[
34mclose[39m()[33m;[39m
    [90m   | [39m      
[31m^[39m
    [90m119| [39m  vi[33
m.[39m[34mclearAllMocks[
39m()[33m;[39m
    [90m120| 
[39m})[33m;[39m

[31m[2mÔÄ»ÔÄ»ÔÄ»ÔÄ»ÔÄ»ÔÄ»
ÔÄ»ÔÄ»ÔÄ»ÔÄ»ÔÄ»ÔÄ»ÔÄ»ÔÄ»ÔÄ»
ÔÄ»ÔÄ»ÔÄ»ÔÄ»ÔÄ»ÔÄ»[29/503]Ô
Ä»[22m[39m


[2m Test Files [22m [1m[31m7 failed[39m[22m[2m | [22m[1m[32m13 passed[39m[22m[90m (20)[39m
[2m      Tests [22m [1m[31m288 failed[39m[22m[2m | [22m[1m[32m301 passed[39m[22m[90m (589)[39m
[2m   Start at [22m 08:21:26
[2m   Duration [22m 2.55s[2m (transform 1.86s, setup 696ms, collect 5.06s, tests 3.36s, environment 16.48s, prepare 3.59s)[22m

